Archive member included to satisfy reference by file (symbol)

c:/progra~2/gnutoo~1/50a5a~1.420/bin/../lib/gcc/arm-none-eabi/5.4.1/armv7-m\libgcc.a(_arm_addsubsf3.o)
                              CMakeFiles/stm32driver.elf.dir/Core/Src/User/motor.c.obj (__aeabi_fadd)
c:/progra~2/gnutoo~1/50a5a~1.420/bin/../lib/gcc/arm-none-eabi/5.4.1/armv7-m\libgcc.a(_arm_muldivsf3.o)
                              CMakeFiles/stm32driver.elf.dir/Core/Src/User/motor.c.obj (__aeabi_fmul)
c:/progra~2/gnutoo~1/50a5a~1.420/bin/../lib/gcc/arm-none-eabi/5.4.1/armv7-m\libgcc.a(_arm_fixsfsi.o)
                              CMakeFiles/stm32driver.elf.dir/Core/Src/User/motor.c.obj (__aeabi_f2iz)
c:/progra~2/gnutoo~1/50a5a~1.420/bin/../lib/gcc/arm-none-eabi/5.4.1/../../../../arm-none-eabi/lib/armv7-m\libg.a(lib_a-errno.o)
                              CMakeFiles/stm32driver.elf.dir/Core/Src/syscalls.c.obj (__errno)
c:/progra~2/gnutoo~1/50a5a~1.420/bin/../lib/gcc/arm-none-eabi/5.4.1/../../../../arm-none-eabi/lib/armv7-m\libg.a(lib_a-exit.o)
                              c:/progra~2/gnutoo~1/50a5a~1.420/bin/../lib/gcc/arm-none-eabi/5.4.1/../../../../arm-none-eabi/lib/armv7-m/crt0.o (exit)
c:/progra~2/gnutoo~1/50a5a~1.420/bin/../lib/gcc/arm-none-eabi/5.4.1/../../../../arm-none-eabi/lib/armv7-m\libg.a(lib_a-impure.o)
                              c:/progra~2/gnutoo~1/50a5a~1.420/bin/../lib/gcc/arm-none-eabi/5.4.1/../../../../arm-none-eabi/lib/armv7-m\libg.a(lib_a-exit.o) (_global_impure_ptr)
c:/progra~2/gnutoo~1/50a5a~1.420/bin/../lib/gcc/arm-none-eabi/5.4.1/../../../../arm-none-eabi/lib/armv7-m\libg.a(lib_a-init.o)
                              c:/progra~2/gnutoo~1/50a5a~1.420/bin/../lib/gcc/arm-none-eabi/5.4.1/../../../../arm-none-eabi/lib/armv7-m/crt0.o (__libc_init_array)
c:/progra~2/gnutoo~1/50a5a~1.420/bin/../lib/gcc/arm-none-eabi/5.4.1/../../../../arm-none-eabi/lib/armv7-m\libg.a(lib_a-memcpy.o)
                              CMakeFiles/stm32driver.elf.dir/Middlewares/Third_Party/FreeRTOS/Source/CMSIS_RTOS_V2/cmsis_os2.c.obj (memcpy)
c:/progra~2/gnutoo~1/50a5a~1.420/bin/../lib/gcc/arm-none-eabi/5.4.1/../../../../arm-none-eabi/lib/armv7-m\libg.a(lib_a-memset.o)
                              c:/progra~2/gnutoo~1/50a5a~1.420/bin/../lib/gcc/arm-none-eabi/5.4.1/../../../../arm-none-eabi/lib/armv7-m/crt0.o (memset)
c:/progra~2/gnutoo~1/50a5a~1.420/bin/../lib/gcc/arm-none-eabi/5.4.1/../../../../arm-none-eabi/lib/armv7-m\libg.a(lib_a-__call_atexit.o)
                              c:/progra~2/gnutoo~1/50a5a~1.420/bin/../lib/gcc/arm-none-eabi/5.4.1/../../../../arm-none-eabi/lib/armv7-m\libg.a(lib_a-exit.o) (__call_exitprocs)
c:/progra~2/gnutoo~1/50a5a~1.420/bin/../lib/gcc/arm-none-eabi/5.4.1/../../../../arm-none-eabi/lib/armv7-m\libg.a(lib_a-atexit.o)
                              c:/progra~2/gnutoo~1/50a5a~1.420/bin/../lib/gcc/arm-none-eabi/5.4.1/../../../../arm-none-eabi/lib/armv7-m\libg.a(lib_a-__call_atexit.o) (atexit)
c:/progra~2/gnutoo~1/50a5a~1.420/bin/../lib/gcc/arm-none-eabi/5.4.1/../../../../arm-none-eabi/lib/armv7-m\libg.a(lib_a-fini.o)
                              c:/progra~2/gnutoo~1/50a5a~1.420/bin/../lib/gcc/arm-none-eabi/5.4.1/../../../../arm-none-eabi/lib/armv7-m\libg.a(lib_a-__call_atexit.o) (__libc_fini_array)
c:/progra~2/gnutoo~1/50a5a~1.420/bin/../lib/gcc/arm-none-eabi/5.4.1/../../../../arm-none-eabi/lib/armv7-m\libg.a(lib_a-__atexit.o)
                              c:/progra~2/gnutoo~1/50a5a~1.420/bin/../lib/gcc/arm-none-eabi/5.4.1/../../../../arm-none-eabi/lib/armv7-m\libg.a(lib_a-atexit.o) (__register_exitproc)

Discarded input sections

 .text          0x00000000        0x0 c:/progra~2/gnutoo~1/50a5a~1.420/bin/../lib/gcc/arm-none-eabi/5.4.1/armv7-m/crti.o
 .data          0x00000000        0x0 c:/progra~2/gnutoo~1/50a5a~1.420/bin/../lib/gcc/arm-none-eabi/5.4.1/armv7-m/crti.o
 .bss           0x00000000        0x0 c:/progra~2/gnutoo~1/50a5a~1.420/bin/../lib/gcc/arm-none-eabi/5.4.1/armv7-m/crti.o
 .data          0x00000000        0x4 c:/progra~2/gnutoo~1/50a5a~1.420/bin/../lib/gcc/arm-none-eabi/5.4.1/armv7-m/crtbegin.o
 .text          0x00000000       0x74 c:/progra~2/gnutoo~1/50a5a~1.420/bin/../lib/gcc/arm-none-eabi/5.4.1/../../../../arm-none-eabi/lib/armv7-m/crt0.o
 .data          0x00000000        0x0 c:/progra~2/gnutoo~1/50a5a~1.420/bin/../lib/gcc/arm-none-eabi/5.4.1/../../../../arm-none-eabi/lib/armv7-m/crt0.o
 .bss           0x00000000        0x0 c:/progra~2/gnutoo~1/50a5a~1.420/bin/../lib/gcc/arm-none-eabi/5.4.1/../../../../arm-none-eabi/lib/armv7-m/crt0.o
 .ARM.extab     0x00000000        0x0 c:/progra~2/gnutoo~1/50a5a~1.420/bin/../lib/gcc/arm-none-eabi/5.4.1/../../../../arm-none-eabi/lib/armv7-m/crt0.o
 .ARM.exidx     0x00000000        0x8 c:/progra~2/gnutoo~1/50a5a~1.420/bin/../lib/gcc/arm-none-eabi/5.4.1/../../../../arm-none-eabi/lib/armv7-m/crt0.o
 .ARM.attributes
[...]
Memory Configuration

Name             Origin             Length             Attributes
RAM              0x20000000         0x0000c000         xrw
FLASH            0x08000000         0x00040000         xr
*default*        0x00000000         0xffffffff

Linker script and memory map

LOAD c:/progra~2/gnutoo~1/50a5a~1.420/bin/../lib/gcc/arm-none-eabi/5.4.1/armv7-m/crti.o
LOAD c:/progra~2/gnutoo~1/50a5a~1.420/bin/../lib/gcc/arm-none-eabi/5.4.1/armv7-m/crtbegin.o
LOAD c:/progra~2/gnutoo~1/50a5a~1.420/bin/../lib/gcc/arm-none-eabi/5.4.1/../../../../arm-none-eabi/lib/armv7-m/crt0.o
LOAD CMakeFiles/stm32driver.elf.dir/Core/Src/User/motor.c.obj
LOAD CMakeFiles/stm32driver.elf.dir/Core/Src/User/oled.c.obj
LOAD CMakeFiles/stm32driver.elf.dir/Core/Src/dma.c.obj
LOAD CMakeFiles/stm32driver.elf.dir/Core/Src/freertos.c.obj
LOAD CMakeFiles/stm32driver.elf.dir/Core/Src/gpio.c.obj
LOAD CMakeFiles/stm32driver.elf.dir/Core/Src/i2c.c.obj
LOAD CMakeFiles/stm32driver.elf.dir/Core/Src/main.c.obj
LOAD CMakeFiles/stm32driver.elf.dir/Core/Src/stm32f1xx_hal_msp.c.obj
LOAD CMakeFiles/stm32driver.elf.dir/Core/Src/stm32f1xx_hal_timebase_tim.c.obj
LOAD CMakeFiles/stm32driver.elf.dir/Core/Src/stm32f1xx_it.c.obj
LOAD CMakeFiles/stm32driver.elf.dir/Core/Src/syscalls.c.obj
LOAD CMakeFiles/stm32driver.elf.dir/Core/Src/system_stm32f1xx.c.obj
LOAD CMakeFiles/stm32driver.elf.dir/Core/Src/tim.c.obj
LOAD CMakeFiles/stm32driver.elf.dir/Core/Src/usart.c.obj
LOAD CMakeFiles/stm32driver.elf.dir/Drivers/STM32F1xx_HAL_Driver/Src/stm32f1xx_hal.c.obj
LOAD CMakeFiles/stm32driver.elf.dir/Drivers/STM32F1xx_HAL_Driver/Src/stm32f1xx_hal_cortex.c.obj
LOAD CMakeFiles/stm32driver.elf.dir/Drivers/STM32F1xx_HAL_Driver/Src/stm32f1xx_hal_dma.c.obj
LOAD CMakeFiles/stm32driver.elf.dir/Drivers/STM32F1xx_HAL_Driver/Src/stm32f1xx_hal_exti.c.obj
LOAD CMakeFiles/stm32driver.elf.dir/Drivers/STM32F1xx_HAL_Driver/Src/stm32f1xx_hal_flash.c.obj
LOAD CMakeFiles/stm32driver.elf.dir/Drivers/STM32F1xx_HAL_Driver/Src/stm32f1xx_hal_flash_ex.c.obj
LOAD CMakeFiles/stm32driver.elf.dir/Drivers/STM32F1xx_HAL_Driver/Src/stm32f1xx_hal_gpio.c.obj
LOAD CMakeFiles/stm32driver.elf.dir/Drivers/STM32F1xx_HAL_Driver/Src/stm32f1xx_hal_gpio_ex.c.obj
LOAD CMakeFiles/stm32driver.elf.dir/Drivers/STM32F1xx_HAL_Driver/Src/stm32f1xx_hal_i2c.c.obj
LOAD CMakeFiles/stm32driver.elf.dir/Drivers/STM32F1xx_HAL_Driver/Src/stm32f1xx_hal_pwr.c.obj
LOAD CMakeFiles/stm32driver.elf.dir/Drivers/STM32F1xx_HAL_Driver/Src/stm32f1xx_hal_rcc.c.obj
LOAD CMakeFiles/stm32driver.elf.dir/Drivers/STM32F1xx_HAL_Driver/Src/stm32f1xx_hal_rcc_ex.c.obj
LOAD CMakeFiles/stm32driver.elf.dir/Drivers/STM32F1xx_HAL_Driver/Src/stm32f1xx_hal_tim.c.obj
LOAD CMakeFiles/stm32driver.elf.dir/Drivers/STM32F1xx_HAL_Driver/Src/stm32f1xx_hal_tim_ex.c.obj
LOAD CMakeFiles/stm32driver.elf.dir/Drivers/STM32F1xx_HAL_Driver/Src/stm32f1xx_hal_uart.c.obj
LOAD CMakeFiles/stm32driver.elf.dir/Middlewares/Third_Party/FreeRTOS/Source/CMSIS_RTOS_V2/cmsis_os2.c.obj
LOAD CMakeFiles/stm32driver.elf.dir/Middlewares/Third_Party/FreeRTOS/Source/croutine.c.obj
LOAD CMakeFiles/stm32driver.elf.dir/Middlewares/Third_Party/FreeRTOS/Source/event_groups.c.obj
LOAD CMakeFiles/stm32driver.elf.dir/Middlewares/Third_Party/FreeRTOS/Source/list.c.obj
LOAD CMakeFiles/stm32driver.elf.dir/Middlewares/Third_Party/FreeRTOS/Source/portable/GCC/ARM_CM3/port.c.obj
LOAD CMakeFiles/stm32driver.elf.dir/Middlewares/Third_Party/FreeRTOS/Source/portable/MemMang/heap_4.c.obj
LOAD CMakeFiles/stm32driver.elf.dir/Middlewares/Third_Party/FreeRTOS/Source/queue.c.obj
LOAD CMakeFiles/stm32driver.elf.dir/Middlewares/Third_Party/FreeRTOS/Source/stream_buffer.c.obj
LOAD CMakeFiles/stm32driver.elf.dir/Middlewares/Third_Party/FreeRTOS/Source/tasks.c.obj
LOAD CMakeFiles/stm32driver.elf.dir/Middlewares/Third_Party/FreeRTOS/Source/timers.c.obj
LOAD CMakeFiles/stm32driver.elf.dir/startup/startup_stm32f103xe.s.obj
START GROUP
LOAD c:/progra~2/gnutoo~1/50a5a~1.420/bin/../lib/gcc/arm-none-eabi/5.4.1/armv7-m\libgcc.a
LOAD c:/progra~2/gnutoo~1/50a5a~1.420/bin/../lib/gcc/arm-none-eabi/5.4.1/../../../../arm-none-eabi/lib/armv7-m\libg.a
LOAD c:/progra~2/gnutoo~1/50a5a~1.420/bin/../lib/gcc/arm-none-eabi/5.4.1/../../../../arm-none-eabi/lib/armv7-m\libc.a
END GROUP
LOAD c:/progra~2/gnutoo~1/50a5a~1.420/bin/../lib/gcc/arm-none-eabi/5.4.1/armv7-m/crtend.o
LOAD c:/progra~2/gnutoo~1/50a5a~1.420/bin/../lib/gcc/arm-none-eabi/5.4.1/armv7-m/crtn.o
                0x2000c000                _estack = 0x2000c000
                0x00000200                _Min_Heap_Size = 0x200
                0x00000400                _Min_Stack_Size = 0x400

.isr_vector     0x08000000      0x1e4
                0x08000000                . = ALIGN (0x4)
 *(.isr_vector)
 .isr_vector    0x08000000      0x1e4 CMakeFiles/stm32driver.elf.dir/startup/startup_stm32f103xe.s.obj
                0x08000000                g_pfnVectors
                0x080001e4                . = ALIGN (0x4)

.text           0x080001f0     0x571c
                0x080001f0                . = ALIGN (0x4)
 *(.text)
 .text          0x080001f0       0x5c c:/progra~2/gnutoo~1/50a5a~1.420/bin/../lib/gcc/arm-none-eabi/5.4.1/armv7-m/crtbegin.o
 .text          0x0800024c      0x21c c:/progra~2/gnutoo~1/50a5a~1.420/bin/../lib/gcc/arm-none-eabi/5.4.1/armv7-m\libgcc.a(_arm_addsubsf3.o)
                0x0800024c                __aeabi_frsub
                0x08000254                __subsf3
                0x08000254                __aeabi_fsub
                0x08000258                __aeabi_fadd
                0x08000258                __addsf3
                0x080003b8                __aeabi_ui2f
                0x080003b8                __floatunsisf
                0x080003c0                __aeabi_i2f
                0x080003c0                __floatsisf
                0x080003dc                __aeabi_ul2f
                0x080003dc                __floatundisf
                0x080003ec                __aeabi_l2f
                0x080003ec                __floatdisf
 .text          0x08000468      0x2a0 c:/progra~2/gnutoo~1/50a5a~1.420/bin/../lib/gcc/arm-none-eabi/5.4.1/armv7-m\libgcc.a(_arm_muldivsf3.o)
                0x08000468                __mulsf3
                0x08000468                __aeabi_fmul
                0x080005d0                __aeabi_fdiv
                0x080005d0                __divsf3
 .text          0x08000708       0x4c c:/progra~2/gnutoo~1/50a5a~1.420/bin/../lib/gcc/arm-none-eabi/5.4.1/armv7-m\libgcc.a(_arm_fixsfsi.o)
                0x08000708                __aeabi_f2iz
                0x08000708                __fixsfsi
 .text          0x08000754       0xec c:/progra~2/gnutoo~1/50a5a~1.420/bin/../lib/gcc/arm-none-eabi/5.4.1/../../../../arm-none-eabi/lib/armv7-m\libg.a(lib_a-memcpy.o)
                0x08000754                memcpy
 *(.text*)
 .text.check_ENC
                0x08000840       0x2c CMakeFiles/stm32driver.elf.dir/Core/Src/User/motor.c.obj
                0x08000840                check_ENC
 .text.incremental_PI_A
                0x0800086c       0x90 CMakeFiles/stm32driver.elf.dir/Core/Src/User/motor.c.obj
                0x0800086c                incremental_PI_A
 .text.incremental_PI_B
                0x080008fc       0x90 CMakeFiles/stm32driver.elf.dir/Core/Src/User/motor.c.obj
                0x080008fc                incremental_PI_B
 .text.range_PWM
                0x0800098c       0x28 CMakeFiles/stm32driver.elf.dir/Core/Src/User/motor.c.obj
                0x0800098c                range_PWM
 .text.set_PWM  0x080009b4       0xa0 CMakeFiles/stm32driver.elf.dir/Core/Src/User/motor.c.obj
                0x080009b4                set_PWM
 .text.WriteCmd
                0x08000a54       0x38 CMakeFiles/stm32driver.elf.dir/Core/Src/User/oled.c.obj
                0x08000a54                WriteCmd
 .text.OLED_WR_CMD
                0x08000a8c       0x2c CMakeFiles/stm32driver.elf.dir/Core/Src/User/oled.c.obj
                0x08000a8c                OLED_WR_CMD
 .text.OLED_WR_DATA
                0x08000ab8       0x2c CMakeFiles/stm32driver.elf.dir/Core/Src/User/oled.c.obj
                0x08000ab8                OLED_WR_DATA
 .text.OLED_Init
                0x08000ae4       0x10 CMakeFiles/stm32driver.elf.dir/Core/Src/User/oled.c.obj
                0x08000ae4                OLED_Init
 .text.OLED_Clear
                0x08000af4       0x3c CMakeFiles/stm32driver.elf.dir/Core/Src/User/oled.c.obj
                0x08000af4                OLED_Clear
 .text.OLED_Set_Pos
                0x08000b30       0x20 CMakeFiles/stm32driver.elf.dir/Core/Src/User/oled.c.obj
                0x08000b30                OLED_Set_Pos
 .text.OLED_ShowChar
                0x08000b50       0x90 CMakeFiles/stm32driver.elf.dir/Core/Src/User/oled.c.obj
                0x08000b50                OLED_ShowChar
 .text.OLED_ShowString
                0x08000be0       0x38 CMakeFiles/stm32driver.elf.dir/Core/Src/User/oled.c.obj
                0x08000be0                OLED_ShowString
 .text.OLED_preFlash
                0x08000c18       0x28 CMakeFiles/stm32driver.elf.dir/Core/Src/User/oled.c.obj
                0x08000c18                OLED_preFlash
 .text.MX_DMA_Init
                0x08000c40       0x44 CMakeFiles/stm32driver.elf.dir/Core/Src/dma.c.obj
                0x08000c40                MX_DMA_Init
 .text.StartDefaultTask
                0x08000c84        0xc CMakeFiles/stm32driver.elf.dir/Core/Src/freertos.c.obj
                0x08000c84                StartDefaultTask
 .text.para_init
                0x08000c90       0x28 CMakeFiles/stm32driver.elf.dir/Core/Src/freertos.c.obj
                0x08000c90                para_init
 .text.StartTaskMotor
                0x08000cb8       0x40 CMakeFiles/stm32driver.elf.dir/Core/Src/freertos.c.obj
                0x08000cb8                StartTaskMotor
 .text.show_info
                0x08000cf8       0x80 CMakeFiles/stm32driver.elf.dir/Core/Src/freertos.c.obj
                0x08000cf8                show_info
 .text.OLED_flash_data
                0x08000d78       0x5c CMakeFiles/stm32driver.elf.dir/Core/Src/freertos.c.obj
                0x08000d78                OLED_flash_data
 .text.StartTaskDisplay
                0x08000dd4       0x10 CMakeFiles/stm32driver.elf.dir/Core/Src/freertos.c.obj
                0x08000dd4                StartTaskDisplay
 .text.user_API
                0x08000de4      0x10c CMakeFiles/stm32driver.elf.dir/Core/Src/freertos.c.obj
                0x08000de4                user_API
 .text.Usart3_Handle
                0x08000ef0       0x3c CMakeFiles/stm32driver.elf.dir/Core/Src/freertos.c.obj
                0x08000ef0                Usart3_Handle
 .text.StartTaskUsart
                0x08000f2c       0x28 CMakeFiles/stm32driver.elf.dir/Core/Src/freertos.c.obj
                0x08000f2c                StartTaskUsart
 .text.MX_FREERTOS_Init
                0x08000f54       0x6c CMakeFiles/stm32driver.elf.dir/Core/Src/freertos.c.obj
                0x08000f54                MX_FREERTOS_Init
 .text.MX_GPIO_Init
                0x08000fc0       0xb0 CMakeFiles/stm32driver.elf.dir/Core/Src/gpio.c.obj
                0x08000fc0                MX_GPIO_Init
 .text.MX_I2C1_Init
                0x08001070       0x38 CMakeFiles/stm32driver.elf.dir/Core/Src/i2c.c.obj
                0x08001070                MX_I2C1_Init
 .text.HAL_I2C_MspInit
                0x080010a8       0x74 CMakeFiles/stm32driver.elf.dir/Core/Src/i2c.c.obj
                0x080010a8                HAL_I2C_MspInit
 .text.OLED_flash_format
                0x0800111c       0x84 CMakeFiles/stm32driver.elf.dir/Core/Src/main.c.obj
                0x0800111c                OLED_flash_format
 .text.SystemClock_Config
                0x080011a0       0x54 CMakeFiles/stm32driver.elf.dir/Core/Src/main.c.obj
                0x080011a0                SystemClock_Config
 .text.main     0x080011f4       0xa4 CMakeFiles/stm32driver.elf.dir/Core/Src/main.c.obj
                0x080011f4                main
 .text.HAL_TIM_PeriodElapsedCallback
                0x08001298       0x14 CMakeFiles/stm32driver.elf.dir/Core/Src/main.c.obj
                0x08001298                HAL_TIM_PeriodElapsedCallback
 .text.Error_Handler
                0x080012ac        0x4 CMakeFiles/stm32driver.elf.dir/Core/Src/main.c.obj
                0x080012ac                Error_Handler
 .text.HAL_MspInit
                0x080012b0       0x44 CMakeFiles/stm32driver.elf.dir/Core/Src/stm32f1xx_hal_msp.c.obj
                0x080012b0                HAL_MspInit
 .text.HAL_InitTick
                0x080012f4       0x78 CMakeFiles/stm32driver.elf.dir/Core/Src/stm32f1xx_hal_timebase_tim.c.obj
                0x080012f4                HAL_InitTick
 .text.NMI_Handler
                0x0800136c        0x4 CMakeFiles/stm32driver.elf.dir/Core/Src/stm32f1xx_it.c.obj
                0x0800136c                NMI_Handler
 .text.HardFault_Handler
                0x08001370        0x4 CMakeFiles/stm32driver.elf.dir/Core/Src/stm32f1xx_it.c.obj
                0x08001370                HardFault_Handler
 .text.MemManage_Handler
                0x08001374        0x4 CMakeFiles/stm32driver.elf.dir/Core/Src/stm32f1xx_it.c.obj
                0x08001374                MemManage_Handler
 .text.BusFault_Handler
                0x08001378        0x4 CMakeFiles/stm32driver.elf.dir/Core/Src/stm32f1xx_it.c.obj
                0x08001378                BusFault_Handler
 .text.UsageFault_Handler
                0x0800137c        0x4 CMakeFiles/stm32driver.elf.dir/Core/Src/stm32f1xx_it.c.obj
                0x0800137c                UsageFault_Handler
 .text.DebugMon_Handler
                0x08001380        0x4 CMakeFiles/stm32driver.elf.dir/Core/Src/stm32f1xx_it.c.obj
                0x08001380                DebugMon_Handler
 .text.DMA1_Channel2_IRQHandler
                0x08001384       0x10 CMakeFiles/stm32driver.elf.dir/Core/Src/stm32f1xx_it.c.obj
                0x08001384                DMA1_Channel2_IRQHandler
 .text.DMA1_Channel3_IRQHandler
                0x08001394       0x10 CMakeFiles/stm32driver.elf.dir/Core/Src/stm32f1xx_it.c.obj
                0x08001394                DMA1_Channel3_IRQHandler
 .text.TIM1_UP_IRQHandler
                0x080013a4       0x10 CMakeFiles/stm32driver.elf.dir/Core/Src/stm32f1xx_it.c.obj
                0x080013a4                TIM1_UP_IRQHandler
 .text.USART3_IRQHandler
                0x080013b4       0x14 CMakeFiles/stm32driver.elf.dir/Core/Src/stm32f1xx_it.c.obj
                0x080013b4                USART3_IRQHandler
 .text.SystemInit
                0x080013c8       0x4c CMakeFiles/stm32driver.elf.dir/Core/Src/system_stm32f1xx.c.obj
                0x080013c8                SystemInit
 .text.MX_TIM2_Init
                0x08001414       0x60 CMakeFiles/stm32driver.elf.dir/Core/Src/tim.c.obj
                0x08001414                MX_TIM2_Init
 .text.MX_TIM4_Init
                0x08001474       0x60 CMakeFiles/stm32driver.elf.dir/Core/Src/tim.c.obj
                0x08001474                MX_TIM4_Init
 .text.HAL_TIM_Encoder_MspInit
                0x080014d4       0xa0 CMakeFiles/stm32driver.elf.dir/Core/Src/tim.c.obj
                0x080014d4                HAL_TIM_Encoder_MspInit
 .text.HAL_TIM_PWM_MspInit
                0x08001574       0x28 CMakeFiles/stm32driver.elf.dir/Core/Src/tim.c.obj
                0x08001574                HAL_TIM_PWM_MspInit
 .text.HAL_TIM_MspPostInit
                0x0800159c       0x4c CMakeFiles/stm32driver.elf.dir/Core/Src/tim.c.obj
                0x0800159c                HAL_TIM_MspPostInit
 .text.MX_TIM3_Init
                0x080015e8       0x8c CMakeFiles/stm32driver.elf.dir/Core/Src/tim.c.obj
                0x080015e8                MX_TIM3_Init
 .text.MX_USART3_UART_Init
                0x08001674       0x34 CMakeFiles/stm32driver.elf.dir/Core/Src/usart.c.obj
                0x08001674                MX_USART3_UART_Init
 .text.HAL_UART_MspInit
                0x080016a8       0xe8 CMakeFiles/stm32driver.elf.dir/Core/Src/usart.c.obj
                0x080016a8                HAL_UART_MspInit
 .text.Usart3_IDLE
                0x08001790       0x54 CMakeFiles/stm32driver.elf.dir/Core/Src/usart.c.obj
                0x08001790                Usart3_IDLE
 .text.DMA_Usart3_Send
                0x080017e4       0x18 CMakeFiles/stm32driver.elf.dir/Core/Src/usart.c.obj
                0x080017e4                DMA_Usart3_Send
 .text.HAL_Init
                0x080017fc       0x24 CMakeFiles/stm32driver.elf.dir/Drivers/STM32F1xx_HAL_Driver/Src/stm32f1xx_hal.c.obj
                0x080017fc                HAL_Init
 .text.HAL_IncTick
                0x08001820       0x18 CMakeFiles/stm32driver.elf.dir/Drivers/STM32F1xx_HAL_Driver/Src/stm32f1xx_hal.c.obj
                0x08001820                HAL_IncTick
 .text.HAL_GetTick
                0x08001838        0xc CMakeFiles/stm32driver.elf.dir/Drivers/STM32F1xx_HAL_Driver/Src/stm32f1xx_hal.c.obj
                0x08001838                HAL_GetTick
 .text.HAL_Delay
                0x08001844       0x28 CMakeFiles/stm32driver.elf.dir/Drivers/STM32F1xx_HAL_Driver/Src/stm32f1xx_hal.c.obj
                0x08001844                HAL_Delay
 .text.HAL_NVIC_SetPriorityGrouping
                0x0800186c       0x24 CMakeFiles/stm32driver.elf.dir/Drivers/STM32F1xx_HAL_Driver/Src/stm32f1xx_hal_cortex.c.obj
                0x0800186c                HAL_NVIC_SetPriorityGrouping
 .text.HAL_NVIC_SetPriority
                0x08001890       0x64 CMakeFiles/stm32driver.elf.dir/Drivers/STM32F1xx_HAL_Driver/Src/stm32f1xx_hal_cortex.c.obj
                0x08001890                HAL_NVIC_SetPriority
 .text.HAL_NVIC_EnableIRQ
                0x080018f4       0x1c CMakeFiles/stm32driver.elf.dir/Drivers/STM32F1xx_HAL_Driver/Src/stm32f1xx_hal_cortex.c.obj
                0x080018f4                HAL_NVIC_EnableIRQ
 .text.DMA_SetConfig
                0x08001910       0x2c CMakeFiles/stm32driver.elf.dir/Drivers/STM32F1xx_HAL_Driver/Src/stm32f1xx_hal_dma.c.obj
 .text.HAL_DMA_Init
                0x0800193c       0x9c CMakeFiles/stm32driver.elf.dir/Drivers/STM32F1xx_HAL_Driver/Src/stm32f1xx_hal_dma.c.obj
                0x0800193c                HAL_DMA_Init
 .text.HAL_DMA_Start_IT
                0x080019d8       0x74 CMakeFiles/stm32driver.elf.dir/Drivers/STM32F1xx_HAL_Driver/Src/stm32f1xx_hal_dma.c.obj
                0x080019d8                HAL_DMA_Start_IT
 .text.HAL_DMA_Abort
                0x08001a4c       0x44 CMakeFiles/stm32driver.elf.dir/Drivers/STM32F1xx_HAL_Driver/Src/stm32f1xx_hal_dma.c.obj
                0x08001a4c                HAL_DMA_Abort
 .text.HAL_DMA_Abort_IT
                0x08001a90      0x168 CMakeFiles/stm32driver.elf.dir/Drivers/STM32F1xx_HAL_Driver/Src/stm32f1xx_hal_dma.c.obj
                0x08001a90                HAL_DMA_Abort_IT
 .text.HAL_DMA_IRQHandler
                0x08001bf8      0x2e4 CMakeFiles/stm32driver.elf.dir/Drivers/STM32F1xx_HAL_Driver/Src/stm32f1xx_hal_dma.c.obj
                0x08001bf8                HAL_DMA_IRQHandler
 .text.HAL_GPIO_Init
                0x08001edc      0x1f0 CMakeFiles/stm32driver.elf.dir/Drivers/STM32F1xx_HAL_Driver/Src/stm32f1xx_hal_gpio.c.obj
                0x08001edc                HAL_GPIO_Init
 .text.HAL_GPIO_WritePin
                0x080020cc        0xc CMakeFiles/stm32driver.elf.dir/Drivers/STM32F1xx_HAL_Driver/Src/stm32f1xx_hal_gpio.c.obj
                0x080020cc                HAL_GPIO_WritePin
 .text.HAL_GPIO_TogglePin
                0x080020d8       0x10 CMakeFiles/stm32driver.elf.dir/Drivers/STM32F1xx_HAL_Driver/Src/stm32f1xx_hal_gpio.c.obj
                0x080020d8                HAL_GPIO_TogglePin
 .text.I2C_IsAcknowledgeFailed
                0x080020e8       0x34 CMakeFiles/stm32driver.elf.dir/Drivers/STM32F1xx_HAL_Driver/Src/stm32f1xx_hal_i2c.c.obj
 .text.I2C_WaitOnFlagUntilTimeout
                0x0800211c       0x70 CMakeFiles/stm32driver.elf.dir/Drivers/STM32F1xx_HAL_Driver/Src/stm32f1xx_hal_i2c.c.obj
 .text.I2C_WaitOnMasterAddressFlagUntilTimeout
                0x0800218c       0xa8 CMakeFiles/stm32driver.elf.dir/Drivers/STM32F1xx_HAL_Driver/Src/stm32f1xx_hal_i2c.c.obj
 .text.I2C_WaitOnTXEFlagUntilTimeout
                0x08002234       0x54 CMakeFiles/stm32driver.elf.dir/Drivers/STM32F1xx_HAL_Driver/Src/stm32f1xx_hal_i2c.c.obj
 .text.I2C_RequestMemoryWrite
                0x08002288       0xd0 CMakeFiles/stm32driver.elf.dir/Drivers/STM32F1xx_HAL_Driver/Src/stm32f1xx_hal_i2c.c.obj
 .text.I2C_WaitOnBTFFlagUntilTimeout
                0x08002358       0x54 CMakeFiles/stm32driver.elf.dir/Drivers/STM32F1xx_HAL_Driver/Src/stm32f1xx_hal_i2c.c.obj
 .text.HAL_I2C_Init
                0x080023ac      0x1a0 CMakeFiles/stm32driver.elf.dir/Drivers/STM32F1xx_HAL_Driver/Src/stm32f1xx_hal_i2c.c.obj
                0x080023ac                HAL_I2C_Init
 .text.HAL_I2C_Mem_Write
                0x0800254c      0x16c CMakeFiles/stm32driver.elf.dir/Drivers/STM32F1xx_HAL_Driver/Src/stm32f1xx_hal_i2c.c.obj
                0x0800254c                HAL_I2C_Mem_Write
 .text.RCC_Delay
                0x080026b8       0x2c CMakeFiles/stm32driver.elf.dir/Drivers/STM32F1xx_HAL_Driver/Src/stm32f1xx_hal_rcc.c.obj
 .text.HAL_RCC_OscConfig
                0x080026e4      0x434 CMakeFiles/stm32driver.elf.dir/Drivers/STM32F1xx_HAL_Driver/Src/stm32f1xx_hal_rcc.c.obj
                0x080026e4                HAL_RCC_OscConfig
 .text.HAL_RCC_GetSysClockFreq
                0x08002b18       0x70 CMakeFiles/stm32driver.elf.dir/Drivers/STM32F1xx_HAL_Driver/Src/stm32f1xx_hal_rcc.c.obj
                0x08002b18                HAL_RCC_GetSysClockFreq
 .text.HAL_RCC_ClockConfig
                0x08002b88      0x170 CMakeFiles/stm32driver.elf.dir/Drivers/STM32F1xx_HAL_Driver/Src/stm32f1xx_hal_rcc.c.obj
                0x08002b88                HAL_RCC_ClockConfig
 .text.HAL_RCC_GetHCLKFreq
                0x08002cf8        0xc CMakeFiles/stm32driver.elf.dir/Drivers/STM32F1xx_HAL_Driver/Src/stm32f1xx_hal_rcc.c.obj
                0x08002cf8                HAL_RCC_GetHCLKFreq
 .text.HAL_RCC_GetPCLK1Freq
                0x08002d04       0x20 CMakeFiles/stm32driver.elf.dir/Drivers/STM32F1xx_HAL_Driver/Src/stm32f1xx_hal_rcc.c.obj
                0x08002d04                HAL_RCC_GetPCLK1Freq
 .text.HAL_RCC_GetPCLK2Freq
                0x08002d24       0x20 CMakeFiles/stm32driver.elf.dir/Drivers/STM32F1xx_HAL_Driver/Src/stm32f1xx_hal_rcc.c.obj
                0x08002d24                HAL_RCC_GetPCLK2Freq
 .text.HAL_RCC_GetClockConfig
                0x08002d44       0x3c CMakeFiles/stm32driver.elf.dir/Drivers/STM32F1xx_HAL_Driver/Src/stm32f1xx_hal_rcc.c.obj
                0x08002d44                HAL_RCC_GetClockConfig
 .text.TIM_OC1_SetConfig
                0x08002d80       0x68 CMakeFiles/stm32driver.elf.dir/Drivers/STM32F1xx_HAL_Driver/Src/stm32f1xx_hal_tim.c.obj
 .text.TIM_OC3_SetConfig
                0x08002de8       0x70 CMakeFiles/stm32driver.elf.dir/Drivers/STM32F1xx_HAL_Driver/Src/stm32f1xx_hal_tim.c.obj
 .text.TIM_OC4_SetConfig
                0x08002e58       0x50 CMakeFiles/stm32driver.elf.dir/Drivers/STM32F1xx_HAL_Driver/Src/stm32f1xx_hal_tim.c.obj
 .text.HAL_TIM_Base_MspInit
                0x08002ea8        0x4 CMakeFiles/stm32driver.elf.dir/Drivers/STM32F1xx_HAL_Driver/Src/stm32f1xx_hal_tim.c.obj
                0x08002ea8                HAL_TIM_Base_MspInit
 .text.HAL_TIM_Base_Start_IT
                0x08002eac       0x24 CMakeFiles/stm32driver.elf.dir/Drivers/STM32F1xx_HAL_Driver/Src/stm32f1xx_hal_tim.c.obj
                0x08002eac                HAL_TIM_Base_Start_IT
 .text.HAL_TIM_OC_DelayElapsedCallback
                0x08002ed0        0x4 CMakeFiles/stm32driver.elf.dir/Drivers/STM32F1xx_HAL_Driver/Src/stm32f1xx_hal_tim.c.obj
                0x08002ed0                HAL_TIM_OC_DelayElapsedCallback
 .text.HAL_TIM_IC_CaptureCallback
                0x08002ed4        0x4 CMakeFiles/stm32driver.elf.dir/Drivers/STM32F1xx_HAL_Driver/Src/stm32f1xx_hal_tim.c.obj
                0x08002ed4                HAL_TIM_IC_CaptureCallback
 .text.HAL_TIM_PWM_PulseFinishedCallback
                0x08002ed8        0x4 CMakeFiles/stm32driver.elf.dir/Drivers/STM32F1xx_HAL_Driver/Src/stm32f1xx_hal_tim.c.obj
                0x08002ed8                HAL_TIM_PWM_PulseFinishedCallback
 .text.HAL_TIM_TriggerCallback
                0x08002edc        0x4 CMakeFiles/stm32driver.elf.dir/Drivers/STM32F1xx_HAL_Driver/Src/stm32f1xx_hal_tim.c.obj
                0x08002edc                HAL_TIM_TriggerCallback
 .text.HAL_TIM_IRQHandler
                0x08002ee0      0x174 CMakeFiles/stm32driver.elf.dir/Drivers/STM32F1xx_HAL_Driver/Src/stm32f1xx_hal_tim.c.obj
                0x08002ee0                HAL_TIM_IRQHandler
 .text.TIM_Base_SetConfig
                0x08003054       0x98 CMakeFiles/stm32driver.elf.dir/Drivers/STM32F1xx_HAL_Driver/Src/stm32f1xx_hal_tim.c.obj
                0x08003054                TIM_Base_SetConfig
 .text.HAL_TIM_Base_Init
                0x080030ec       0x38 CMakeFiles/stm32driver.elf.dir/Drivers/STM32F1xx_HAL_Driver/Src/stm32f1xx_hal_tim.c.obj
                0x080030ec                HAL_TIM_Base_Init
 .text.HAL_TIM_PWM_Init
                0x08003124       0x38 CMakeFiles/stm32driver.elf.dir/Drivers/STM32F1xx_HAL_Driver/Src/stm32f1xx_hal_tim.c.obj
                0x08003124                HAL_TIM_PWM_Init
 .text.HAL_TIM_Encoder_Init
                0x0800315c       0xa0 CMakeFiles/stm32driver.elf.dir/Drivers/STM32F1xx_HAL_Driver/Src/stm32f1xx_hal_tim.c.obj
                0x0800315c                HAL_TIM_Encoder_Init
 .text.TIM_OC2_SetConfig
                0x080031fc       0x70 CMakeFiles/stm32driver.elf.dir/Drivers/STM32F1xx_HAL_Driver/Src/stm32f1xx_hal_tim.c.obj
                0x080031fc                TIM_OC2_SetConfig
 .text.HAL_TIM_PWM_ConfigChannel
                0x0800326c       0xdc CMakeFiles/stm32driver.elf.dir/Drivers/STM32F1xx_HAL_Driver/Src/stm32f1xx_hal_tim.c.obj
                0x0800326c                HAL_TIM_PWM_ConfigChannel
 .text.TIM_CCxChannelCmd
                0x08003348       0x20 CMakeFiles/stm32driver.elf.dir/Drivers/STM32F1xx_HAL_Driver/Src/stm32f1xx_hal_tim.c.obj
                0x08003348                TIM_CCxChannelCmd
 .text.HAL_TIM_PWM_Start
                0x08003368       0x4c CMakeFiles/stm32driver.elf.dir/Drivers/STM32F1xx_HAL_Driver/Src/stm32f1xx_hal_tim.c.obj
                0x08003368                HAL_TIM_PWM_Start
 .text.HAL_TIM_Encoder_Start
                0x080033b4       0x48 CMakeFiles/stm32driver.elf.dir/Drivers/STM32F1xx_HAL_Driver/Src/stm32f1xx_hal_tim.c.obj
                0x080033b4                HAL_TIM_Encoder_Start
 .text.HAL_TIMEx_MasterConfigSynchronization
                0x080033fc       0x48 CMakeFiles/stm32driver.elf.dir/Drivers/STM32F1xx_HAL_Driver/Src/stm32f1xx_hal_tim_ex.c.obj
                0x080033fc                HAL_TIMEx_MasterConfigSynchronization
 .text.HAL_TIMEx_CommutCallback
                0x08003444        0x4 CMakeFiles/stm32driver.elf.dir/Drivers/STM32F1xx_HAL_Driver/Src/stm32f1xx_hal_tim_ex.c.obj
                0x08003444                HAL_TIMEx_CommutCallback
 .text.HAL_TIMEx_BreakCallback
                0x08003448        0x4 CMakeFiles/stm32driver.elf.dir/Drivers/STM32F1xx_HAL_Driver/Src/stm32f1xx_hal_tim_ex.c.obj
                0x08003448                HAL_TIMEx_BreakCallback
 .text.UART_EndTxTransfer
                0x0800344c       0x14 CMakeFiles/stm32driver.elf.dir/Drivers/STM32F1xx_HAL_Driver/Src/stm32f1xx_hal_uart.c.obj
 .text.UART_EndRxTransfer
                0x08003460       0x1c CMakeFiles/stm32driver.elf.dir/Drivers/STM32F1xx_HAL_Driver/Src/stm32f1xx_hal_uart.c.obj
 .text.UART_Transmit_IT
                0x0800347c       0x6c CMakeFiles/stm32driver.elf.dir/Drivers/STM32F1xx_HAL_Driver/Src/stm32f1xx_hal_uart.c.obj
 .text.UART_SetConfig
                0x080034e8       0xcc CMakeFiles/stm32driver.elf.dir/Drivers/STM32F1xx_HAL_Driver/Src/stm32f1xx_hal_uart.c.obj
 .text.HAL_UART_Init
                0x080035b4       0x64 CMakeFiles/stm32driver.elf.dir/Drivers/STM32F1xx_HAL_Driver/Src/stm32f1xx_hal_uart.c.obj
                0x080035b4                HAL_UART_Init
 .text.HAL_UART_Transmit_DMA
                0x08003618       0x8c CMakeFiles/stm32driver.elf.dir/Drivers/STM32F1xx_HAL_Driver/Src/stm32f1xx_hal_uart.c.obj
                0x08003618                HAL_UART_Transmit_DMA
 .text.HAL_UART_Receive_DMA
                0x080036a4       0xa8 CMakeFiles/stm32driver.elf.dir/Drivers/STM32F1xx_HAL_Driver/Src/stm32f1xx_hal_uart.c.obj
                0x080036a4                HAL_UART_Receive_DMA
 .text.HAL_UART_DMAStop
                0x0800374c       0x5c CMakeFiles/stm32driver.elf.dir/Drivers/STM32F1xx_HAL_Driver/Src/stm32f1xx_hal_uart.c.obj
                0x0800374c                HAL_UART_DMAStop
 .text.HAL_UART_TxCpltCallback
                0x080037a8        0x4 CMakeFiles/stm32driver.elf.dir/Drivers/STM32F1xx_HAL_Driver/Src/stm32f1xx_hal_uart.c.obj
                0x080037a8                HAL_UART_TxCpltCallback
 .text.UART_DMATransmitCplt
                0x080037ac       0x30 CMakeFiles/stm32driver.elf.dir/Drivers/STM32F1xx_HAL_Driver/Src/stm32f1xx_hal_uart.c.obj
 .text.UART_EndTransmit_IT
                0x080037dc       0x1c CMakeFiles/stm32driver.elf.dir/Drivers/STM32F1xx_HAL_Driver/Src/stm32f1xx_hal_uart.c.obj
 .text.HAL_UART_TxHalfCpltCallback
                0x080037f8        0x4 CMakeFiles/stm32driver.elf.dir/Drivers/STM32F1xx_HAL_Driver/Src/stm32f1xx_hal_uart.c.obj
                0x080037f8                HAL_UART_TxHalfCpltCallback
 .text.UART_DMATxHalfCplt
                0x080037fc        0xc CMakeFiles/stm32driver.elf.dir/Drivers/STM32F1xx_HAL_Driver/Src/stm32f1xx_hal_uart.c.obj
 .text.HAL_UART_RxCpltCallback
                0x08003808        0x4 CMakeFiles/stm32driver.elf.dir/Drivers/STM32F1xx_HAL_Driver/Src/stm32f1xx_hal_uart.c.obj
                0x08003808                HAL_UART_RxCpltCallback
 .text.UART_DMAReceiveCplt
                0x0800380c       0x40 CMakeFiles/stm32driver.elf.dir/Drivers/STM32F1xx_HAL_Driver/Src/stm32f1xx_hal_uart.c.obj
 .text.UART_Receive_IT
                0x0800384c       0xa0 CMakeFiles/stm32driver.elf.dir/Drivers/STM32F1xx_HAL_Driver/Src/stm32f1xx_hal_uart.c.obj
 .text.HAL_UART_RxHalfCpltCallback
                0x080038ec        0x4 CMakeFiles/stm32driver.elf.dir/Drivers/STM32F1xx_HAL_Driver/Src/stm32f1xx_hal_uart.c.obj
                0x080038ec                HAL_UART_RxHalfCpltCallback
 .text.UART_DMARxHalfCplt
                0x080038f0        0xc CMakeFiles/stm32driver.elf.dir/Drivers/STM32F1xx_HAL_Driver/Src/stm32f1xx_hal_uart.c.obj
 .text.HAL_UART_ErrorCallback
                0x080038fc        0x4 CMakeFiles/stm32driver.elf.dir/Drivers/STM32F1xx_HAL_Driver/Src/stm32f1xx_hal_uart.c.obj
                0x080038fc                HAL_UART_ErrorCallback
 .text.UART_DMAError
                0x08003900       0x50 CMakeFiles/stm32driver.elf.dir/Drivers/STM32F1xx_HAL_Driver/Src/stm32f1xx_hal_uart.c.obj
 .text.HAL_UART_IRQHandler
                0x08003950      0x11c CMakeFiles/stm32driver.elf.dir/Drivers/STM32F1xx_HAL_Driver/Src/stm32f1xx_hal_uart.c.obj
                0x08003950                HAL_UART_IRQHandler
 .text.UART_DMAAbortOnError
                0x08003a6c       0x10 CMakeFiles/stm32driver.elf.dir/Drivers/STM32F1xx_HAL_Driver/Src/stm32f1xx_hal_uart.c.obj
 .text.osKernelInitialize
                0x08003a7c       0x44 CMakeFiles/stm32driver.elf.dir/Middlewares/Third_Party/FreeRTOS/Source/CMSIS_RTOS_V2/cmsis_os2.c.obj
                0x08003a7c                osKernelInitialize
 .text.osKernelStart
                0x08003ac0       0x4c CMakeFiles/stm32driver.elf.dir/Middlewares/Third_Party/FreeRTOS/Source/CMSIS_RTOS_V2/cmsis_os2.c.obj
                0x08003ac0                osKernelStart
 .text.osThreadNew
                0x08003b0c       0xe8 CMakeFiles/stm32driver.elf.dir/Middlewares/Third_Party/FreeRTOS/Source/CMSIS_RTOS_V2/cmsis_os2.c.obj
                0x08003b0c                osThreadNew
 .text.osDelay  0x08003bf4       0x40 CMakeFiles/stm32driver.elf.dir/Middlewares/Third_Party/FreeRTOS/Source/CMSIS_RTOS_V2/cmsis_os2.c.obj
                0x08003bf4                osDelay
 .text.vApplicationGetIdleTaskMemory
                0x08003c34       0x18 CMakeFiles/stm32driver.elf.dir/Middlewares/Third_Party/FreeRTOS/Source/CMSIS_RTOS_V2/cmsis_os2.c.obj
                0x08003c34                vApplicationGetIdleTaskMemory
 .text.vApplicationGetTimerTaskMemory
                0x08003c4c       0x18 CMakeFiles/stm32driver.elf.dir/Middlewares/Third_Party/FreeRTOS/Source/CMSIS_RTOS_V2/cmsis_os2.c.obj
                0x08003c4c                vApplicationGetTimerTaskMemory
 .text.vListInitialise
                0x08003c64       0x18 CMakeFiles/stm32driver.elf.dir/Middlewares/Third_Party/FreeRTOS/Source/list.c.obj
                0x08003c64                vListInitialise
 .text.vListInitialiseItem
                0x08003c7c        0x8 CMakeFiles/stm32driver.elf.dir/Middlewares/Third_Party/FreeRTOS/Source/list.c.obj
                0x08003c7c                vListInitialiseItem
 .text.vListInsertEnd
                0x08003c84       0x18 CMakeFiles/stm32driver.elf.dir/Middlewares/Third_Party/FreeRTOS/Source/list.c.obj
                0x08003c84                vListInsertEnd
 .text.vListInsert
                0x08003c9c       0x34 CMakeFiles/stm32driver.elf.dir/Middlewares/Third_Party/FreeRTOS/Source/list.c.obj
                0x08003c9c                vListInsert
 .text.uxListRemove
                0x08003cd0       0x28 CMakeFiles/stm32driver.elf.dir/Middlewares/Third_Party/FreeRTOS/Source/list.c.obj
                0x08003cd0                uxListRemove
 .text.prvTaskExitError
                0x08003cf8       0x40 CMakeFiles/stm32driver.elf.dir/Middlewares/Third_Party/FreeRTOS/Source/portable/GCC/ARM_CM3/port.c.obj
 .text.prvPortStartFirstTask
                0x08003d38       0x20 CMakeFiles/stm32driver.elf.dir/Middlewares/Third_Party/FreeRTOS/Source/portable/GCC/ARM_CM3/port.c.obj
 .text.pxPortInitialiseStack
                0x08003d58       0x24 CMakeFiles/stm32driver.elf.dir/Middlewares/Third_Party/FreeRTOS/Source/portable/GCC/ARM_CM3/port.c.obj
                0x08003d58                pxPortInitialiseStack
 *fill*         0x08003d7c        0x4 
 .text.SVC_Handler
                0x08003d80       0x24 CMakeFiles/stm32driver.elf.dir/Middlewares/Third_Party/FreeRTOS/Source/portable/GCC/ARM_CM3/port.c.obj
                0x08003d80                SVC_Handler
 .text.vPortEnterCritical
                0x08003da4       0x44 CMakeFiles/stm32driver.elf.dir/Middlewares/Third_Party/FreeRTOS/Source/portable/GCC/ARM_CM3/port.c.obj
                0x08003da4                vPortEnterCritical
 .text.vPortExitCritical
                0x08003de8       0x2c CMakeFiles/stm32driver.elf.dir/Middlewares/Third_Party/FreeRTOS/Source/portable/GCC/ARM_CM3/port.c.obj
                0x08003de8                vPortExitCritical
 *fill*         0x08003e14        0xc 
 .text.PendSV_Handler
                0x08003e20       0x44 CMakeFiles/stm32driver.elf.dir/Middlewares/Third_Party/FreeRTOS/Source/portable/GCC/ARM_CM3/port.c.obj
                0x08003e20                PendSV_Handler
 .text.SysTick_Handler
                0x08003e64       0x2c CMakeFiles/stm32driver.elf.dir/Middlewares/Third_Party/FreeRTOS/Source/portable/GCC/ARM_CM3/port.c.obj
                0x08003e64                SysTick_Handler
 .text.vPortSetupTimerInterrupt
                0x08003e90       0x38 CMakeFiles/stm32driver.elf.dir/Middlewares/Third_Party/FreeRTOS/Source/portable/GCC/ARM_CM3/port.c.obj
                0x08003e90                vPortSetupTimerInterrupt
 .text.xPortStartScheduler
                0x08003ec8       0xb8 CMakeFiles/stm32driver.elf.dir/Middlewares/Third_Party/FreeRTOS/Source/portable/GCC/ARM_CM3/port.c.obj
                0x08003ec8                xPortStartScheduler
 .text.vPortValidateInterruptPriority
                0x08003f80       0x5c CMakeFiles/stm32driver.elf.dir/Middlewares/Third_Party/FreeRTOS/Source/portable/GCC/ARM_CM3/port.c.obj
                0x08003f80                vPortValidateInterruptPriority
 .text.prvHeapInit
                0x08003fdc       0x64 CMakeFiles/stm32driver.elf.dir/Middlewares/Third_Party/FreeRTOS/Source/portable/MemMang/heap_4.c.obj
 .text.prvInsertBlockIntoFreeList
                0x08004040       0x54 CMakeFiles/stm32driver.elf.dir/Middlewares/Third_Party/FreeRTOS/Source/portable/MemMang/heap_4.c.obj
 .text.pvPortMalloc
                0x08004094      0x104 CMakeFiles/stm32driver.elf.dir/Middlewares/Third_Party/FreeRTOS/Source/portable/MemMang/heap_4.c.obj
                0x08004094                pvPortMalloc
 .text.vPortFree
                0x08004198       0x78 CMakeFiles/stm32driver.elf.dir/Middlewares/Third_Party/FreeRTOS/Source/portable/MemMang/heap_4.c.obj
                0x08004198                vPortFree
 .text.prvIsQueueFull
                0x08004210       0x20 CMakeFiles/stm32driver.elf.dir/Middlewares/Third_Party/FreeRTOS/Source/queue.c.obj
 .text.prvIsQueueEmpty
                0x08004230       0x1c CMakeFiles/stm32driver.elf.dir/Middlewares/Third_Party/FreeRTOS/Source/queue.c.obj
 .text.prvCopyDataToQueue
                0x0800424c       0x78 CMakeFiles/stm32driver.elf.dir/Middlewares/Third_Party/FreeRTOS/Source/queue.c.obj
 .text.prvCopyDataFromQueue
                0x080042c4       0x24 CMakeFiles/stm32driver.elf.dir/Middlewares/Third_Party/FreeRTOS/Source/queue.c.obj
 .text.prvUnlockQueue
                0x080042e8       0x68 CMakeFiles/stm32driver.elf.dir/Middlewares/Third_Party/FreeRTOS/Source/queue.c.obj
 .text.xQueueGenericReset
                0x08004350       0x80 CMakeFiles/stm32driver.elf.dir/Middlewares/Third_Party/FreeRTOS/Source/queue.c.obj
                0x08004350                xQueueGenericReset
 .text.prvInitialiseNewQueue
                0x080043d0       0x24 CMakeFiles/stm32driver.elf.dir/Middlewares/Third_Party/FreeRTOS/Source/queue.c.obj
 .text.xQueueGenericCreateStatic
                0x080043f4       0xac CMakeFiles/stm32driver.elf.dir/Middlewares/Third_Party/FreeRTOS/Source/queue.c.obj
                0x080043f4                xQueueGenericCreateStatic
 .text.xQueueGenericSend
                0x080044a0      0x190 CMakeFiles/stm32driver.elf.dir/Middlewares/Third_Party/FreeRTOS/Source/queue.c.obj
                0x080044a0                xQueueGenericSend
 .text.xQueueGenericSendFromISR
                0x08004630       0xe4 CMakeFiles/stm32driver.elf.dir/Middlewares/Third_Party/FreeRTOS/Source/queue.c.obj
                0x08004630                xQueueGenericSendFromISR
 .text.xQueueReceive
                0x08004714      0x158 CMakeFiles/stm32driver.elf.dir/Middlewares/Third_Party/FreeRTOS/Source/queue.c.obj
                0x08004714                xQueueReceive
 .text.vQueueAddToRegistry
                0x0800486c       0x28 CMakeFiles/stm32driver.elf.dir/Middlewares/Third_Party/FreeRTOS/Source/queue.c.obj
                0x0800486c                vQueueAddToRegistry
 .text.vQueueWaitForMessageRestricted
                0x08004894       0x4c CMakeFiles/stm32driver.elf.dir/Middlewares/Third_Party/FreeRTOS/Source/queue.c.obj
                0x08004894                vQueueWaitForMessageRestricted
 .text.prvResetNextTaskUnblockTime
                0x080048e0       0x34 CMakeFiles/stm32driver.elf.dir/Middlewares/Third_Party/FreeRTOS/Source/tasks.c.obj
 .text.prvInitialiseNewTask
                0x08004914       0x90 CMakeFiles/stm32driver.elf.dir/Middlewares/Third_Party/FreeRTOS/Source/tasks.c.obj
 .text.prvInitialiseTaskLists
                0x080049a4       0x68 CMakeFiles/stm32driver.elf.dir/Middlewares/Third_Party/FreeRTOS/Source/tasks.c.obj
 .text.prvAddNewTaskToReadyList
                0x08004a0c       0xa8 CMakeFiles/stm32driver.elf.dir/Middlewares/Third_Party/FreeRTOS/Source/tasks.c.obj
 .text.prvDeleteTCB
                0x08004ab4       0x3c CMakeFiles/stm32driver.elf.dir/Middlewares/Third_Party/FreeRTOS/Source/tasks.c.obj
 .text.prvCheckTasksWaitingTermination
                0x08004af0       0x44 CMakeFiles/stm32driver.elf.dir/Middlewares/Third_Party/FreeRTOS/Source/tasks.c.obj
 .text.prvIdleTask
                0x08004b34       0x28 CMakeFiles/stm32driver.elf.dir/Middlewares/Third_Party/FreeRTOS/Source/tasks.c.obj
 .text.prvAddCurrentTaskToDelayedList
                0x08004b5c       0x7c CMakeFiles/stm32driver.elf.dir/Middlewares/Third_Party/FreeRTOS/Source/tasks.c.obj
 .text.xTaskCreateStatic
                0x08004bd8       0x7c CMakeFiles/stm32driver.elf.dir/Middlewares/Third_Party/FreeRTOS/Source/tasks.c.obj
                0x08004bd8                xTaskCreateStatic
 .text.xTaskCreate
                0x08004c54       0x68 CMakeFiles/stm32driver.elf.dir/Middlewares/Third_Party/FreeRTOS/Source/tasks.c.obj
                0x08004c54                xTaskCreate
 .text.vTaskStartScheduler
                0x08004cbc       0x98 CMakeFiles/stm32driver.elf.dir/Middlewares/Third_Party/FreeRTOS/Source/tasks.c.obj
                0x08004cbc                vTaskStartScheduler
 .text.vTaskSuspendAll
                0x08004d54       0x10 CMakeFiles/stm32driver.elf.dir/Middlewares/Third_Party/FreeRTOS/Source/tasks.c.obj
                0x08004d54                vTaskSuspendAll
 .text.xTaskGetTickCount
                0x08004d64        0xc CMakeFiles/stm32driver.elf.dir/Middlewares/Third_Party/FreeRTOS/Source/tasks.c.obj
                0x08004d64                xTaskGetTickCount
 .text.xTaskIncrementTick
                0x08004d70      0x124 CMakeFiles/stm32driver.elf.dir/Middlewares/Third_Party/FreeRTOS/Source/tasks.c.obj
                0x08004d70                xTaskIncrementTick
 .text.xTaskResumeAll
                0x08004e94       0xf8 CMakeFiles/stm32driver.elf.dir/Middlewares/Third_Party/FreeRTOS/Source/tasks.c.obj
                0x08004e94                xTaskResumeAll
 .text.vTaskDelay
                0x08004f8c       0x50 CMakeFiles/stm32driver.elf.dir/Middlewares/Third_Party/FreeRTOS/Source/tasks.c.obj
                0x08004f8c                vTaskDelay
 .text.vTaskSwitchContext
                0x08004fdc       0x98 CMakeFiles/stm32driver.elf.dir/Middlewares/Third_Party/FreeRTOS/Source/tasks.c.obj
                0x08004fdc                vTaskSwitchContext
 .text.vTaskPlaceOnEventList
                0x08005074       0x30 CMakeFiles/stm32driver.elf.dir/Middlewares/Third_Party/FreeRTOS/Source/tasks.c.obj
                0x08005074                vTaskPlaceOnEventList
 .text.vTaskPlaceOnEventListRestricted
                0x080050a4       0x38 CMakeFiles/stm32driver.elf.dir/Middlewares/Third_Party/FreeRTOS/Source/tasks.c.obj
                0x080050a4                vTaskPlaceOnEventListRestricted
 .text.xTaskRemoveFromEventList
                0x080050dc       0x8c CMakeFiles/stm32driver.elf.dir/Middlewares/Third_Party/FreeRTOS/Source/tasks.c.obj
                0x080050dc                xTaskRemoveFromEventList
 .text.vTaskInternalSetTimeOutState
                0x08005168       0x18 CMakeFiles/stm32driver.elf.dir/Middlewares/Third_Party/FreeRTOS/Source/tasks.c.obj
                0x08005168                vTaskInternalSetTimeOutState
 .text.xTaskCheckForTimeOut
                0x08005180       0x80 CMakeFiles/stm32driver.elf.dir/Middlewares/Third_Party/FreeRTOS/Source/tasks.c.obj
                0x08005180                xTaskCheckForTimeOut
 .text.vTaskMissedYield
                0x08005200        0xc CMakeFiles/stm32driver.elf.dir/Middlewares/Third_Party/FreeRTOS/Source/tasks.c.obj
                0x08005200                vTaskMissedYield
 .text.xTaskGetSchedulerState
                0x0800520c       0x20 CMakeFiles/stm32driver.elf.dir/Middlewares/Third_Party/FreeRTOS/Source/tasks.c.obj
                0x0800520c                xTaskGetSchedulerState
 .text.xTaskPriorityDisinherit
                0x0800522c       0x94 CMakeFiles/stm32driver.elf.dir/Middlewares/Third_Party/FreeRTOS/Source/tasks.c.obj
                0x0800522c                xTaskPriorityDisinherit
 .text.prvGetNextExpireTime
                0x080052c0       0x20 CMakeFiles/stm32driver.elf.dir/Middlewares/Third_Party/FreeRTOS/Source/timers.c.obj
 .text.prvInsertTimerInActiveList
                0x080052e0       0x48 CMakeFiles/stm32driver.elf.dir/Middlewares/Third_Party/FreeRTOS/Source/timers.c.obj
 .text.prvCheckForValidListAndQueue
                0x08005328       0x6c CMakeFiles/stm32driver.elf.dir/Middlewares/Third_Party/FreeRTOS/Source/timers.c.obj
 .text.xTimerCreateTimerTask
                0x08005394       0x70 CMakeFiles/stm32driver.elf.dir/Middlewares/Third_Party/FreeRTOS/Source/timers.c.obj
                0x08005394                xTimerCreateTimerTask
 .text.xTimerGenericCommand
                0x08005404       0x6c CMakeFiles/stm32driver.elf.dir/Middlewares/Third_Party/FreeRTOS/Source/timers.c.obj
                0x08005404                xTimerGenericCommand
 .text.prvSwitchTimerLists
                0x08005470       0x7c CMakeFiles/stm32driver.elf.dir/Middlewares/Third_Party/FreeRTOS/Source/timers.c.obj
 .text.prvSampleTimeNow
                0x080054ec       0x2c CMakeFiles/stm32driver.elf.dir/Middlewares/Third_Party/FreeRTOS/Source/timers.c.obj
 .text.prvProcessExpiredTimer
                0x08005518       0x5c CMakeFiles/stm32driver.elf.dir/Middlewares/Third_Party/FreeRTOS/Source/timers.c.obj
 .text.prvProcessTimerOrBlockTask
                0x08005574       0x74 CMakeFiles/stm32driver.elf.dir/Middlewares/Third_Party/FreeRTOS/Source/timers.c.obj
 .text.prvProcessReceivedCommands
                0x080055e8       0xd0 CMakeFiles/stm32driver.elf.dir/Middlewares/Third_Party/FreeRTOS/Source/timers.c.obj
 .text.prvTimerTask
                0x080056b8       0x18 CMakeFiles/stm32driver.elf.dir/Middlewares/Third_Party/FreeRTOS/Source/timers.c.obj
 .text.Reset_Handler
                0x080056d0       0x48 CMakeFiles/stm32driver.elf.dir/startup/startup_stm32f103xe.s.obj
                0x080056d0                Reset_Handler
 .text.Default_Handler
                0x08005718        0x2 CMakeFiles/stm32driver.elf.dir/startup/startup_stm32f103xe.s.obj
                0x08005718                RTC_Alarm_IRQHandler
                0x08005718                EXTI2_IRQHandler
                0x08005718                TIM8_TRG_COM_IRQHandler
                0x08005718                TIM8_CC_IRQHandler
                0x08005718                TIM1_CC_IRQHandler
                0x08005718                TIM6_IRQHandler
                0x08005718                PVD_IRQHandler
                0x08005718                SDIO_IRQHandler
                0x08005718                EXTI3_IRQHandler
                0x08005718                EXTI0_IRQHandler
                0x08005718                I2C2_EV_IRQHandler
                0x08005718                ADC1_2_IRQHandler
                0x08005718                SPI1_IRQHandler
                0x08005718                TAMPER_IRQHandler
                0x08005718                TIM8_UP_IRQHandler
                0x08005718                DMA2_Channel2_IRQHandler
                0x08005718                DMA1_Channel4_IRQHandler
                0x08005718                RTC_IRQHandler
                0x08005718                DMA1_Channel7_IRQHandler
                0x08005718                CAN1_RX1_IRQHandler
                0x08005718                UART5_IRQHandler
                0x08005718                ADC3_IRQHandler
                0x08005718                TIM4_IRQHandler
                0x08005718                DMA2_Channel1_IRQHandler
                0x08005718                I2C1_EV_IRQHandler
                0x08005718                DMA1_Channel6_IRQHandler
                0x08005718                UART4_IRQHandler
                0x08005718                TIM3_IRQHandler
                0x08005718                RCC_IRQHandler
                0x08005718                TIM1_TRG_COM_IRQHandler
                0x08005718                DMA1_Channel1_IRQHandler
                0x08005718                Default_Handler
                0x08005718                EXTI15_10_IRQHandler
                0x08005718                TIM7_IRQHandler
                0x08005718                TIM5_IRQHandler
                0x08005718                EXTI9_5_IRQHandler
                0x08005718                SPI2_IRQHandler
                0x08005718                DMA1_Channel5_IRQHandler
                0x08005718                EXTI4_IRQHandler
                0x08005718                USB_LP_CAN1_RX0_IRQHandler
                0x08005718                USB_HP_CAN1_TX_IRQHandler
                0x08005718                FSMC_IRQHandler
                0x08005718                WWDG_IRQHandler
                0x08005718                TIM2_IRQHandler
                0x08005718                TIM1_BRK_IRQHandler
                0x08005718                EXTI1_IRQHandler
                0x08005718                DMA2_Channel4_5_IRQHandler
                0x08005718                USART2_IRQHandler
                0x08005718                I2C2_ER_IRQHandler
                0x08005718                TIM8_BRK_IRQHandler
                0x08005718                CAN1_SCE_IRQHandler
                0x08005718                FLASH_IRQHandler
                0x08005718                USART1_IRQHandler
                0x08005718                SPI3_IRQHandler
                0x08005718                I2C1_ER_IRQHandler
                0x08005718                USBWakeUp_IRQHandler
                0x08005718                DMA2_Channel3_IRQHandler
 *fill*         0x0800571a        0x2 
 .text.__libc_init_array
                0x0800571c       0x50 c:/progra~2/gnutoo~1/50a5a~1.420/bin/../lib/gcc/arm-none-eabi/5.4.1/../../../../arm-none-eabi/lib/armv7-m\libg.a(lib_a-init.o)
                0x0800571c                __libc_init_array
 .text.memset   0x0800576c       0x9c c:/progra~2/gnutoo~1/50a5a~1.420/bin/../lib/gcc/arm-none-eabi/5.4.1/../../../../arm-none-eabi/lib/armv7-m\libg.a(lib_a-memset.o)
                0x0800576c                memset
 .text.startup.register_fini
                0x08005808       0x14 c:/progra~2/gnutoo~1/50a5a~1.420/bin/../lib/gcc/arm-none-eabi/5.4.1/../../../../arm-none-eabi/lib/armv7-m\libg.a(lib_a-__call_atexit.o)
 .text.atexit   0x0800581c        0xc c:/progra~2/gnutoo~1/50a5a~1.420/bin/../lib/gcc/arm-none-eabi/5.4.1/../../../../arm-none-eabi/lib/armv7-m\libg.a(lib_a-atexit.o)
                0x0800581c                atexit
 .text.__libc_fini_array
                0x08005828       0x28 c:/progra~2/gnutoo~1/50a5a~1.420/bin/../lib/gcc/arm-none-eabi/5.4.1/../../../../arm-none-eabi/lib/armv7-m\libg.a(lib_a-fini.o)
                0x08005828                __libc_fini_array
 .text.__register_exitproc
                0x08005850       0xa4 c:/progra~2/gnutoo~1/50a5a~1.420/bin/../lib/gcc/arm-none-eabi/5.4.1/../../../../arm-none-eabi/lib/armv7-m\libg.a(lib_a-__atexit.o)
                0x08005850                __register_exitproc
 *(.glue_7)
 .glue_7        0x080058f4        0x0 linker stubs
 *(.glue_7t)
 .glue_7t       0x080058f4        0x0 linker stubs
 *(.eh_frame)
 .eh_frame      0x080058f4        0x0 c:/progra~2/gnutoo~1/50a5a~1.420/bin/../lib/gcc/arm-none-eabi/5.4.1/armv7-m/crtbegin.o
 *(.init)
 .init          0x080058f4        0x4 c:/progra~2/gnutoo~1/50a5a~1.420/bin/../lib/gcc/arm-none-eabi/5.4.1/armv7-m/crti.o
                0x080058f4                _init
 .init          0x080058f8        0x8 c:/progra~2/gnutoo~1/50a5a~1.420/bin/../lib/gcc/arm-none-eabi/5.4.1/armv7-m/crtn.o
 *(.fini)
 .fini          0x08005900        0x4 c:/progra~2/gnutoo~1/50a5a~1.420/bin/../lib/gcc/arm-none-eabi/5.4.1/armv7-m/crti.o
                0x08005900                _fini
 .fini          0x08005904        0x8 c:/progra~2/gnutoo~1/50a5a~1.420/bin/../lib/gcc/arm-none-eabi/5.4.1/armv7-m/crtn.o
                0x0800590c                . = ALIGN (0x4)
                0x0800590c                _etext = .

.vfp11_veneer   0x0800590c        0x0
 .vfp11_veneer  0x0800590c        0x0 linker stubs

.v4_bx          0x0800590c        0x0
 .v4_bx         0x0800590c        0x0 linker stubs

.iplt           0x0800590c        0x0
 .iplt          0x0800590c        0x0 c:/progra~2/gnutoo~1/50a5a~1.420/bin/../lib/gcc/arm-none-eabi/5.4.1/armv7-m/crtbegin.o

.rodata         0x0800590c      0x964
                0x0800590c                . = ALIGN (0x4)
 *(.rodata)
 .rodata        0x0800590c       0x12 CMakeFiles/stm32driver.elf.dir/Drivers/STM32F1xx_HAL_Driver/Src/stm32f1xx_hal_rcc.c.obj
 *(.rodata*)
 *fill*         0x0800591e        0x2 
 .rodata.F8X16  0x08005920      0x5e0 CMakeFiles/stm32driver.elf.dir/Core/Src/User/oled.c.obj
                0x08005920                F8X16
 .rodata.str1.4
                0x08005f00       0x10 CMakeFiles/stm32driver.elf.dir/Core/Src/User/oled.c.obj
 .rodata.F6x8   0x08005f10      0x228 CMakeFiles/stm32driver.elf.dir/Core/Src/User/oled.c.obj
                0x08005f10                F6x8
 .rodata.defaultTask_attributes
                0x08006138       0x24 CMakeFiles/stm32driver.elf.dir/Core/Src/freertos.c.obj
                0x08006138                defaultTask_attributes
 .rodata.str1.4
                0x0800615c       0x34 CMakeFiles/stm32driver.elf.dir/Core/Src/freertos.c.obj
 .rodata.myTaskMotor_attributes
                0x08006190       0x24 CMakeFiles/stm32driver.elf.dir/Core/Src/freertos.c.obj
                0x08006190                myTaskMotor_attributes
 .rodata.myTaskUsart_attributes
                0x080061b4       0x24 CMakeFiles/stm32driver.elf.dir/Core/Src/freertos.c.obj
                0x080061b4                myTaskUsart_attributes
 .rodata.myTaskDisplay_attributes
                0x080061d8       0x24 CMakeFiles/stm32driver.elf.dir/Core/Src/freertos.c.obj
                0x080061d8                myTaskDisplay_attributes
 .rodata.str1.4
                0x080061fc       0x3e CMakeFiles/stm32driver.elf.dir/Core/Src/main.c.obj
 *fill*         0x0800623a        0x2 
 .rodata.AHBPrescTable
                0x0800623c       0x10 CMakeFiles/stm32driver.elf.dir/Core/Src/system_stm32f1xx.c.obj
                0x0800623c                AHBPrescTable
 .rodata.APBPrescTable
                0x0800624c        0x8 CMakeFiles/stm32driver.elf.dir/Core/Src/system_stm32f1xx.c.obj
                0x0800624c                APBPrescTable
 .rodata.str1.4
                0x08006254        0x5 CMakeFiles/stm32driver.elf.dir/Middlewares/Third_Party/FreeRTOS/Source/tasks.c.obj
 *fill*         0x08006259        0x3 
 .rodata.str1.4
                0x0800625c       0x10 CMakeFiles/stm32driver.elf.dir/Middlewares/Third_Party/FreeRTOS/Source/timers.c.obj
 .rodata._global_impure_ptr
                0x0800626c        0x4 c:/progra~2/gnutoo~1/50a5a~1.420/bin/../lib/gcc/arm-none-eabi/5.4.1/../../../../arm-none-eabi/lib/armv7-m\libg.a(lib_a-impure.o)
                0x0800626c                _global_impure_ptr
                0x08006270                . = ALIGN (0x4)

.rel.dyn        0x08006270        0x0
 .rel.iplt      0x08006270        0x0 c:/progra~2/gnutoo~1/50a5a~1.420/bin/../lib/gcc/arm-none-eabi/5.4.1/armv7-m/crtbegin.o

.ARM.extab
 *(.ARM.extab* .gnu.linkonce.armextab.*)

.ARM            0x08006270        0x0
                0x08006270                __exidx_start = .
 *(.ARM.exidx*)
                0x08006270                __exidx_end = .

.preinit_array  0x08006270        0x0
                0x08006270                PROVIDE (__preinit_array_start, .)
 *(.preinit_array*)
                0x08006270                PROVIDE (__preinit_array_end, .)

.init_array     0x08006270        0x8
                0x08006270                PROVIDE (__init_array_start, .)
 *(SORT(.init_array.*))
 .init_array.00000
                0x08006270        0x4 c:/progra~2/gnutoo~1/50a5a~1.420/bin/../lib/gcc/arm-none-eabi/5.4.1/../../../../arm-none-eabi/lib/armv7-m\libg.a(lib_a-__call_atexit.o)
 *(.init_array*)
 .init_array    0x08006274        0x4 c:/progra~2/gnutoo~1/50a5a~1.420/bin/../lib/gcc/arm-none-eabi/5.4.1/armv7-m/crtbegin.o
                0x08006278                PROVIDE (__init_array_end, .)

.fini_array     0x08006278        0x4
                0x08006278                PROVIDE (__fini_array_start, .)
 *(SORT(.fini_array.*))
 *(.fini_array*)
 .fini_array    0x08006278        0x4 c:/progra~2/gnutoo~1/50a5a~1.420/bin/../lib/gcc/arm-none-eabi/5.4.1/armv7-m/crtbegin.o
                0x0800627c                PROVIDE (__fini_array_end, .)
                0x0800627c                _sidata = LOADADDR (.data)

.data           0x20000000      0x468 load address 0x0800627c
                0x20000000                . = ALIGN (0x4)
                0x20000000                _sdata = .
 *(.data)
 *(.data*)
 .data.Velocity_KP_A
                0x20000000        0x4 CMakeFiles/stm32driver.elf.dir/Core/Src/User/motor.c.obj
                0x20000000                Velocity_KP_A
 .data.Velocity_KP_B
                0x20000004        0x4 CMakeFiles/stm32driver.elf.dir/Core/Src/User/motor.c.obj
                0x20000004                Velocity_KP_B
 .data.Velocity_KI_A
                0x20000008        0x4 CMakeFiles/stm32driver.elf.dir/Core/Src/User/motor.c.obj
                0x20000008                Velocity_KI_A
 .data.Velocity_KI_B
                0x2000000c        0x4 CMakeFiles/stm32driver.elf.dir/Core/Src/User/motor.c.obj
                0x2000000c                Velocity_KI_B
 .data.CMD_Data
                0x20000010       0x1b CMakeFiles/stm32driver.elf.dir/Core/Src/User/oled.c.obj
                0x20000010                CMD_Data
 *fill*         0x2000002b        0x1 
 .data.SystemCoreClock
                0x2000002c        0x4 CMakeFiles/stm32driver.elf.dir/Core/Src/system_stm32f1xx.c.obj
                0x2000002c                SystemCoreClock
 .data.uwTickPrio
                0x20000030        0x4 CMakeFiles/stm32driver.elf.dir/Drivers/STM32F1xx_HAL_Driver/Src/stm32f1xx_hal.c.obj
                0x20000030                uwTickPrio
 .data.uwTickFreq
                0x20000034        0x1 CMakeFiles/stm32driver.elf.dir/Drivers/STM32F1xx_HAL_Driver/Src/stm32f1xx_hal.c.obj
                0x20000034                uwTickFreq
 *fill*         0x20000035        0x3 
 .data.uxCriticalNesting
                0x20000038        0x4 CMakeFiles/stm32driver.elf.dir/Middlewares/Third_Party/FreeRTOS/Source/portable/GCC/ARM_CM3/port.c.obj
 *fill*         0x2000003c        0x4 
 .data.impure_data
                0x20000040      0x428 c:/progra~2/gnutoo~1/50a5a~1.420/bin/../lib/gcc/arm-none-eabi/5.4.1/../../../../arm-none-eabi/lib/armv7-m\libg.a(lib_a-impure.o)
                0x20000468                . = ALIGN (0x4)
                0x20000468                _edata = .

.jcr            0x20000468        0x0 load address 0x080066e4
 .jcr           0x20000468        0x0 c:/progra~2/gnutoo~1/50a5a~1.420/bin/../lib/gcc/arm-none-eabi/5.4.1/armv7-m/crtbegin.o

.igot.plt       0x20000468        0x0 load address 0x080066e4
 .igot.plt      0x20000468        0x0 c:/progra~2/gnutoo~1/50a5a~1.420/bin/../lib/gcc/arm-none-eabi/5.4.1/armv7-m/crtbegin.o
                0x20000468                . = ALIGN (0x4)

.bss            0x20000468     0x1c40 load address 0x080066e4
                0x20000468                _sbss = .
                0x20000468                __bss_start__ = _sbss
 *(.bss)
 .bss           0x20000468       0x1c c:/progra~2/gnutoo~1/50a5a~1.420/bin/../lib/gcc/arm-none-eabi/5.4.1/armv7-m/crtbegin.o
 *(.bss*)
 .bss.Pwm_A     0x20000484        0x4 CMakeFiles/stm32driver.elf.dir/Core/Src/User/motor.c.obj
                0x20000484                Pwm_A
 .bss.Pwm_B     0x20000488        0x4 CMakeFiles/stm32driver.elf.dir/Core/Src/User/motor.c.obj
                0x20000488                Pwm_B
 .bss.Bias_A    0x2000048c        0x4 CMakeFiles/stm32driver.elf.dir/Core/Src/User/motor.c.obj
                0x2000048c                Bias_A
 .bss.Bias_B    0x20000490        0x4 CMakeFiles/stm32driver.elf.dir/Core/Src/User/motor.c.obj
                0x20000490                Bias_B
 .bss.Last_bias_A
                0x20000494        0x4 CMakeFiles/stm32driver.elf.dir/Core/Src/User/motor.c.obj
                0x20000494                Last_bias_A
 .bss.Last_bias_B
                0x20000498        0x4 CMakeFiles/stm32driver.elf.dir/Core/Src/User/motor.c.obj
                0x20000498                Last_bias_B
 .bss.motorInfo
                0x2000049c       0x20 CMakeFiles/stm32driver.elf.dir/Core/Src/freertos.c.obj
                0x2000049c                motorInfo
 .bss.str.8471  0x200004bc        0x6 CMakeFiles/stm32driver.elf.dir/Core/Src/freertos.c.obj
 *fill*         0x200004c2        0x2 
 .bss.myTaskDisplayHandle
                0x200004c4        0x4 CMakeFiles/stm32driver.elf.dir/Core/Src/freertos.c.obj
                0x200004c4                myTaskDisplayHandle
 .bss.myTaskUsartHandle
                0x200004c8        0x4 CMakeFiles/stm32driver.elf.dir/Core/Src/freertos.c.obj
                0x200004c8                myTaskUsartHandle
 .bss.len.8472  0x200004cc        0x1 CMakeFiles/stm32driver.elf.dir/Core/Src/freertos.c.obj
 *fill*         0x200004cd        0x3 
 .bss.defaultTaskHandle
                0x200004d0        0x4 CMakeFiles/stm32driver.elf.dir/Core/Src/freertos.c.obj
                0x200004d0                defaultTaskHandle
 .bss.myTaskMotorHandle
                0x200004d4        0x4 CMakeFiles/stm32driver.elf.dir/Core/Src/freertos.c.obj
                0x200004d4                myTaskMotorHandle
 .bss.hi2c1     0x200004d8       0x54 CMakeFiles/stm32driver.elf.dir/Core/Src/i2c.c.obj
                0x200004d8                hi2c1
 .bss.htim1     0x2000052c       0x40 CMakeFiles/stm32driver.elf.dir/Core/Src/stm32f1xx_hal_timebase_tim.c.obj
                0x2000052c                htim1
 .bss.htim2     0x2000056c       0x40 CMakeFiles/stm32driver.elf.dir/Core/Src/tim.c.obj
                0x2000056c                htim2
 .bss.htim3     0x200005ac       0x40 CMakeFiles/stm32driver.elf.dir/Core/Src/tim.c.obj
                0x200005ac                htim3
 .bss.htim4     0x200005ec       0x40 CMakeFiles/stm32driver.elf.dir/Core/Src/tim.c.obj
                0x200005ec                htim4
 .bss.hdma_usart3_tx
                0x2000062c       0x44 CMakeFiles/stm32driver.elf.dir/Core/Src/usart.c.obj
                0x2000062c                hdma_usart3_tx
 .bss.rx3_buffer
                0x20000670       0x64 CMakeFiles/stm32driver.elf.dir/Core/Src/usart.c.obj
                0x20000670                rx3_buffer
 .bss.rec3_end_flag
                0x200006d4        0x1 CMakeFiles/stm32driver.elf.dir/Core/Src/usart.c.obj
                0x200006d4                rec3_end_flag
 *fill*         0x200006d5        0x3 
 .bss.hdma_usart3_rx
                0x200006d8       0x44 CMakeFiles/stm32driver.elf.dir/Core/Src/usart.c.obj
                0x200006d8                hdma_usart3_rx
 .bss.huart3    0x2000071c       0x40 CMakeFiles/stm32driver.elf.dir/Core/Src/usart.c.obj
                0x2000071c                huart3
 .bss.rx3_len   0x2000075c        0x1 CMakeFiles/stm32driver.elf.dir/Core/Src/usart.c.obj
                0x2000075c                rx3_len
 *fill*         0x2000075d        0x3 
 .bss.uwTick    0x20000760        0x4 CMakeFiles/stm32driver.elf.dir/Drivers/STM32F1xx_HAL_Driver/Src/stm32f1xx_hal.c.obj
                0x20000760                uwTick
 .bss.Idle_Stack
                0x20000764      0x200 CMakeFiles/stm32driver.elf.dir/Middlewares/Third_Party/FreeRTOS/Source/CMSIS_RTOS_V2/cmsis_os2.c.obj
 .bss.Idle_TCB  0x20000964       0x5c CMakeFiles/stm32driver.elf.dir/Middlewares/Third_Party/FreeRTOS/Source/CMSIS_RTOS_V2/cmsis_os2.c.obj
 .bss.Timer_Stack
                0x200009c0      0x400 CMakeFiles/stm32driver.elf.dir/Middlewares/Third_Party/FreeRTOS/Source/CMSIS_RTOS_V2/cmsis_os2.c.obj
 .bss.KernelState
                0x20000dc0        0x4 CMakeFiles/stm32driver.elf.dir/Middlewares/Third_Party/FreeRTOS/Source/CMSIS_RTOS_V2/cmsis_os2.c.obj
 .bss.Timer_TCB
                0x20000dc4       0x5c CMakeFiles/stm32driver.elf.dir/Middlewares/Third_Party/FreeRTOS/Source/CMSIS_RTOS_V2/cmsis_os2.c.obj
 .bss.ucMaxSysCallPriority
                0x20000e20        0x1 CMakeFiles/stm32driver.elf.dir/Middlewares/Third_Party/FreeRTOS/Source/portable/GCC/ARM_CM3/port.c.obj
 *fill*         0x20000e21        0x3 
 .bss.ulMaxPRIGROUPValue
                0x20000e24        0x4 CMakeFiles/stm32driver.elf.dir/Middlewares/Third_Party/FreeRTOS/Source/portable/GCC/ARM_CM3/port.c.obj
 .bss.xFreeBytesRemaining
                0x20000e28        0x4 CMakeFiles/stm32driver.elf.dir/Middlewares/Third_Party/FreeRTOS/Source/portable/MemMang/heap_4.c.obj
 .bss.pxEnd     0x20000e2c        0x4 CMakeFiles/stm32driver.elf.dir/Middlewares/Third_Party/FreeRTOS/Source/portable/MemMang/heap_4.c.obj
 .bss.xStart    0x20000e30        0x8 CMakeFiles/stm32driver.elf.dir/Middlewares/Third_Party/FreeRTOS/Source/portable/MemMang/heap_4.c.obj
 .bss.ucHeap    0x20000e38      0xc00 CMakeFiles/stm32driver.elf.dir/Middlewares/Third_Party/FreeRTOS/Source/portable/MemMang/heap_4.c.obj
 .bss.xBlockAllocatedBit
                0x20001a38        0x4 CMakeFiles/stm32driver.elf.dir/Middlewares/Third_Party/FreeRTOS/Source/portable/MemMang/heap_4.c.obj
 .bss.xMinimumEverFreeBytesRemaining
                0x20001a3c        0x4 CMakeFiles/stm32driver.elf.dir/Middlewares/Third_Party/FreeRTOS/Source/portable/MemMang/heap_4.c.obj
 .bss.xQueueRegistry
                0x20001a40       0x40 CMakeFiles/stm32driver.elf.dir/Middlewares/Third_Party/FreeRTOS/Source/queue.c.obj
                0x20001a40                xQueueRegistry
 .bss.pxDelayedTaskList
                0x20001a80        0x4 CMakeFiles/stm32driver.elf.dir/Middlewares/Third_Party/FreeRTOS/Source/tasks.c.obj
 .bss.xSchedulerRunning
                0x20001a84        0x4 CMakeFiles/stm32driver.elf.dir/Middlewares/Third_Party/FreeRTOS/Source/tasks.c.obj
 .bss.xTasksWaitingTermination
                0x20001a88       0x14 CMakeFiles/stm32driver.elf.dir/Middlewares/Third_Party/FreeRTOS/Source/tasks.c.obj
 .bss.pxOverflowDelayedTaskList
                0x20001a9c        0x4 CMakeFiles/stm32driver.elf.dir/Middlewares/Third_Party/FreeRTOS/Source/tasks.c.obj
 .bss.uxPendedTicks
                0x20001aa0        0x4 CMakeFiles/stm32driver.elf.dir/Middlewares/Third_Party/FreeRTOS/Source/tasks.c.obj
 .bss.pxReadyTasksLists
                0x20001aa4      0x460 CMakeFiles/stm32driver.elf.dir/Middlewares/Third_Party/FreeRTOS/Source/tasks.c.obj
 .bss.uxSchedulerSuspended
                0x20001f04        0x4 CMakeFiles/stm32driver.elf.dir/Middlewares/Third_Party/FreeRTOS/Source/tasks.c.obj
 .bss.uxDeletedTasksWaitingCleanUp
                0x20001f08        0x4 CMakeFiles/stm32driver.elf.dir/Middlewares/Third_Party/FreeRTOS/Source/tasks.c.obj
 .bss.uxCurrentNumberOfTasks
                0x20001f0c        0x4 CMakeFiles/stm32driver.elf.dir/Middlewares/Third_Party/FreeRTOS/Source/tasks.c.obj
 .bss.pxCurrentTCB
                0x20001f10        0x4 CMakeFiles/stm32driver.elf.dir/Middlewares/Third_Party/FreeRTOS/Source/tasks.c.obj
                0x20001f10                pxCurrentTCB
 .bss.xPendingReadyList
                0x20001f14       0x14 CMakeFiles/stm32driver.elf.dir/Middlewares/Third_Party/FreeRTOS/Source/tasks.c.obj
 .bss.xNumOfOverflows
                0x20001f28        0x4 CMakeFiles/stm32driver.elf.dir/Middlewares/Third_Party/FreeRTOS/Source/tasks.c.obj
 .bss.xTickCount
                0x20001f2c        0x4 CMakeFiles/stm32driver.elf.dir/Middlewares/Third_Party/FreeRTOS/Source/tasks.c.obj
 .bss.xNextTaskUnblockTime
                0x20001f30        0x4 CMakeFiles/stm32driver.elf.dir/Middlewares/Third_Party/FreeRTOS/Source/tasks.c.obj
 .bss.uxTaskNumber
                0x20001f34        0x4 CMakeFiles/stm32driver.elf.dir/Middlewares/Third_Party/FreeRTOS/Source/tasks.c.obj
 .bss.xDelayedTaskList1
                0x20001f38       0x14 CMakeFiles/stm32driver.elf.dir/Middlewares/Third_Party/FreeRTOS/Source/tasks.c.obj
 .bss.xDelayedTaskList2
                0x20001f4c       0x14 CMakeFiles/stm32driver.elf.dir/Middlewares/Third_Party/FreeRTOS/Source/tasks.c.obj
 .bss.xSuspendedTaskList
                0x20001f60       0x14 CMakeFiles/stm32driver.elf.dir/Middlewares/Third_Party/FreeRTOS/Source/tasks.c.obj
 .bss.uxTopReadyPriority
                0x20001f74        0x4 CMakeFiles/stm32driver.elf.dir/Middlewares/Third_Party/FreeRTOS/Source/tasks.c.obj
 .bss.xYieldPending
                0x20001f78        0x4 CMakeFiles/stm32driver.elf.dir/Middlewares/Third_Party/FreeRTOS/Source/tasks.c.obj
 .bss.pxCurrentTimerList
                0x20001f7c        0x4 CMakeFiles/stm32driver.elf.dir/Middlewares/Third_Party/FreeRTOS/Source/timers.c.obj
 .bss.xActiveTimerList1
                0x20001f80       0x14 CMakeFiles/stm32driver.elf.dir/Middlewares/Third_Party/FreeRTOS/Source/timers.c.obj
 .bss.xActiveTimerList2
                0x20001f94       0x14 CMakeFiles/stm32driver.elf.dir/Middlewares/Third_Party/FreeRTOS/Source/timers.c.obj
 .bss.xLastTime.5504
                0x20001fa8        0x4 CMakeFiles/stm32driver.elf.dir/Middlewares/Third_Party/FreeRTOS/Source/timers.c.obj
 .bss.ucStaticTimerQueueStorage.5555
                0x20001fac       0xa0 CMakeFiles/stm32driver.elf.dir/Middlewares/Third_Party/FreeRTOS/Source/timers.c.obj
 .bss.xStaticTimerQueue.5554
                0x2000204c       0x50 CMakeFiles/stm32driver.elf.dir/Middlewares/Third_Party/FreeRTOS/Source/timers.c.obj
 .bss.xTimerQueue
                0x2000209c        0x4 CMakeFiles/stm32driver.elf.dir/Middlewares/Third_Party/FreeRTOS/Source/timers.c.obj
 .bss.pxOverflowTimerList
                0x200020a0        0x4 CMakeFiles/stm32driver.elf.dir/Middlewares/Third_Party/FreeRTOS/Source/timers.c.obj
 .bss.xTimerTaskHandle
                0x200020a4        0x4 CMakeFiles/stm32driver.elf.dir/Middlewares/Third_Party/FreeRTOS/Source/timers.c.obj
 *(COMMON)
                0x200020a8                . = ALIGN (0x4)
                0x200020a8                _ebss = .
                0x200020a8                __bss_end__ = _ebss

._user_heap_stack
                0x200020a8      0x600 load address 0x080066e4
                0x200020a8                . = ALIGN (0x8)
                0x200020a8                PROVIDE (end, .)
                [!provide]                PROVIDE (_end, .)
                0x200022a8                . = (. + _Min_Heap_Size)
 *fill*         0x200020a8      0x200 
                0x200026a8                . = (. + _Min_Stack_Size)
 *fill*         0x200022a8      0x400 
                0x200026a8                . = ALIGN (0x8)

/DISCARD/
 libc.a(*)
 libm.a(*)
 libgcc.a(*)

.ARM.attributes
                0x00000000       0x29
 *(.ARM.attributes)
 .ARM.attributes
                0x00000000       0x1d c:/progra~2/gnutoo~1/50a5a~1.420/bin/../lib/gcc/arm-none-eabi/5.4.1/armv7-m/crti.o
 .ARM.attributes
                0x0000001d       0x2d c:/progra~2/gnutoo~1/50a5a~1.420/bin/../lib/gcc/arm-none-eabi/5.4.1/armv7-m/crtbegin.o
 .ARM.attributes
                0x0000004a       0x33 CMakeFiles/stm32driver.elf.dir/Core/Src/User/motor.c.obj
 .ARM.attributes
                0x0000007d       0x33 CMakeFiles/stm32driver.elf.dir/Core/Src/User/oled.c.obj
 .ARM.attributes
                0x000000b0       0x33 CMakeFiles/stm32driver.elf.dir/Core/Src/dma.c.obj
 .ARM.attributes
                0x000000e3       0x33 CMakeFiles/stm32driver.elf.dir/Core/Src/freertos.c.obj
 .ARM.attributes
                0x00000116       0x33 CMakeFiles/stm32driver.elf.dir/Core/Src/gpio.c.obj
 .ARM.attributes
                0x00000149       0x33 CMakeFiles/stm32driver.elf.dir/Core/Src/i2c.c.obj
 .ARM.attributes
                0x0000017c       0x33 CMakeFiles/stm32driver.elf.dir/Core/Src/main.c.obj
 .ARM.attributes
                0x000001af       0x33 CMakeFiles/stm32driver.elf.dir/Core/Src/stm32f1xx_hal_msp.c.obj
 .ARM.attributes
                0x000001e2       0x33 CMakeFiles/stm32driver.elf.dir/Core/Src/stm32f1xx_hal_timebase_tim.c.obj
 .ARM.attributes
                0x00000215       0x33 CMakeFiles/stm32driver.elf.dir/Core/Src/stm32f1xx_it.c.obj
 .ARM.attributes
                0x00000248       0x33 CMakeFiles/stm32driver.elf.dir/Core/Src/system_stm32f1xx.c.obj
 .ARM.attributes
                0x0000027b       0x33 CMakeFiles/stm32driver.elf.dir/Core/Src/tim.c.obj
 .ARM.attributes
                0x000002ae       0x33 CMakeFiles/stm32driver.elf.dir/Core/Src/usart.c.obj
 .ARM.attributes
                0x000002e1       0x33 CMakeFiles/stm32driver.elf.dir/Drivers/STM32F1xx_HAL_Driver/Src/stm32f1xx_hal.c.obj
 .ARM.attributes
                0x00000314       0x33 CMakeFiles/stm32driver.elf.dir/Drivers/STM32F1xx_HAL_Driver/Src/stm32f1xx_hal_cortex.c.obj
 .ARM.attributes
                0x00000347       0x33 CMakeFiles/stm32driver.elf.dir/Drivers/STM32F1xx_HAL_Driver/Src/stm32f1xx_hal_dma.c.obj
 .ARM.attributes
                0x0000037a       0x33 CMakeFiles/stm32driver.elf.dir/Drivers/STM32F1xx_HAL_Driver/Src/stm32f1xx_hal_gpio.c.obj
 .ARM.attributes
                0x000003ad       0x33 CMakeFiles/stm32driver.elf.dir/Drivers/STM32F1xx_HAL_Driver/Src/stm32f1xx_hal_i2c.c.obj
 .ARM.attributes
                0x000003e0       0x33 CMakeFiles/stm32driver.elf.dir/Drivers/STM32F1xx_HAL_Driver/Src/stm32f1xx_hal_rcc.c.obj
 .ARM.attributes
                0x00000413       0x33 CMakeFiles/stm32driver.elf.dir/Drivers/STM32F1xx_HAL_Driver/Src/stm32f1xx_hal_tim.c.obj
 .ARM.attributes
                0x00000446       0x33 CMakeFiles/stm32driver.elf.dir/Drivers/STM32F1xx_HAL_Driver/Src/stm32f1xx_hal_tim_ex.c.obj
 .ARM.attributes
                0x00000479       0x33 CMakeFiles/stm32driver.elf.dir/Drivers/STM32F1xx_HAL_Driver/Src/stm32f1xx_hal_uart.c.obj
 .ARM.attributes
                0x000004ac       0x33 CMakeFiles/stm32driver.elf.dir/Middlewares/Third_Party/FreeRTOS/Source/CMSIS_RTOS_V2/cmsis_os2.c.obj
 .ARM.attributes
                0x000004df       0x33 CMakeFiles/stm32driver.elf.dir/Middlewares/Third_Party/FreeRTOS/Source/list.c.obj
 .ARM.attributes
                0x00000512       0x33 CMakeFiles/stm32driver.elf.dir/Middlewares/Third_Party/FreeRTOS/Source/portable/GCC/ARM_CM3/port.c.obj
 .ARM.attributes
                0x00000545       0x33 CMakeFiles/stm32driver.elf.dir/Middlewares/Third_Party/FreeRTOS/Source/portable/MemMang/heap_4.c.obj
 .ARM.attributes
                0x00000578       0x33 CMakeFiles/stm32driver.elf.dir/Middlewares/Third_Party/FreeRTOS/Source/queue.c.obj
 .ARM.attributes
                0x000005ab       0x33 CMakeFiles/stm32driver.elf.dir/Middlewares/Third_Party/FreeRTOS/Source/tasks.c.obj
 .ARM.attributes
                0x000005de       0x33 CMakeFiles/stm32driver.elf.dir/Middlewares/Third_Party/FreeRTOS/Source/timers.c.obj
 .ARM.attributes
                0x00000611       0x21 CMakeFiles/stm32driver.elf.dir/startup/startup_stm32f103xe.s.obj
 .ARM.attributes
                0x00000632       0x1d c:/progra~2/gnutoo~1/50a5a~1.420/bin/../lib/gcc/arm-none-eabi/5.4.1/armv7-m\libgcc.a(_arm_addsubsf3.o)
 .ARM.attributes
                0x0000064f       0x1d c:/progra~2/gnutoo~1/50a5a~1.420/bin/../lib/gcc/arm-none-eabi/5.4.1/armv7-m\libgcc.a(_arm_muldivsf3.o)
 .ARM.attributes
                0x0000066c       0x1d c:/progra~2/gnutoo~1/50a5a~1.420/bin/../lib/gcc/arm-none-eabi/5.4.1/armv7-m\libgcc.a(_arm_fixsfsi.o)
 .ARM.attributes
                0x00000689       0x2d c:/progra~2/gnutoo~1/50a5a~1.420/bin/../lib/gcc/arm-none-eabi/5.4.1/../../../../arm-none-eabi/lib/armv7-m\libg.a(lib_a-impure.o)
 .ARM.attributes
                0x000006b6       0x2d c:/progra~2/gnutoo~1/50a5a~1.420/bin/../lib/gcc/arm-none-eabi/5.4.1/../../../../arm-none-eabi/lib/armv7-m\libg.a(lib_a-init.o)
 .ARM.attributes
                0x000006e3       0x1b c:/progra~2/gnutoo~1/50a5a~1.420/bin/../lib/gcc/arm-none-eabi/5.4.1/../../../../arm-none-eabi/lib/armv7-m\libg.a(lib_a-memcpy.o)
 .ARM.attributes
                0x000006fe       0x2d c:/progra~2/gnutoo~1/50a5a~1.420/bin/../lib/gcc/arm-none-eabi/5.4.1/../../../../arm-none-eabi/lib/armv7-m\libg.a(lib_a-memset.o)
 .ARM.attributes
                0x0000072b       0x2d c:/progra~2/gnutoo~1/50a5a~1.420/bin/../lib/gcc/arm-none-eabi/5.4.1/../../../../arm-none-eabi/lib/armv7-m\libg.a(lib_a-__call_atexit.o)
 .ARM.attributes
                0x00000758       0x2d c:/progra~2/gnutoo~1/50a5a~1.420/bin/../lib/gcc/arm-none-eabi/5.4.1/../../../../arm-none-eabi/lib/armv7-m\libg.a(lib_a-atexit.o)
 .ARM.attributes
                0x00000785       0x2d c:/progra~2/gnutoo~1/50a5a~1.420/bin/../lib/gcc/arm-none-eabi/5.4.1/../../../../arm-none-eabi/lib/armv7-m\libg.a(lib_a-fini.o)
 .ARM.attributes
                0x000007b2       0x2d c:/progra~2/gnutoo~1/50a5a~1.420/bin/../lib/gcc/arm-none-eabi/5.4.1/../../../../arm-none-eabi/lib/armv7-m\libg.a(lib_a-__atexit.o)
 .ARM.attributes
                0x000007df       0x1d c:/progra~2/gnutoo~1/50a5a~1.420/bin/../lib/gcc/arm-none-eabi/5.4.1/armv7-m/crtn.o
OUTPUT(stm32driver.elf elf32-littlearm)

.debug_info     0x00000000    0x1eb07
 .debug_info    0x00000000      0x90e CMakeFiles/stm32driver.elf.dir/Core/Src/User/motor.c.obj
 .debug_info    0x0000090e      0xde7 CMakeFiles/stm32driver.elf.dir/Core/Src/User/oled.c.obj
 .debug_info    0x000016f5      0x3a0 CMakeFiles/stm32driver.elf.dir/Core/Src/dma.c.obj
 .debug_info    0x00001a95      0xdd2 CMakeFiles/stm32driver.elf.dir/Core/Src/freertos.c.obj
 .debug_info    0x00002867      0x34d CMakeFiles/stm32driver.elf.dir/Core/Src/gpio.c.obj
 .debug_info    0x00002bb4      0x8c3 CMakeFiles/stm32driver.elf.dir/Core/Src/i2c.c.obj
 .debug_info    0x00003477      0xd97 CMakeFiles/stm32driver.elf.dir/Core/Src/main.c.obj
 .debug_info    0x0000420e      0x220 CMakeFiles/stm32driver.elf.dir/Core/Src/stm32f1xx_hal_msp.c.obj
 .debug_info    0x0000442e      0x96c CMakeFiles/stm32driver.elf.dir/Core/Src/stm32f1xx_hal_timebase_tim.c.obj
 .debug_info    0x00004d9a      0x8a3 CMakeFiles/stm32driver.elf.dir/Core/Src/stm32f1xx_it.c.obj
 .debug_info    0x0000563d      0x3d8 CMakeFiles/stm32driver.elf.dir/Core/Src/system_stm32f1xx.c.obj
 .debug_info    0x00005a15      0xc74 CMakeFiles/stm32driver.elf.dir/Core/Src/tim.c.obj
 .debug_info    0x00006689     0x13f1 CMakeFiles/stm32driver.elf.dir/Core/Src/usart.c.obj
 .debug_info    0x00007a7a      0x7a2 CMakeFiles/stm32driver.elf.dir/Drivers/STM32F1xx_HAL_Driver/Src/stm32f1xx_hal.c.obj
 .debug_info    0x0000821c      0xc95 CMakeFiles/stm32driver.elf.dir/Drivers/STM32F1xx_HAL_Driver/Src/stm32f1xx_hal_cortex.c.obj
 .debug_info    0x00008eb1      0x7b3 CMakeFiles/stm32driver.elf.dir/Drivers/STM32F1xx_HAL_Driver/Src/stm32f1xx_hal_dma.c.obj
 .debug_info    0x00009664      0x5de CMakeFiles/stm32driver.elf.dir/Drivers/STM32F1xx_HAL_Driver/Src/stm32f1xx_hal_gpio.c.obj
 .debug_info    0x00009c42     0x32fc CMakeFiles/stm32driver.elf.dir/Drivers/STM32F1xx_HAL_Driver/Src/stm32f1xx_hal_i2c.c.obj
 .debug_info    0x0000cf3e      0x9a9 CMakeFiles/stm32driver.elf.dir/Drivers/STM32F1xx_HAL_Driver/Src/stm32f1xx_hal_rcc.c.obj
 .debug_info    0x0000d8e7     0x30dd CMakeFiles/stm32driver.elf.dir/Drivers/STM32F1xx_HAL_Driver/Src/stm32f1xx_hal_tim.c.obj
 .debug_info    0x000109c4     0x13da CMakeFiles/stm32driver.elf.dir/Drivers/STM32F1xx_HAL_Driver/Src/stm32f1xx_hal_tim_ex.c.obj
 .debug_info    0x00011d9e     0x1602 CMakeFiles/stm32driver.elf.dir/Drivers/STM32F1xx_HAL_Driver/Src/stm32f1xx_hal_uart.c.obj
 .debug_info    0x000133a0     0x42dc CMakeFiles/stm32driver.elf.dir/Middlewares/Third_Party/FreeRTOS/Source/CMSIS_RTOS_V2/cmsis_os2.c.obj
 .debug_info    0x0001767c      0x2a2 CMakeFiles/stm32driver.elf.dir/Middlewares/Third_Party/FreeRTOS/Source/list.c.obj
 .debug_info    0x0001791e      0x505 CMakeFiles/stm32driver.elf.dir/Middlewares/Third_Party/FreeRTOS/Source/portable/GCC/ARM_CM3/port.c.obj
 .debug_info    0x00017e23      0x441 CMakeFiles/stm32driver.elf.dir/Middlewares/Third_Party/FreeRTOS/Source/portable/MemMang/heap_4.c.obj
 .debug_info    0x00018264     0x2449 CMakeFiles/stm32driver.elf.dir/Middlewares/Third_Party/FreeRTOS/Source/queue.c.obj
 .debug_info    0x0001a6ad     0x2c35 CMakeFiles/stm32driver.elf.dir/Middlewares/Third_Party/FreeRTOS/Source/tasks.c.obj
 .debug_info    0x0001d2e2     0x1767 CMakeFiles/stm32driver.elf.dir/Middlewares/Third_Party/FreeRTOS/Source/timers.c.obj
 .debug_info    0x0001ea49       0xbe CMakeFiles/stm32driver.elf.dir/startup/startup_stm32f103xe.s.obj

.debug_abbrev   0x00000000     0x3b4d
 .debug_abbrev  0x00000000      0x1c1 CMakeFiles/stm32driver.elf.dir/Core/Src/User/motor.c.obj
 .debug_abbrev  0x000001c1      0x221 CMakeFiles/stm32driver.elf.dir/Core/Src/User/oled.c.obj
 .debug_abbrev  0x000003e2      0x10f CMakeFiles/stm32driver.elf.dir/Core/Src/dma.c.obj
 .debug_abbrev  0x000004f1      0x252 CMakeFiles/stm32driver.elf.dir/Core/Src/freertos.c.obj
 .debug_abbrev  0x00000743      0x131 CMakeFiles/stm32driver.elf.dir/Core/Src/gpio.c.obj
 .debug_abbrev  0x00000874      0x1bd CMakeFiles/stm32driver.elf.dir/Core/Src/i2c.c.obj
 .debug_abbrev  0x00000a31      0x201 CMakeFiles/stm32driver.elf.dir/Core/Src/main.c.obj
 .debug_abbrev  0x00000c32       0xd4 CMakeFiles/stm32driver.elf.dir/Core/Src/stm32f1xx_hal_msp.c.obj
 .debug_abbrev  0x00000d06      0x1cf CMakeFiles/stm32driver.elf.dir/Core/Src/stm32f1xx_hal_timebase_tim.c.obj
 .debug_abbrev  0x00000ed5      0x196 CMakeFiles/stm32driver.elf.dir/Core/Src/stm32f1xx_it.c.obj
 .debug_abbrev  0x0000106b      0x120 CMakeFiles/stm32driver.elf.dir/Core/Src/system_stm32f1xx.c.obj
 .debug_abbrev  0x0000118b      0x20b CMakeFiles/stm32driver.elf.dir/Core/Src/tim.c.obj
 .debug_abbrev  0x00001396      0x2ac CMakeFiles/stm32driver.elf.dir/Core/Src/usart.c.obj
 .debug_abbrev  0x00001642      0x1d8 CMakeFiles/stm32driver.elf.dir/Drivers/STM32F1xx_HAL_Driver/Src/stm32f1xx_hal.c.obj
 .debug_abbrev  0x0000181a      0x2d4 CMakeFiles/stm32driver.elf.dir/Drivers/STM32F1xx_HAL_Driver/Src/stm32f1xx_hal_cortex.c.obj
 .debug_abbrev  0x00001aee      0x1fc CMakeFiles/stm32driver.elf.dir/Drivers/STM32F1xx_HAL_Driver/Src/stm32f1xx_hal_dma.c.obj
 .debug_abbrev  0x00001cea      0x1bf CMakeFiles/stm32driver.elf.dir/Drivers/STM32F1xx_HAL_Driver/Src/stm32f1xx_hal_gpio.c.obj
 .debug_abbrev  0x00001ea9      0x25b CMakeFiles/stm32driver.elf.dir/Drivers/STM32F1xx_HAL_Driver/Src/stm32f1xx_hal_i2c.c.obj
 .debug_abbrev  0x00002104      0x250 CMakeFiles/stm32driver.elf.dir/Drivers/STM32F1xx_HAL_Driver/Src/stm32f1xx_hal_rcc.c.obj
 .debug_abbrev  0x00002354      0x216 CMakeFiles/stm32driver.elf.dir/Drivers/STM32F1xx_HAL_Driver/Src/stm32f1xx_hal_tim.c.obj
 .debug_abbrev  0x0000256a      0x216 CMakeFiles/stm32driver.elf.dir/Drivers/STM32F1xx_HAL_Driver/Src/stm32f1xx_hal_tim_ex.c.obj
 .debug_abbrev  0x00002780      0x22e CMakeFiles/stm32driver.elf.dir/Drivers/STM32F1xx_HAL_Driver/Src/stm32f1xx_hal_uart.c.obj
 .debug_abbrev  0x000029ae      0x38d CMakeFiles/stm32driver.elf.dir/Middlewares/Third_Party/FreeRTOS/Source/CMSIS_RTOS_V2/cmsis_os2.c.obj
 .debug_abbrev  0x00002d3b       0xe1 CMakeFiles/stm32driver.elf.dir/Middlewares/Third_Party/FreeRTOS/Source/list.c.obj
 .debug_abbrev  0x00002e1c      0x238 CMakeFiles/stm32driver.elf.dir/Middlewares/Third_Party/FreeRTOS/Source/portable/GCC/ARM_CM3/port.c.obj
 .debug_abbrev  0x00003054      0x1f9 CMakeFiles/stm32driver.elf.dir/Middlewares/Third_Party/FreeRTOS/Source/portable/MemMang/heap_4.c.obj
 .debug_abbrev  0x0000324d      0x320 CMakeFiles/stm32driver.elf.dir/Middlewares/Third_Party/FreeRTOS/Source/queue.c.obj
 .debug_abbrev  0x0000356d      0x2e6 CMakeFiles/stm32driver.elf.dir/Middlewares/Third_Party/FreeRTOS/Source/tasks.c.obj
 .debug_abbrev  0x00003853      0x2e8 CMakeFiles/stm32driver.elf.dir/Middlewares/Third_Party/FreeRTOS/Source/timers.c.obj
 .debug_abbrev  0x00003b3b       0x12 CMakeFiles/stm32driver.elf.dir/startup/startup_stm32f103xe.s.obj

.debug_loc      0x00000000    0x133eb
 .debug_loc     0x00000000      0x137 CMakeFiles/stm32driver.elf.dir/Core/Src/User/motor.c.obj
 .debug_loc     0x00000137      0x6dc CMakeFiles/stm32driver.elf.dir/Core/Src/User/oled.c.obj
 .debug_loc     0x00000813      0x2d2 CMakeFiles/stm32driver.elf.dir/Core/Src/freertos.c.obj
 .debug_loc     0x00000ae5       0x7d CMakeFiles/stm32driver.elf.dir/Core/Src/i2c.c.obj
 .debug_loc     0x00000b62       0x21 CMakeFiles/stm32driver.elf.dir/Core/Src/main.c.obj
 .debug_loc     0x00000b83       0x79 CMakeFiles/stm32driver.elf.dir/Core/Src/stm32f1xx_hal_timebase_tim.c.obj
 .debug_loc     0x00000bfc       0xdf CMakeFiles/stm32driver.elf.dir/Core/Src/system_stm32f1xx.c.obj
 .debug_loc     0x00000cdb       0x95 CMakeFiles/stm32driver.elf.dir/Core/Src/tim.c.obj
 .debug_loc     0x00000d70       0xf1 CMakeFiles/stm32driver.elf.dir/Core/Src/usart.c.obj
 .debug_loc     0x00000e61       0xf9 CMakeFiles/stm32driver.elf.dir/Drivers/STM32F1xx_HAL_Driver/Src/stm32f1xx_hal.c.obj
 .debug_loc     0x00000f5a      0x527 CMakeFiles/stm32driver.elf.dir/Drivers/STM32F1xx_HAL_Driver/Src/stm32f1xx_hal_cortex.c.obj
 .debug_loc     0x00001481      0x6ae CMakeFiles/stm32driver.elf.dir/Drivers/STM32F1xx_HAL_Driver/Src/stm32f1xx_hal_dma.c.obj
 .debug_loc     0x00001b2f      0x2d6 CMakeFiles/stm32driver.elf.dir/Drivers/STM32F1xx_HAL_Driver/Src/stm32f1xx_hal_gpio.c.obj
 .debug_loc     0x00001e05     0x357d CMakeFiles/stm32driver.elf.dir/Drivers/STM32F1xx_HAL_Driver/Src/stm32f1xx_hal_i2c.c.obj
 .debug_loc     0x00005382      0x542 CMakeFiles/stm32driver.elf.dir/Drivers/STM32F1xx_HAL_Driver/Src/stm32f1xx_hal_rcc.c.obj
 .debug_loc     0x000058c4     0x3783 CMakeFiles/stm32driver.elf.dir/Drivers/STM32F1xx_HAL_Driver/Src/stm32f1xx_hal_tim.c.obj
 .debug_loc     0x00009047      0xfe3 CMakeFiles/stm32driver.elf.dir/Drivers/STM32F1xx_HAL_Driver/Src/stm32f1xx_hal_tim_ex.c.obj
 .debug_loc     0x0000a02a     0x1333 CMakeFiles/stm32driver.elf.dir/Drivers/STM32F1xx_HAL_Driver/Src/stm32f1xx_hal_uart.c.obj
 .debug_loc     0x0000b35d     0x3fde CMakeFiles/stm32driver.elf.dir/Middlewares/Third_Party/FreeRTOS/Source/CMSIS_RTOS_V2/cmsis_os2.c.obj
 .debug_loc     0x0000f33b       0x65 CMakeFiles/stm32driver.elf.dir/Middlewares/Third_Party/FreeRTOS/Source/list.c.obj
 .debug_loc     0x0000f3a0       0xce CMakeFiles/stm32driver.elf.dir/Middlewares/Third_Party/FreeRTOS/Source/portable/GCC/ARM_CM3/port.c.obj
 .debug_loc     0x0000f46e      0x2b7 CMakeFiles/stm32driver.elf.dir/Middlewares/Third_Party/FreeRTOS/Source/portable/MemMang/heap_4.c.obj
 .debug_loc     0x0000f725     0x1504 CMakeFiles/stm32driver.elf.dir/Middlewares/Third_Party/FreeRTOS/Source/queue.c.obj
 .debug_loc     0x00010c29     0x1b9f CMakeFiles/stm32driver.elf.dir/Middlewares/Third_Party/FreeRTOS/Source/tasks.c.obj
 .debug_loc     0x000127c8      0xc23 CMakeFiles/stm32driver.elf.dir/Middlewares/Third_Party/FreeRTOS/Source/timers.c.obj

.debug_aranges  0x00000000     0x1738
 .debug_aranges
                0x00000000       0x48 CMakeFiles/stm32driver.elf.dir/Core/Src/User/motor.c.obj
 .debug_aranges
                0x00000048       0x98 CMakeFiles/stm32driver.elf.dir/Core/Src/User/oled.c.obj
 .debug_aranges
                0x000000e0       0x20 CMakeFiles/stm32driver.elf.dir/Core/Src/dma.c.obj
 .debug_aranges
                0x00000100       0x68 CMakeFiles/stm32driver.elf.dir/Core/Src/freertos.c.obj
 .debug_aranges
                0x00000168       0x20 CMakeFiles/stm32driver.elf.dir/Core/Src/gpio.c.obj
 .debug_aranges
                0x00000188       0x30 CMakeFiles/stm32driver.elf.dir/Core/Src/i2c.c.obj
 .debug_aranges
                0x000001b8       0x40 CMakeFiles/stm32driver.elf.dir/Core/Src/main.c.obj
 .debug_aranges
                0x000001f8       0x20 CMakeFiles/stm32driver.elf.dir/Core/Src/stm32f1xx_hal_msp.c.obj
 .debug_aranges
                0x00000218       0x30 CMakeFiles/stm32driver.elf.dir/Core/Src/stm32f1xx_hal_timebase_tim.c.obj
 .debug_aranges
                0x00000248       0x68 CMakeFiles/stm32driver.elf.dir/Core/Src/stm32f1xx_it.c.obj
 .debug_aranges
                0x000002b0       0x28 CMakeFiles/stm32driver.elf.dir/Core/Src/system_stm32f1xx.c.obj
 .debug_aranges
                0x000002d8       0x58 CMakeFiles/stm32driver.elf.dir/Core/Src/tim.c.obj
 .debug_aranges
                0x00000330       0x50 CMakeFiles/stm32driver.elf.dir/Core/Src/usart.c.obj
 .debug_aranges
                0x00000380       0xe0 CMakeFiles/stm32driver.elf.dir/Drivers/STM32F1xx_HAL_Driver/Src/stm32f1xx_hal.c.obj
 .debug_aranges
                0x00000460       0x90 CMakeFiles/stm32driver.elf.dir/Drivers/STM32F1xx_HAL_Driver/Src/stm32f1xx_hal_cortex.c.obj
 .debug_aranges
                0x000004f0       0x80 CMakeFiles/stm32driver.elf.dir/Drivers/STM32F1xx_HAL_Driver/Src/stm32f1xx_hal_dma.c.obj
 .debug_aranges
                0x00000570       0x58 CMakeFiles/stm32driver.elf.dir/Drivers/STM32F1xx_HAL_Driver/Src/stm32f1xx_hal_gpio.c.obj
 .debug_aranges
                0x000005c8      0x290 CMakeFiles/stm32driver.elf.dir/Drivers/STM32F1xx_HAL_Driver/Src/stm32f1xx_hal_i2c.c.obj
 .debug_aranges
                0x00000858       0x90 CMakeFiles/stm32driver.elf.dir/Drivers/STM32F1xx_HAL_Driver/Src/stm32f1xx_hal_rcc.c.obj
 .debug_aranges
                0x000008e8      0x3a8 CMakeFiles/stm32driver.elf.dir/Drivers/STM32F1xx_HAL_Driver/Src/stm32f1xx_hal_tim.c.obj
 .debug_aranges
                0x00000c90      0x150 CMakeFiles/stm32driver.elf.dir/Drivers/STM32F1xx_HAL_Driver/Src/stm32f1xx_hal_tim_ex.c.obj
 .debug_aranges
                0x00000de0      0x1d0 CMakeFiles/stm32driver.elf.dir/Drivers/STM32F1xx_HAL_Driver/Src/stm32f1xx_hal_uart.c.obj
 .debug_aranges
                0x00000fb0      0x228 CMakeFiles/stm32driver.elf.dir/Middlewares/Third_Party/FreeRTOS/Source/CMSIS_RTOS_V2/cmsis_os2.c.obj
 .debug_aranges
                0x000011d8       0x40 CMakeFiles/stm32driver.elf.dir/Middlewares/Third_Party/FreeRTOS/Source/list.c.obj
 .debug_aranges
                0x00001218       0x78 CMakeFiles/stm32driver.elf.dir/Middlewares/Third_Party/FreeRTOS/Source/portable/GCC/ARM_CM3/port.c.obj
 .debug_aranges
                0x00001290       0x50 CMakeFiles/stm32driver.elf.dir/Middlewares/Third_Party/FreeRTOS/Source/portable/MemMang/heap_4.c.obj
 .debug_aranges
                0x000012e0      0x158 CMakeFiles/stm32driver.elf.dir/Middlewares/Third_Party/FreeRTOS/Source/queue.c.obj
 .debug_aranges
                0x00001438      0x1f8 CMakeFiles/stm32driver.elf.dir/Middlewares/Third_Party/FreeRTOS/Source/tasks.c.obj
 .debug_aranges
                0x00001630       0xe0 CMakeFiles/stm32driver.elf.dir/Middlewares/Third_Party/FreeRTOS/Source/timers.c.obj
 .debug_aranges
                0x00001710       0x28 CMakeFiles/stm32driver.elf.dir/startup/startup_stm32f103xe.s.obj

.debug_ranges   0x00000000     0x1630
 .debug_ranges  0x00000000       0x38 CMakeFiles/stm32driver.elf.dir/Core/Src/User/motor.c.obj
 .debug_ranges  0x00000038       0x88 CMakeFiles/stm32driver.elf.dir/Core/Src/User/oled.c.obj
 .debug_ranges  0x000000c0       0x10 CMakeFiles/stm32driver.elf.dir/Core/Src/dma.c.obj
 .debug_ranges  0x000000d0       0x58 CMakeFiles/stm32driver.elf.dir/Core/Src/freertos.c.obj
 .debug_ranges  0x00000128       0x10 CMakeFiles/stm32driver.elf.dir/Core/Src/gpio.c.obj
 .debug_ranges  0x00000138       0x20 CMakeFiles/stm32driver.elf.dir/Core/Src/i2c.c.obj
 .debug_ranges  0x00000158       0x30 CMakeFiles/stm32driver.elf.dir/Core/Src/main.c.obj
 .debug_ranges  0x00000188       0x10 CMakeFiles/stm32driver.elf.dir/Core/Src/stm32f1xx_hal_msp.c.obj
 .debug_ranges  0x00000198       0x20 CMakeFiles/stm32driver.elf.dir/Core/Src/stm32f1xx_hal_timebase_tim.c.obj
 .debug_ranges  0x000001b8       0x58 CMakeFiles/stm32driver.elf.dir/Core/Src/stm32f1xx_it.c.obj
 .debug_ranges  0x00000210       0x18 CMakeFiles/stm32driver.elf.dir/Core/Src/system_stm32f1xx.c.obj
 .debug_ranges  0x00000228       0x48 CMakeFiles/stm32driver.elf.dir/Core/Src/tim.c.obj
 .debug_ranges  0x00000270       0x40 CMakeFiles/stm32driver.elf.dir/Core/Src/usart.c.obj
 .debug_ranges  0x000002b0       0xd0 CMakeFiles/stm32driver.elf.dir/Drivers/STM32F1xx_HAL_Driver/Src/stm32f1xx_hal.c.obj
 .debug_ranges  0x00000380       0x80 CMakeFiles/stm32driver.elf.dir/Drivers/STM32F1xx_HAL_Driver/Src/stm32f1xx_hal_cortex.c.obj
 .debug_ranges  0x00000400       0x70 CMakeFiles/stm32driver.elf.dir/Drivers/STM32F1xx_HAL_Driver/Src/stm32f1xx_hal_dma.c.obj
 .debug_ranges  0x00000470       0x48 CMakeFiles/stm32driver.elf.dir/Drivers/STM32F1xx_HAL_Driver/Src/stm32f1xx_hal_gpio.c.obj
 .debug_ranges  0x000004b8      0x280 CMakeFiles/stm32driver.elf.dir/Drivers/STM32F1xx_HAL_Driver/Src/stm32f1xx_hal_i2c.c.obj
 .debug_ranges  0x00000738       0x98 CMakeFiles/stm32driver.elf.dir/Drivers/STM32F1xx_HAL_Driver/Src/stm32f1xx_hal_rcc.c.obj
 .debug_ranges  0x000007d0      0x398 CMakeFiles/stm32driver.elf.dir/Drivers/STM32F1xx_HAL_Driver/Src/stm32f1xx_hal_tim.c.obj
 .debug_ranges  0x00000b68      0x140 CMakeFiles/stm32driver.elf.dir/Drivers/STM32F1xx_HAL_Driver/Src/stm32f1xx_hal_tim_ex.c.obj
 .debug_ranges  0x00000ca8      0x1c0 CMakeFiles/stm32driver.elf.dir/Drivers/STM32F1xx_HAL_Driver/Src/stm32f1xx_hal_uart.c.obj
 .debug_ranges  0x00000e68      0x218 CMakeFiles/stm32driver.elf.dir/Middlewares/Third_Party/FreeRTOS/Source/CMSIS_RTOS_V2/cmsis_os2.c.obj
 .debug_ranges  0x00001080       0x30 CMakeFiles/stm32driver.elf.dir/Middlewares/Third_Party/FreeRTOS/Source/list.c.obj
 .debug_ranges  0x000010b0       0x68 CMakeFiles/stm32driver.elf.dir/Middlewares/Third_Party/FreeRTOS/Source/portable/GCC/ARM_CM3/port.c.obj
 .debug_ranges  0x00001118       0x40 CMakeFiles/stm32driver.elf.dir/Middlewares/Third_Party/FreeRTOS/Source/portable/MemMang/heap_4.c.obj
 .debug_ranges  0x00001158      0x190 CMakeFiles/stm32driver.elf.dir/Middlewares/Third_Party/FreeRTOS/Source/queue.c.obj
 .debug_ranges  0x000012e8      0x240 CMakeFiles/stm32driver.elf.dir/Middlewares/Third_Party/FreeRTOS/Source/tasks.c.obj
 .debug_ranges  0x00001528       0xe8 CMakeFiles/stm32driver.elf.dir/Middlewares/Third_Party/FreeRTOS/Source/timers.c.obj
 .debug_ranges  0x00001610       0x20 CMakeFiles/stm32driver.elf.dir/startup/startup_stm32f103xe.s.obj

.debug_line     0x00000000     0xc55e
 .debug_line    0x00000000      0x38b CMakeFiles/stm32driver.elf.dir/Core/Src/User/motor.c.obj
 .debug_line    0x0000038b      0x4fc CMakeFiles/stm32driver.elf.dir/Core/Src/User/oled.c.obj
 .debug_line    0x00000887      0x24d CMakeFiles/stm32driver.elf.dir/Core/Src/dma.c.obj
 .debug_line    0x00000ad4      0x537 CMakeFiles/stm32driver.elf.dir/Core/Src/freertos.c.obj
 .debug_line    0x0000100b      0x258 CMakeFiles/stm32driver.elf.dir/Core/Src/gpio.c.obj
 .debug_line    0x00001263      0x30b CMakeFiles/stm32driver.elf.dir/Core/Src/i2c.c.obj