Archive member included to satisfy reference by file (symbol)

c:/progra~2/gnutoo~1/50a5a~1.420/bin/../lib/gcc/arm-none-eabi/5.4.1/armv7-m\libgcc.a(_arm_addsubsf3.o)
                              CMakeFiles/stm32driver.elf.dir/Core/Src/User/motor.c.obj (__aeabi_fadd)
c:/progra~2/gnutoo~1/50a5a~1.420/bin/../lib/gcc/arm-none-eabi/5.4.1/armv7-m\libgcc.a(_arm_muldivsf3.o)
                              CMakeFiles/stm32driver.elf.dir/Core/Src/User/motor.c.obj (__aeabi_fmul)
c:/progra~2/gnutoo~1/50a5a~1.420/bin/../lib/gcc/arm-none-eabi/5.4.1/armv7-m\libgcc.a(_arm_fixsfsi.o)
                              CMakeFiles/stm32driver.elf.dir/Core/Src/User/motor.c.obj (__aeabi_f2iz)
c:/progra~2/gnutoo~1/50a5a~1.420/bin/../lib/gcc/arm-none-eabi/5.4.1/../../../../arm-none-eabi/lib/armv7-m\libg.a(lib_a-errno.o)
                              CMakeFiles/stm32driver.elf.dir/Core/Src/syscalls.c.obj (__errno)
c:/progra~2/gnutoo~1/50a5a~1.420/bin/../lib/gcc/arm-none-eabi/5.4.1/../../../../arm-none-eabi/lib/armv7-m\libg.a(lib_a-exit.o)
                              c:/progra~2/gnutoo~1/50a5a~1.420/bin/../lib/gcc/arm-none-eabi/5.4.1/../../../../arm-none-eabi/lib/armv7-m/crt0.o (exit)
c:/progra~2/gnutoo~1/50a5a~1.420/bin/../lib/gcc/arm-none-eabi/5.4.1/../../../../arm-none-eabi/lib/armv7-m\libg.a(lib_a-impure.o)
                              c:/progra~2/gnutoo~1/50a5a~1.420/bin/../lib/gcc/arm-none-eabi/5.4.1/../../../../arm-none-eabi/lib/armv7-m\libg.a(lib_a-exit.o) (_global_impure_ptr)
c:/progra~2/gnutoo~1/50a5a~1.420/bin/../lib/gcc/arm-none-eabi/5.4.1/../../../../arm-none-eabi/lib/armv7-m\libg.a(lib_a-init.o)
                              c:/progra~2/gnutoo~1/50a5a~1.420/bin/../lib/gcc/arm-none-eabi/5.4.1/../../../../arm-none-eabi/lib/armv7-m/crt0.o (__libc_init_array)
c:/progra~2/gnutoo~1/50a5a~1.420/bin/../lib/gcc/arm-none-eabi/5.4.1/../../../../arm-none-eabi/lib/armv7-m\libg.a(lib_a-memcpy.o)
                              CMakeFiles/stm32driver.elf.dir/Middlewares/Third_Party/FreeRTOS/Source/CMSIS_RTOS_V2/cmsis_os2.c.obj (memcpy)
c:/progra~2/gnutoo~1/50a5a~1.420/bin/../lib/gcc/arm-none-eabi/5.4.1/../../../../arm-none-eabi/lib/armv7-m\libg.a(lib_a-memset.o)
                              c:/progra~2/gnutoo~1/50a5a~1.420/bin/../lib/gcc/arm-none-eabi/5.4.1/../../../../arm-none-eabi/lib/armv7-m/crt0.o (memset)
c:/progra~2/gnutoo~1/50a5a~1.420/bin/../lib/gcc/arm-none-eabi/5.4.1/../../../../arm-none-eabi/lib/armv7-m\libg.a(lib_a-__call_atexit.o)
                              c:/progra~2/gnutoo~1/50a5a~1.420/bin/../lib/gcc/arm-none-eabi/5.4.1/../../../../arm-none-eabi/lib/armv7-m\libg.a(lib_a-exit.o) (__call_exitprocs)
c:/progra~2/gnutoo~1/50a5a~1.420/bin/../lib/gcc/arm-none-eabi/5.4.1/../../../../arm-none-eabi/lib/armv7-m\libg.a(lib_a-atexit.o)
                              c:/progra~2/gnutoo~1/50a5a~1.420/bin/../lib/gcc/arm-none-eabi/5.4.1/../../../../arm-none-eabi/lib/armv7-m\libg.a(lib_a-__call_atexit.o) (atexit)
c:/progra~2/gnutoo~1/50a5a~1.420/bin/../lib/gcc/arm-none-eabi/5.4.1/../../../../arm-none-eabi/lib/armv7-m\libg.a(lib_a-fini.o)
                              c:/progra~2/gnutoo~1/50a5a~1.420/bin/../lib/gcc/arm-none-eabi/5.4.1/../../../../arm-none-eabi/lib/armv7-m\libg.a(lib_a-__call_atexit.o) (__libc_fini_array)
c:/progra~2/gnutoo~1/50a5a~1.420/bin/../lib/gcc/arm-none-eabi/5.4.1/../../../../arm-none-eabi/lib/armv7-m\libg.a(lib_a-__atexit.o)
                              c:/progra~2/gnutoo~1/50a5a~1.420/bin/../lib/gcc/arm-none-eabi/5.4.1/../../../../arm-none-eabi/lib/armv7-m\libg.a(lib_a-atexit.o) (__register_exitproc)

Discarded input sections

 .text          0x00000000        0x0 c:/progra~2/gnutoo~1/50a5a~1.420/bin/../lib/gcc/arm-none-eabi/5.4.1/armv7-m/crti.o
 .data          0x00000000        0x0 c:/progra~2/gnutoo~1/50a5a~1.420/bin/../lib/gcc/arm-none-eabi/5.4.1/armv7-m/crti.o
 .bss           0x00000000        0x0 c:/progra~2/gnutoo~1/50a5a~1.420/bin/../lib/gcc/arm-none-eabi/5.4.1/armv7-m/crti.o
 .data          0x00000000        0x4 c:/progra~2/gnutoo~1/50a5a~1.420/bin/../lib/gcc/arm-none-eabi/5.4.1/armv7-m/crtbegin.o
 .text          0x00000000       0x74 c:/progra~2/gnutoo~1/50a5a~1.420/bin/../lib/gcc/arm-none-eabi/5.4.1/../../../../arm-none-eabi/lib/armv7-m/crt0.o
 .data          0x00000000        0x0 c:/progra~2/gnutoo~1/50a5a~1.420/bin/../lib/gcc/arm-none-eabi/5.4.1/../../../../arm-none-eabi/lib/armv7-m/crt0.o
 .bss           0x00000000        0x0 c:/progra~2/gnutoo~1/50a5a~1.420/bin/../lib/gcc/arm-none-eabi/5.4.1/../../../../arm-none-eabi/lib/armv7-m/crt0.o
 .ARM.extab     0x00000000        0x0 c:/progra~2/gnutoo~1/50a5a~1.420/bin/../lib/gcc/arm-none-eabi/5.4.1/../../../../arm-none-eabi/lib/armv7-m/crt0.o
 .ARM.exidx     0x00000000        0x8 c:/progra~2/gnutoo~1/50a5a~1.420/bin/../lib/gcc/arm-none-eabi/5.4.1/../../../../arm-none-eabi/lib/armv7-m/crt0.o
 .ARM.attributes
[...]
Memory Configuration

Name             Origin             Length             Attributes
RAM              0x20000000         0x0000c000         xrw
FLASH            0x08000000         0x00040000         xr
*default*        0x00000000         0xffffffff

Linker script and memory map

LOAD c:/progra~2/gnutoo~1/50a5a~1.420/bin/../lib/gcc/arm-none-eabi/5.4.1/armv7-m/crti.o
LOAD c:/progra~2/gnutoo~1/50a5a~1.420/bin/../lib/gcc/arm-none-eabi/5.4.1/armv7-m/crtbegin.o
LOAD c:/progra~2/gnutoo~1/50a5a~1.420/bin/../lib/gcc/arm-none-eabi/5.4.1/../../../../arm-none-eabi/lib/armv7-m/crt0.o
LOAD CMakeFiles/stm32driver.elf.dir/Core/Src/User/motor.c.obj
LOAD CMakeFiles/stm32driver.elf.dir/Core/Src/User/oled.c.obj
LOAD CMakeFiles/stm32driver.elf.dir/Core/Src/dma.c.obj
LOAD CMakeFiles/stm32driver.elf.dir/Core/Src/freertos.c.obj
LOAD CMakeFiles/stm32driver.elf.dir/Core/Src/gpio.c.obj
LOAD CMakeFiles/stm32driver.elf.dir/Core/Src/i2c.c.obj
LOAD CMakeFiles/stm32driver.elf.dir/Core/Src/main.c.obj
LOAD CMakeFiles/stm32driver.elf.dir/Core/Src/stm32f1xx_hal_msp.c.obj
LOAD CMakeFiles/stm32driver.elf.dir/Core/Src/stm32f1xx_hal_timebase_tim.c.obj
LOAD CMakeFiles/stm32driver.elf.dir/Core/Src/stm32f1xx_it.c.obj
LOAD CMakeFiles/stm32driver.elf.dir/Core/Src/syscalls.c.obj
LOAD CMakeFiles/stm32driver.elf.dir/Core/Src/system_stm32f1xx.c.obj
LOAD CMakeFiles/stm32driver.elf.dir/Core/Src/tim.c.obj
LOAD CMakeFiles/stm32driver.elf.dir/Core/Src/usart.c.obj
LOAD CMakeFiles/stm32driver.elf.dir/Drivers/STM32F1xx_HAL_Driver/Src/stm32f1xx_hal.c.obj
LOAD CMakeFiles/stm32driver.elf.dir/Drivers/STM32F1xx_HAL_Driver/Src/stm32f1xx_hal_cortex.c.obj
LOAD CMakeFiles/stm32driver.elf.dir/Drivers/STM32F1xx_HAL_Driver/Src/stm32f1xx_hal_dma.c.obj
LOAD CMakeFiles/stm32driver.elf.dir/Drivers/STM32F1xx_HAL_Driver/Src/stm32f1xx_hal_exti.c.obj
LOAD CMakeFiles/stm32driver.elf.dir/Drivers/STM32F1xx_HAL_Driver/Src/stm32f1xx_hal_flash.c.obj
LOAD CMakeFiles/stm32driver.elf.dir/Drivers/STM32F1xx_HAL_Driver/Src/stm32f1xx_hal_flash_ex.c.obj
LOAD CMakeFiles/stm32driver.elf.dir/Drivers/STM32F1xx_HAL_Driver/Src/stm32f1xx_hal_gpio.c.obj
LOAD CMakeFiles/stm32driver.elf.dir/Drivers/STM32F1xx_HAL_Driver/Src/stm32f1xx_hal_gpio_ex.c.obj
LOAD CMakeFiles/stm32driver.elf.dir/Drivers/STM32F1xx_HAL_Driver/Src/stm32f1xx_hal_i2c.c.obj
LOAD CMakeFiles/stm32driver.elf.dir/Drivers/STM32F1xx_HAL_Driver/Src/stm32f1xx_hal_pwr.c.obj
LOAD CMakeFiles/stm32driver.elf.dir/Drivers/STM32F1xx_HAL_Driver/Src/stm32f1xx_hal_rcc.c.obj
LOAD CMakeFiles/stm32driver.elf.dir/Drivers/STM32F1xx_HAL_Driver/Src/stm32f1xx_hal_rcc_ex.c.obj
LOAD CMakeFiles/stm32driver.elf.dir/Drivers/STM32F1xx_HAL_Driver/Src/stm32f1xx_hal_tim.c.obj
LOAD CMakeFiles/stm32driver.elf.dir/Drivers/STM32F1xx_HAL_Driver/Src/stm32f1xx_hal_tim_ex.c.obj
LOAD CMakeFiles/stm32driver.elf.dir/Drivers/STM32F1xx_HAL_Driver/Src/stm32f1xx_hal_uart.c.obj
LOAD CMakeFiles/stm32driver.elf.dir/Middlewares/Third_Party/FreeRTOS/Source/CMSIS_RTOS_V2/cmsis_os2.c.obj
LOAD CMakeFiles/stm32driver.elf.dir/Middlewares/Third_Party/FreeRTOS/Source/croutine.c.obj
LOAD CMakeFiles/stm32driver.elf.dir/Middlewares/Third_Party/FreeRTOS/Source/event_groups.c.obj
LOAD CMakeFiles/stm32driver.elf.dir/Middlewares/Third_Party/FreeRTOS/Source/list.c.obj
LOAD CMakeFiles/stm32driver.elf.dir/Middlewares/Third_Party/FreeRTOS/Source/portable/GCC/ARM_CM3/port.c.obj
LOAD CMakeFiles/stm32driver.elf.dir/Middlewares/Third_Party/FreeRTOS/Source/portable/MemMang/heap_4.c.obj
LOAD CMakeFiles/stm32driver.elf.dir/Middlewares/Third_Party/FreeRTOS/Source/queue.c.obj
LOAD CMakeFiles/stm32driver.elf.dir/Middlewares/Third_Party/FreeRTOS/Source/stream_buffer.c.obj
LOAD CMakeFiles/stm32driver.elf.dir/Middlewares/Third_Party/FreeRTOS/Source/tasks.c.obj
LOAD CMakeFiles/stm32driver.elf.dir/Middlewares/Third_Party/FreeRTOS/Source/timers.c.obj
LOAD CMakeFiles/stm32driver.elf.dir/startup/startup_stm32f103xe.s.obj
START GROUP
LOAD c:/progra~2/gnutoo~1/50a5a~1.420/bin/../lib/gcc/arm-none-eabi/5.4.1/armv7-m\libgcc.a
LOAD c:/progra~2/gnutoo~1/50a5a~1.420/bin/../lib/gcc/arm-none-eabi/5.4.1/../../../../arm-none-eabi/lib/armv7-m\libg.a
LOAD c:/progra~2/gnutoo~1/50a5a~1.420/bin/../lib/gcc/arm-none-eabi/5.4.1/../../../../arm-none-eabi/lib/armv7-m\libc.a
END GROUP
LOAD c:/progra~2/gnutoo~1/50a5a~1.420/bin/../lib/gcc/arm-none-eabi/5.4.1/armv7-m/crtend.o
LOAD c:/progra~2/gnutoo~1/50a5a~1.420/bin/../lib/gcc/arm-none-eabi/5.4.1/armv7-m/crtn.o
                0x2000c000                _estack = 0x2000c000
                0x00000200                _Min_Heap_Size = 0x200
                0x00000400                _Min_Stack_Size = 0x400

.isr_vector     0x08000000      0x1e4
                0x08000000                . = ALIGN (0x4)
 *(.isr_vector)
 .isr_vector    0x08000000      0x1e4 CMakeFiles/stm32driver.elf.dir/startup/startup_stm32f103xe.s.obj
                0x08000000                g_pfnVectors
                0x080001e4                . = ALIGN (0x4)

.text           0x080001f0     0x564c
                0x080001f0                . = ALIGN (0x4)
 *(.text)
 .text          0x080001f0       0x5c c:/progra~2/gnutoo~1/50a5a~1.420/bin/../lib/gcc/arm-none-eabi/5.4.1/armv7-m/crtbegin.o
 .text          0x0800024c      0x21c c:/progra~2/gnutoo~1/50a5a~1.420/bin/../lib/gcc/arm-none-eabi/5.4.1/armv7-m\libgcc.a(_arm_addsubsf3.o)
                0x0800024c                __aeabi_frsub
                0x08000254                __subsf3
                0x08000254                __aeabi_fsub
                0x08000258                __aeabi_fadd
                0x08000258                __addsf3
                0x080003b8                __aeabi_ui2f
                0x080003b8                __floatunsisf
                0x080003c0                __aeabi_i2f
                0x080003c0                __floatsisf
                0x080003dc                __aeabi_ul2f
                0x080003dc                __floatundisf
                0x080003ec                __aeabi_l2f
                0x080003ec                __floatdisf
 .text          0x08000468      0x2a0 c:/progra~2/gnutoo~1/50a5a~1.420/bin/../lib/gcc/arm-none-eabi/5.4.1/armv7-m\libgcc.a(_arm_muldivsf3.o)
                0x08000468                __mulsf3
                0x08000468                __aeabi_fmul
                0x080005d0                __aeabi_fdiv
                0x080005d0                __divsf3
 .text          0x08000708       0x4c c:/progra~2/gnutoo~1/50a5a~1.420/bin/../lib/gcc/arm-none-eabi/5.4.1/armv7-m\libgcc.a(_arm_fixsfsi.o)
                0x08000708                __aeabi_f2iz
                0x08000708                __fixsfsi
 .text          0x08000754       0xec c:/progra~2/gnutoo~1/50a5a~1.420/bin/../lib/gcc/arm-none-eabi/5.4.1/../../../../arm-none-eabi/lib/armv7-m\libg.a(lib_a-memcpy.o)
                0x08000754                memcpy
 *(.text*)
 .text.check_ENC
                0x08000840       0x2c CMakeFiles/stm32driver.elf.dir/Core/Src/User/motor.c.obj
                0x08000840                check_ENC
 .text.incremental_PI_A
                0x0800086c       0x90 CMakeFiles/stm32driver.elf.dir/Core/Src/User/motor.c.obj
                0x0800086c                incremental_PI_A
 .text.incremental_PI_B
                0x080008fc       0x90 CMakeFiles/stm32driver.elf.dir/Core/Src/User/motor.c.obj
                0x080008fc                incremental_PI_B
 .text.range_PWM
                0x0800098c       0x28 CMakeFiles/stm32driver.elf.dir/Core/Src/User/motor.c.obj
                0x0800098c                range_PWM
 .text.set_PWM  0x080009b4       0xa0 CMakeFiles/stm32driver.elf.dir/Core/Src/User/motor.c.obj
                0x080009b4                set_PWM
 .text.WriteCmd
                0x08000a54       0x38 CMakeFiles/stm32driver.elf.dir/Core/Src/User/oled.c.obj
                0x08000a54                WriteCmd
 .text.OLED_WR_CMD
                0x08000a8c       0x2c CMakeFiles/stm32driver.elf.dir/Core/Src/User/oled.c.obj
                0x08000a8c                OLED_WR_CMD
 .text.OLED_WR_DATA
                0x08000ab8       0x2c CMakeFiles/stm32driver.elf.dir/Core/Src/User/oled.c.obj
                0x08000ab8                OLED_WR_DATA
 .text.OLED_Init
                0x08000ae4       0x10 CMakeFiles/stm32driver.elf.dir/Core/Src/User/oled.c.obj
                0x08000ae4                OLED_Init
 .text.OLED_Clear
                0x08000af4       0x3c CMakeFiles/stm32driver.elf.dir/Core/Src/User/oled.c.obj
                0x08000af4                OLED_Clear
 .text.OLED_Set_Pos
                0x08000b30       0x20 CMakeFiles/stm32driver.elf.dir/Core/Src/User/oled.c.obj
                0x08000b30                OLED_Set_Pos
 .text.OLED_ShowChar
                0x08000b50       0x90 CMakeFiles/stm32driver.elf.dir/Core/Src/User/oled.c.obj
                0x08000b50                OLED_ShowChar
 .text.OLED_ShowString
                0x08000be0       0x38 CMakeFiles/stm32driver.elf.dir/Core/Src/User/oled.c.obj
                0x08000be0                OLED_ShowString
 .text.OLED_preFlash
                0x08000c18       0x28 CMakeFiles/stm32driver.elf.dir/Core/Src/User/oled.c.obj
                0x08000c18                OLED_preFlash
 .text.MX_DMA_Init
                0x08000c40       0x44 CMakeFiles/stm32driver.elf.dir/Core/Src/dma.c.obj
                0x08000c40                MX_DMA_Init
 .text.StartDefaultTask
                0x08000c84        0xc CMakeFiles/stm32driver.elf.dir/Core/Src/freertos.c.obj
                0x08000c84                StartDefaultTask
 .text.para_init
                0x08000c90       0x28 CMakeFiles/stm32driver.elf.dir/Core/Src/freertos.c.obj
                0x08000c90                para_init
 .text.StartTaskMotor
                0x08000cb8       0x40 CMakeFiles/stm32driver.elf.dir/Core/Src/freertos.c.obj
                0x08000cb8                StartTaskMotor
 .text.show_info
                0x08000cf8       0x80 CMakeFiles/stm32driver.elf.dir/Core/Src/freertos.c.obj
                0x08000cf8                show_info
 .text.OLED_flash_data
                0x08000d78       0x5c CMakeFiles/stm32driver.elf.dir/Core/Src/freertos.c.obj
                0x08000d78                OLED_flash_data
 .text.StartTaskDisplay
                0x08000dd4       0x10 CMakeFiles/stm32driver.elf.dir/Core/Src/freertos.c.obj
                0x08000dd4                StartTaskDisplay
 .text.user_API
                0x08000de4       0x38 CMakeFiles/stm32driver.elf.dir/Core/Src/freertos.c.obj
                0x08000de4                user_API
 .text.Usart3_Handle
                0x08000e1c       0x3c CMakeFiles/stm32driver.elf.dir/Core/Src/freertos.c.obj
                0x08000e1c                Usart3_Handle
 .text.StartTaskUsart
                0x08000e58       0x28 CMakeFiles/stm32driver.elf.dir/Core/Src/freertos.c.obj
                0x08000e58                StartTaskUsart
 .text.MX_FREERTOS_Init
                0x08000e80       0x6c CMakeFiles/stm32driver.elf.dir/Core/Src/freertos.c.obj
                0x08000e80                MX_FREERTOS_Init
 .text.MX_GPIO_Init
                0x08000eec       0xb0 CMakeFiles/stm32driver.elf.dir/Core/Src/gpio.c.obj
                0x08000eec                MX_GPIO_Init
 .text.MX_I2C1_Init
                0x08000f9c       0x38 CMakeFiles/stm32driver.elf.dir/Core/Src/i2c.c.obj
                0x08000f9c                MX_I2C1_Init
 .text.HAL_I2C_MspInit
                0x08000fd4       0x74 CMakeFiles/stm32driver.elf.dir/Core/Src/i2c.c.obj
                0x08000fd4                HAL_I2C_MspInit
 .text.OLED_flash_format
                0x08001048       0x84 CMakeFiles/stm32driver.elf.dir/Core/Src/main.c.obj
                0x08001048                OLED_flash_format
 .text.SystemClock_Config
                0x080010cc       0x54 CMakeFiles/stm32driver.elf.dir/Core/Src/main.c.obj
                0x080010cc                SystemClock_Config
 .text.main     0x08001120       0xa4 CMakeFiles/stm32driver.elf.dir/Core/Src/main.c.obj
                0x08001120                main
 .text.HAL_TIM_PeriodElapsedCallback
                0x080011c4       0x14 CMakeFiles/stm32driver.elf.dir/Core/Src/main.c.obj
                0x080011c4                HAL_TIM_PeriodElapsedCallback
 .text.Error_Handler
                0x080011d8        0x4 CMakeFiles/stm32driver.elf.dir/Core/Src/main.c.obj
                0x080011d8                Error_Handler
 .text.HAL_MspInit
                0x080011dc       0x44 CMakeFiles/stm32driver.elf.dir/Core/Src/stm32f1xx_hal_msp.c.obj
                0x080011dc                HAL_MspInit
 .text.HAL_InitTick
                0x08001220       0x78 CMakeFiles/stm32driver.elf.dir/Core/Src/stm32f1xx_hal_timebase_tim.c.obj
                0x08001220                HAL_InitTick
 .text.NMI_Handler
                0x08001298        0x4 CMakeFiles/stm32driver.elf.dir/Core/Src/stm32f1xx_it.c.obj
                0x08001298                NMI_Handler
 .text.HardFault_Handler
                0x0800129c        0x4 CMakeFiles/stm32driver.elf.dir/Core/Src/stm32f1xx_it.c.obj
                0x0800129c                HardFault_Handler
 .text.MemManage_Handler
                0x080012a0        0x4 CMakeFiles/stm32driver.elf.dir/Core/Src/stm32f1xx_it.c.obj
                0x080012a0                MemManage_Handler
 .text.BusFault_Handler
                0x080012a4        0x4 CMakeFiles/stm32driver.elf.dir/Core/Src/stm32f1xx_it.c.obj
                0x080012a4                BusFault_Handler
 .text.UsageFault_Handler
                0x080012a8        0x4 CMakeFiles/stm32driver.elf.dir/Core/Src/stm32f1xx_it.c.obj
                0x080012a8                UsageFault_Handler
 .text.DebugMon_Handler
                0x080012ac        0x4 CMakeFiles/stm32driver.elf.dir/Core/Src/stm32f1xx_it.c.obj
                0x080012ac                DebugMon_Handler
 .text.DMA1_Channel2_IRQHandler
                0x080012b0       0x10 CMakeFiles/stm32driver.elf.dir/Core/Src/stm32f1xx_it.c.obj
                0x080012b0                DMA1_Channel2_IRQHandler
 .text.DMA1_Channel3_IRQHandler
                0x080012c0       0x10 CMakeFiles/stm32driver.elf.dir/Core/Src/stm32f1xx_it.c.obj
                0x080012c0                DMA1_Channel3_IRQHandler
 .text.TIM1_UP_IRQHandler
                0x080012d0       0x10 CMakeFiles/stm32driver.elf.dir/Core/Src/stm32f1xx_it.c.obj
                0x080012d0                TIM1_UP_IRQHandler
 .text.USART3_IRQHandler
                0x080012e0       0x14 CMakeFiles/stm32driver.elf.dir/Core/Src/stm32f1xx_it.c.obj
                0x080012e0                USART3_IRQHandler
 .text.SystemInit
                0x080012f4       0x4c CMakeFiles/stm32driver.elf.dir/Core/Src/system_stm32f1xx.c.obj
                0x080012f4                SystemInit
 .text.MX_TIM2_Init
                0x08001340       0x60 CMakeFiles/stm32driver.elf.dir/Core/Src/tim.c.obj
                0x08001340                MX_TIM2_Init
 .text.MX_TIM4_Init
                0x080013a0       0x60 CMakeFiles/stm32driver.elf.dir/Core/Src/tim.c.obj
                0x080013a0                MX_TIM4_Init
 .text.HAL_TIM_Encoder_MspInit
                0x08001400       0xa0 CMakeFiles/stm32driver.elf.dir/Core/Src/tim.c.obj
                0x08001400                HAL_TIM_Encoder_MspInit
 .text.HAL_TIM_PWM_MspInit
                0x080014a0       0x28 CMakeFiles/stm32driver.elf.dir/Core/Src/tim.c.obj
                0x080014a0                HAL_TIM_PWM_MspInit
 .text.HAL_TIM_MspPostInit
                0x080014c8       0x4c CMakeFiles/stm32driver.elf.dir/Core/Src/tim.c.obj
                0x080014c8                HAL_TIM_MspPostInit
 .text.MX_TIM3_Init
                0x08001514       0x8c CMakeFiles/stm32driver.elf.dir/Core/Src/tim.c.obj
                0x08001514                MX_TIM3_Init
 .text.MX_USART3_UART_Init
                0x080015a0       0x34 CMakeFiles/stm32driver.elf.dir/Core/Src/usart.c.obj
                0x080015a0                MX_USART3_UART_Init
 .text.HAL_UART_MspInit
                0x080015d4       0xe8 CMakeFiles/stm32driver.elf.dir/Core/Src/usart.c.obj
                0x080015d4                HAL_UART_MspInit
 .text.Usart3_IDLE
                0x080016bc       0x54 CMakeFiles/stm32driver.elf.dir/Core/Src/usart.c.obj
                0x080016bc                Usart3_IDLE
 .text.DMA_Usart3_Send
                0x08001710       0x18 CMakeFiles/stm32driver.elf.dir/Core/Src/usart.c.obj
                0x08001710                DMA_Usart3_Send
 .text.HAL_Init
                0x08001728       0x24 CMakeFiles/stm32driver.elf.dir/Drivers/STM32F1xx_HAL_Driver/Src/stm32f1xx_hal.c.obj
                0x08001728                HAL_Init
 .text.HAL_IncTick
                0x0800174c       0x18 CMakeFiles/stm32driver.elf.dir/Drivers/STM32F1xx_HAL_Driver/Src/stm32f1xx_hal.c.obj
                0x0800174c                HAL_IncTick
 .text.HAL_GetTick
                0x08001764        0xc CMakeFiles/stm32driver.elf.dir/Drivers/STM32F1xx_HAL_Driver/Src/stm32f1xx_hal.c.obj
                0x08001764                HAL_GetTick
 .text.HAL_Delay
                0x08001770       0x28 CMakeFiles/stm32driver.elf.dir/Drivers/STM32F1xx_HAL_Driver/Src/stm32f1xx_hal.c.obj
                0x08001770                HAL_Delay
 .text.HAL_NVIC_SetPriorityGrouping
                0x08001798       0x24 CMakeFiles/stm32driver.elf.dir/Drivers/STM32F1xx_HAL_Driver/Src/stm32f1xx_hal_cortex.c.obj
                0x08001798                HAL_NVIC_SetPriorityGrouping
 .text.HAL_NVIC_SetPriority
                0x080017bc       0x64 CMakeFiles/stm32driver.elf.dir/Drivers/STM32F1xx_HAL_Driver/Src/stm32f1xx_hal_cortex.c.obj
                0x080017bc                HAL_NVIC_SetPriority
 .text.HAL_NVIC_EnableIRQ
                0x08001820       0x1c CMakeFiles/stm32driver.elf.dir/Drivers/STM32F1xx_HAL_Driver/Src/stm32f1xx_hal_cortex.c.obj
                0x08001820                HAL_NVIC_EnableIRQ
 .text.DMA_SetConfig
                0x0800183c       0x2c CMakeFiles/stm32driver.elf.dir/Drivers/STM32F1xx_HAL_Driver/Src/stm32f1xx_hal_dma.c.obj
 .text.HAL_DMA_Init
                0x08001868       0x9c CMakeFiles/stm32driver.elf.dir/Drivers/STM32F1xx_HAL_Driver/Src/stm32f1xx_hal_dma.c.obj
                0x08001868                HAL_DMA_Init
 .text.HAL_DMA_Start_IT
                0x08001904       0x74 CMakeFiles/stm32driver.elf.dir/Drivers/STM32F1xx_HAL_Driver/Src/stm32f1xx_hal_dma.c.obj
                0x08001904                HAL_DMA_Start_IT
 .text.HAL_DMA_Abort
                0x08001978       0x44 CMakeFiles/stm32driver.elf.dir/Drivers/STM32F1xx_HAL_Driver/Src/stm32f1xx_hal_dma.c.obj
                0x08001978                HAL_DMA_Abort
 .text.HAL_DMA_Abort_IT
                0x080019bc      0x168 CMakeFiles/stm32driver.elf.dir/Drivers/STM32F1xx_HAL_Driver/Src/stm32f1xx_hal_dma.c.obj
                0x080019bc                HAL_DMA_Abort_IT
 .text.HAL_DMA_IRQHandler
                0x08001b24      0x2e4 CMakeFiles/stm32driver.elf.dir/Drivers/STM32F1xx_HAL_Driver/Src/stm32f1xx_hal_dma.c.obj
                0x08001b24                HAL_DMA_IRQHandler
 .text.HAL_GPIO_Init
                0x08001e08      0x1f0 CMakeFiles/stm32driver.elf.dir/Drivers/STM32F1xx_HAL_Driver/Src/stm32f1xx_hal_gpio.c.obj
                0x08001e08                HAL_GPIO_Init
 .text.HAL_GPIO_WritePin
                0x08001ff8        0xc CMakeFiles/stm32driver.elf.dir/Drivers/STM32F1xx_HAL_Driver/Src/stm32f1xx_hal_gpio.c.obj
                0x08001ff8                HAL_GPIO_WritePin
 .text.HAL_GPIO_TogglePin
                0x08002004       0x10 CMakeFiles/stm32driver.elf.dir/Drivers/STM32F1xx_HAL_Driver/Src/stm32f1xx_hal_gpio.c.obj
                0x08002004                HAL_GPIO_TogglePin
 .text.I2C_IsAcknowledgeFailed
                0x08002014       0x34 CMakeFiles/stm32driver.elf.dir/Drivers/STM32F1xx_HAL_Driver/Src/stm32f1xx_hal_i2c.c.obj
 .text.I2C_WaitOnFlagUntilTimeout
                0x08002048       0x70 CMakeFiles/stm32driver.elf.dir/Drivers/STM32F1xx_HAL_Driver/Src/stm32f1xx_hal_i2c.c.obj
 .text.I2C_WaitOnMasterAddressFlagUntilTimeout
                0x080020b8       0xa8 CMakeFiles/stm32driver.elf.dir/Drivers/STM32F1xx_HAL_Driver/Src/stm32f1xx_hal_i2c.c.obj
 .text.I2C_WaitOnTXEFlagUntilTimeout
                0x08002160       0x54 CMakeFiles/stm32driver.elf.dir/Drivers/STM32F1xx_HAL_Driver/Src/stm32f1xx_hal_i2c.c.obj
 .text.I2C_RequestMemoryWrite
                0x080021b4       0xd0 CMakeFiles/stm32driver.elf.dir/Drivers/STM32F1xx_HAL_Driver/Src/stm32f1xx_hal_i2c.c.obj
 .text.I2C_WaitOnBTFFlagUntilTimeout
                0x08002284       0x54 CMakeFiles/stm32driver.elf.dir/Drivers/STM32F1xx_HAL_Driver/Src/stm32f1xx_hal_i2c.c.obj
 .text.HAL_I2C_Init
                0x080022d8      0x1a0 CMakeFiles/stm32driver.elf.dir/Drivers/STM32F1xx_HAL_Driver/Src/stm32f1xx_hal_i2c.c.obj
                0x080022d8                HAL_I2C_Init
 .text.HAL_I2C_Mem_Write
                0x08002478      0x16c CMakeFiles/stm32driver.elf.dir/Drivers/STM32F1xx_HAL_Driver/Src/stm32f1xx_hal_i2c.c.obj
                0x08002478                HAL_I2C_Mem_Write
 .text.RCC_Delay
                0x080025e4       0x2c CMakeFiles/stm32driver.elf.dir/Drivers/STM32F1xx_HAL_Driver/Src/stm32f1xx_hal_rcc.c.obj
 .text.HAL_RCC_OscConfig
                0x08002610      0x434 CMakeFiles/stm32driver.elf.dir/Drivers/STM32F1xx_HAL_Driver/Src/stm32f1xx_hal_rcc.c.obj
                0x08002610                HAL_RCC_OscConfig
 .text.HAL_RCC_GetSysClockFreq
                0x08002a44       0x70 CMakeFiles/stm32driver.elf.dir/Drivers/STM32F1xx_HAL_Driver/Src/stm32f1xx_hal_rcc.c.obj
                0x08002a44                HAL_RCC_GetSysClockFreq
 .text.HAL_RCC_ClockConfig
                0x08002ab4      0x170 CMakeFiles/stm32driver.elf.dir/Drivers/STM32F1xx_HAL_Driver/Src/stm32f1xx_hal_rcc.c.obj
                0x08002ab4                HAL_RCC_ClockConfig
 .text.HAL_RCC_GetHCLKFreq
                0x08002c24        0xc CMakeFiles/stm32driver.elf.dir/Drivers/STM32F1xx_HAL_Driver/Src/stm32f1xx_hal_rcc.c.obj
                0x08002c24                HAL_RCC_GetHCLKFreq
 .text.HAL_RCC_GetPCLK1Freq
                0x08002c30       0x20 CMakeFiles/stm32driver.elf.dir/Drivers/STM32F1xx_HAL_Driver/Src/stm32f1xx_hal_rcc.c.obj
                0x08002c30                HAL_RCC_GetPCLK1Freq
 .text.HAL_RCC_GetPCLK2Freq
                0x08002c50       0x20 CMakeFiles/stm32driver.elf.dir/Drivers/STM32F1xx_HAL_Driver/Src/stm32f1xx_hal_rcc.c.obj
                0x08002c50                HAL_RCC_GetPCLK2Freq
 .text.HAL_RCC_GetClockConfig
                0x08002c70       0x3c CMakeFiles/stm32driver.elf.dir/Drivers/STM32F1xx_HAL_Driver/Src/stm32f1xx_hal_rcc.c.obj
                0x08002c70                HAL_RCC_GetClockConfig
 .text.TIM_OC1_SetConfig
                0x08002cac       0x68 CMakeFiles/stm32driver.elf.dir/Drivers/STM32F1xx_HAL_Driver/Src/stm32f1xx_hal_tim.c.obj
 .text.TIM_OC3_SetConfig
                0x08002d14       0x70 CMakeFiles/stm32driver.elf.dir/Drivers/STM32F1xx_HAL_Driver/Src/stm32f1xx_hal_tim.c.obj
 .text.TIM_OC4_SetConfig
                0x08002d84       0x50 CMakeFiles/stm32driver.elf.dir/Drivers/STM32F1xx_HAL_Driver/Src/stm32f1xx_hal_tim.c.obj
 .text.HAL_TIM_Base_MspInit
                0x08002dd4        0x4 CMakeFiles/stm32driver.elf.dir/Drivers/STM32F1xx_HAL_Driver/Src/stm32f1xx_hal_tim.c.obj
                0x08002dd4                HAL_TIM_Base_MspInit
 .text.HAL_TIM_Base_Start_IT
                0x08002dd8       0x24 CMakeFiles/stm32driver.elf.dir/Drivers/STM32F1xx_HAL_Driver/Src/stm32f1xx_hal_tim.c.obj
                0x08002dd8                HAL_TIM_Base_Start_IT
 .text.HAL_TIM_OC_DelayElapsedCallback
                0x08002dfc        0x4 CMakeFiles/stm32driver.elf.dir/Drivers/STM32F1xx_HAL_Driver/Src/stm32f1xx_hal_tim.c.obj
                0x08002dfc                HAL_TIM_OC_DelayElapsedCallback
 .text.HAL_TIM_IC_CaptureCallback
                0x08002e00        0x4 CMakeFiles/stm32driver.elf.dir/Drivers/STM32F1xx_HAL_Driver/Src/stm32f1xx_hal_tim.c.obj
                0x08002e00                HAL_TIM_IC_CaptureCallback
 .text.HAL_TIM_PWM_PulseFinishedCallback
                0x08002e04        0x4 CMakeFiles/stm32driver.elf.dir/Drivers/STM32F1xx_HAL_Driver/Src/stm32f1xx_hal_tim.c.obj
                0x08002e04                HAL_TIM_PWM_PulseFinishedCallback
 .text.HAL_TIM_TriggerCallback
                0x08002e08        0x4 CMakeFiles/stm32driver.elf.dir/Drivers/STM32F1xx_HAL_Driver/Src/stm32f1xx_hal_tim.c.obj
                0x08002e08                HAL_TIM_TriggerCallback
 .text.HAL_TIM_IRQHandler
                0x08002e0c      0x174 CMakeFiles/stm32driver.elf.dir/Drivers/STM32F1xx_HAL_Driver/Src/stm32f1xx_hal_tim.c.obj
                0x08002e0c                HAL_TIM_IRQHandler
 .text.TIM_Base_SetConfig
                0x08002f80       0x98 CMakeFiles/stm32driver.elf.dir/Drivers/STM32F1xx_HAL_Driver/Src/stm32f1xx_hal_tim.c.obj
                0x08002f80                TIM_Base_SetConfig
 .text.HAL_TIM_Base_Init
                0x08003018       0x38 CMakeFiles/stm32driver.elf.dir/Drivers/STM32F1xx_HAL_Driver/Src/stm32f1xx_hal_tim.c.obj
                0x08003018                HAL_TIM_Base_Init
 .text.HAL_TIM_PWM_Init
                0x08003050       0x38 CMakeFiles/stm32driver.elf.dir/Drivers/STM32F1xx_HAL_Driver/Src/stm32f1xx_hal_tim.c.obj
                0x08003050                HAL_TIM_PWM_Init
 .text.HAL_TIM_Encoder_Init
                0x08003088       0xa0 CMakeFiles/stm32driver.elf.dir/Drivers/STM32F1xx_HAL_Driver/Src/stm32f1xx_hal_tim.c.obj
                0x08003088                HAL_TIM_Encoder_Init
 .text.TIM_OC2_SetConfig
                0x08003128       0x70 CMakeFiles/stm32driver.elf.dir/Drivers/STM32F1xx_HAL_Driver/Src/stm32f1xx_hal_tim.c.obj
                0x08003128                TIM_OC2_SetConfig
 .text.HAL_TIM_PWM_ConfigChannel
                0x08003198       0xdc CMakeFiles/stm32driver.elf.dir/Drivers/STM32F1xx_HAL_Driver/Src/stm32f1xx_hal_tim.c.obj
                0x08003198                HAL_TIM_PWM_ConfigChannel
 .text.TIM_CCxChannelCmd
                0x08003274       0x20 CMakeFiles/stm32driver.elf.dir/Drivers/STM32F1xx_HAL_Driver/Src/stm32f1xx_hal_tim.c.obj
                0x08003274                TIM_CCxChannelCmd
 .text.HAL_TIM_PWM_Start
                0x08003294       0x4c CMakeFiles/stm32driver.elf.dir/Drivers/STM32F1xx_HAL_Driver/Src/stm32f1xx_hal_tim.c.obj
                0x08003294                HAL_TIM_PWM_Start
 .text.HAL_TIM_Encoder_Start
                0x080032e0       0x48 CMakeFiles/stm32driver.elf.dir/Drivers/STM32F1xx_HAL_Driver/Src/stm32f1xx_hal_tim.c.obj
                0x080032e0                HAL_TIM_Encoder_Start
 .text.HAL_TIMEx_MasterConfigSynchronization
                0x08003328       0x48 CMakeFiles/stm32driver.elf.dir/Drivers/STM32F1xx_HAL_Driver/Src/stm32f1xx_hal_tim_ex.c.obj
                0x08003328                HAL_TIMEx_MasterConfigSynchronization
 .text.HAL_TIMEx_CommutCallback
                0x08003370        0x4 CMakeFiles/stm32driver.elf.dir/Drivers/STM32F1xx_HAL_Driver/Src/stm32f1xx_hal_tim_ex.c.obj
                0x08003370                HAL_TIMEx_CommutCallback
 .text.HAL_TIMEx_BreakCallback
                0x08003374        0x4 CMakeFiles/stm32driver.elf.dir/Drivers/STM32F1xx_HAL_Driver/Src/stm32f1xx_hal_tim_ex.c.obj
                0x08003374                HAL_TIMEx_BreakCallback
 .text.UART_EndTxTransfer
                0x08003378       0x14 CMakeFiles/stm32driver.elf.dir/Drivers/STM32F1xx_HAL_Driver/Src/stm32f1xx_hal_uart.c.obj
 .text.UART_EndRxTransfer
                0x0800338c       0x1c CMakeFiles/stm32driver.elf.dir/Drivers/STM32F1xx_HAL_Driver/Src/stm32f1xx_hal_uart.c.obj
 .text.UART_Transmit_IT
                0x080033a8       0x6c CMakeFiles/stm32driver.elf.dir/Drivers/STM32F1xx_HAL_Driver/Src/stm32f1xx_hal_uart.c.obj
 .text.UART_SetConfig
                0x08003414       0xcc CMakeFiles/stm32driver.elf.dir/Drivers/STM32F1xx_HAL_Driver/Src/stm32f1xx_hal_uart.c.obj
 .text.HAL_UART_Init
                0x080034e0       0x64 CMakeFiles/stm32driver.elf.dir/Drivers/STM32F1xx_HAL_Driver/Src/stm32f1xx_hal_uart.c.obj
                0x080034e0                HAL_UART_Init
 .text.HAL_UART_Transmit_DMA
                0x08003544       0x8c CMakeFiles/stm32driver.elf.dir/Drivers/STM32F1xx_HAL_Driver/Src/stm32f1xx_hal_uart.c.obj
                0x08003544                HAL_UART_Transmit_DMA
 .text.HAL_UART_Receive_DMA
                0x080035d0       0xa8 CMakeFiles/stm32driver.elf.dir/Drivers/STM32F1xx_HAL_Driver/Src/stm32f1xx_hal_uart.c.obj
                0x080035d0                HAL_UART_Receive_DMA
 .text.HAL_UART_DMAStop
                0x08003678       0x5c CMakeFiles/stm32driver.elf.dir/Drivers/STM32F1xx_HAL_Driver/Src/stm32f1xx_hal_uart.c.obj
                0x08003678                HAL_UART_DMAStop
 .text.HAL_UART_TxCpltCallback
                0x080036d4        0x4 CMakeFiles/stm32driver.elf.dir/Drivers/STM32F1xx_HAL_Driver/Src/stm32f1xx_hal_uart.c.obj
                0x080036d4                HAL_UART_TxCpltCallback
 .text.UART_DMATransmitCplt
                0x080036d8       0x30 CMakeFiles/stm32driver.elf.dir/Drivers/STM32F1xx_HAL_Driver/Src/stm32f1xx_hal_uart.c.obj
 .text.UART_EndTransmit_IT
                0x08003708       0x1c CMakeFiles/stm32driver.elf.dir/Drivers/STM32F1xx_HAL_Driver/Src/stm32f1xx_hal_uart.c.obj
 .text.HAL_UART_TxHalfCpltCallback
                0x08003724        0x4 CMakeFiles/stm32driver.elf.dir/Drivers/STM32F1xx_HAL_Driver/Src/stm32f1xx_hal_uart.c.obj
                0x08003724                HAL_UART_TxHalfCpltCallback
 .text.UART_DMATxHalfCplt
                0x08003728        0xc CMakeFiles/stm32driver.elf.dir/Drivers/STM32F1xx_HAL_Driver/Src/stm32f1xx_hal_uart.c.obj
 .text.HAL_UART_RxCpltCallback
                0x08003734        0x4 CMakeFiles/stm32driver.elf.dir/Drivers/STM32F1xx_HAL_Driver/Src/stm32f1xx_hal_uart.c.obj
                0x08003734                HAL_UART_RxCpltCallback
 .text.UART_DMAReceiveCplt
                0x08003738       0x40 CMakeFiles/stm32driver.elf.dir/Drivers/STM32F1xx_HAL_Driver/Src/stm32f1xx_hal_uart.c.obj
 .text.UART_Receive_IT
                0x08003778       0xa0 CMakeFiles/stm32driver.elf.dir/Drivers/STM32F1xx_HAL_Driver/Src/stm32f1xx_hal_uart.c.obj
 .text.HAL_UART_RxHalfCpltCallback
                0x08003818        0x4 CMakeFiles/stm32driver.elf.dir/Drivers/STM32F1xx_HAL_Driver/Src/stm32f1xx_hal_uart.c.obj
                0x08003818                HAL_UART_RxHalfCpltCallback
 .text.UART_DMARxHalfCplt
                0x0800381c        0xc CMakeFiles/stm32driver.elf.dir/Drivers/STM32F1xx_HAL_Driver/Src/stm32f1xx_hal_uart.c.obj
 .text.HAL_UART_ErrorCallback
                0x08003828        0x4 CMakeFiles/stm32driver.elf.dir/Drivers/STM32F1xx_HAL_Driver/Src/stm32f1xx_hal_uart.c.obj
                0x08003828                HAL_UART_ErrorCallback
 .text.UART_DMAError
                0x0800382c       0x50 CMakeFiles/stm32driver.elf.dir/Drivers/STM32F1xx_HAL_Driver/Src/stm32f1xx_hal_uart.c.obj
 .text.HAL_UART_IRQHandler
                0x0800387c      0x11c CMakeFiles/stm32driver.elf.dir/Drivers/STM32F1xx_HAL_Driver/Src/stm32f1xx_hal_uart.c.obj
                0x0800387c                HAL_UART_IRQHandler
 .text.UART_DMAAbortOnError
                0x08003998       0x10 CMakeFiles/stm32driver.elf.dir/Drivers/STM32F1xx_HAL_Driver/Src/stm32f1xx_hal_uart.c.obj
 .text.osKernelInitialize
                0x080039a8       0x44 CMakeFiles/stm32driver.elf.dir/Middlewares/Third_Party/FreeRTOS/Source/CMSIS_RTOS_V2/cmsis_os2.c.obj
                0x080039a8                osKernelInitialize
 .text.osKernelStart
                0x080039ec       0x4c CMakeFiles/stm32driver.elf.dir/Middlewares/Third_Party/FreeRTOS/Source/CMSIS_RTOS_V2/cmsis_os2.c.obj
                0x080039ec                osKernelStart
 .text.osThreadNew
                0x08003a38       0xe8 CMakeFiles/stm32driver.elf.dir/Middlewares/Third_Party/FreeRTOS/Source/CMSIS_RTOS_V2/cmsis_os2.c.obj
                0x08003a38                osThreadNew
 .text.osDelay  0x08003b20       0x40 CMakeFiles/stm32driver.elf.dir/Middlewares/Third_Party/FreeRTOS/Source/CMSIS_RTOS_V2/cmsis_os2.c.obj
                0x08003b20                osDelay
 .text.vApplicationGetIdleTaskMemory
                0x08003b60       0x18 CMakeFiles/stm32driver.elf.dir/Middlewares/Third_Party/FreeRTOS/Source/CMSIS_RTOS_V2/cmsis_os2.c.obj
                0x08003b60                vApplicationGetIdleTaskMemory
 .text.vApplicationGetTimerTaskMemory
                0x08003b78       0x18 CMakeFiles/stm32driver.elf.dir/Middlewares/Third_Party/FreeRTOS/Source/CMSIS_RTOS_V2/cmsis_os2.c.obj
                0x08003b78                vApplicationGetTimerTaskMemory
 .text.vListInitialise
                0x08003b90       0x18 CMakeFiles/stm32driver.elf.dir/Middlewares/Third_Party/FreeRTOS/Source/list.c.obj
                0x08003b90                vListInitialise
 .text.vListInitialiseItem
                0x08003ba8        0x8 CMakeFiles/stm32driver.elf.dir/Middlewares/Third_Party/FreeRTOS/Source/list.c.obj
                0x08003ba8                vListInitialiseItem
 .text.vListInsertEnd
                0x08003bb0       0x18 CMakeFiles/stm32driver.elf.dir/Middlewares/Third_Party/FreeRTOS/Source/list.c.obj
                0x08003bb0                vListInsertEnd
 .text.vListInsert
                0x08003bc8       0x34 CMakeFiles/stm32driver.elf.dir/Middlewares/Third_Party/FreeRTOS/Source/list.c.obj
                0x08003bc8                vListInsert
 .text.uxListRemove
                0x08003bfc       0x28 CMakeFiles/stm32driver.elf.dir/Middlewares/Third_Party/FreeRTOS/Source/list.c.obj
                0x08003bfc                uxListRemove
 .text.prvTaskExitError
                0x08003c24       0x40 CMakeFiles/stm32driver.elf.dir/Middlewares/Third_Party/FreeRTOS/Source/portable/GCC/ARM_CM3/port.c.obj
 .text.prvPortStartFirstTask
                0x08003c64       0x20 CMakeFiles/stm32driver.elf.dir/Middlewares/Third_Party/FreeRTOS/Source/portable/GCC/ARM_CM3/port.c.obj
 .text.pxPortInitialiseStack
                0x08003c84       0x24 CMakeFiles/stm32driver.elf.dir/Middlewares/Third_Party/FreeRTOS/Source/portable/GCC/ARM_CM3/port.c.obj
                0x08003c84                pxPortInitialiseStack
 *fill*         0x08003ca8        0x8 
 .text.SVC_Handler
                0x08003cb0       0x24 CMakeFiles/stm32driver.elf.dir/Middlewares/Third_Party/FreeRTOS/Source/portable/GCC/ARM_CM3/port.c.obj
                0x08003cb0                SVC_Handler
 .text.vPortEnterCritical
                0x08003cd4       0x44 CMakeFiles/stm32driver.elf.dir/Middlewares/Third_Party/FreeRTOS/Source/portable/GCC/ARM_CM3/port.c.obj
                0x08003cd4                vPortEnterCritical
 .text.vPortExitCritical
                0x08003d18       0x2c CMakeFiles/stm32driver.elf.dir/Middlewares/Third_Party/FreeRTOS/Source/portable/GCC/ARM_CM3/port.c.obj
                0x08003d18                vPortExitCritical
 *fill*         0x08003d44        0xc 
 .text.PendSV_Handler
                0x08003d50       0x44 CMakeFiles/stm32driver.elf.dir/Middlewares/Third_Party/FreeRTOS/Source/portable/GCC/ARM_CM3/port.c.obj
                0x08003d50                PendSV_Handler
 .text.SysTick_Handler
                0x08003d94       0x2c CMakeFiles/stm32driver.elf.dir/Middlewares/Third_Party/FreeRTOS/Source/portable/GCC/ARM_CM3/port.c.obj
                0x08003d94                SysTick_Handler
 .text.vPortSetupTimerInterrupt
                0x08003dc0       0x38 CMakeFiles/stm32driver.elf.dir/Middlewares/Third_Party/FreeRTOS/Source/portable/GCC/ARM_CM3/port.c.obj
                0x08003dc0                vPortSetupTimerInterrupt
 .text.xPortStartScheduler
                0x08003df8       0xb8 CMakeFiles/stm32driver.elf.dir/Middlewares/Third_Party/FreeRTOS/Source/portable/GCC/ARM_CM3/port.c.obj
                0x08003df8                xPortStartScheduler
 .text.vPortValidateInterruptPriority
                0x08003eb0       0x5c CMakeFiles/stm32driver.elf.dir/Middlewares/Third_Party/FreeRTOS/Source/portable/GCC/ARM_CM3/port.c.obj
                0x08003eb0                vPortValidateInterruptPriority
 .text.prvHeapInit
                0x08003f0c       0x64 CMakeFiles/stm32driver.elf.dir/Middlewares/Third_Party/FreeRTOS/Source/portable/MemMang/heap_4.c.obj
 .text.prvInsertBlockIntoFreeList
                0x08003f70       0x54 CMakeFiles/stm32driver.elf.dir/Middlewares/Third_Party/FreeRTOS/Source/portable/MemMang/heap_4.c.obj
 .text.pvPortMalloc
                0x08003fc4      0x104 CMakeFiles/stm32driver.elf.dir/Middlewares/Third_Party/FreeRTOS/Source/portable/MemMang/heap_4.c.obj
                0x08003fc4                pvPortMalloc
 .text.vPortFree
                0x080040c8       0x78 CMakeFiles/stm32driver.elf.dir/Middlewares/Third_Party/FreeRTOS/Source/portable/MemMang/heap_4.c.obj
                0x080040c8                vPortFree
 .text.prvIsQueueFull
                0x08004140       0x20 CMakeFiles/stm32driver.elf.dir/Middlewares/Third_Party/FreeRTOS/Source/queue.c.obj
 .text.prvIsQueueEmpty
                0x08004160       0x1c CMakeFiles/stm32driver.elf.dir/Middlewares/Third_Party/FreeRTOS/Source/queue.c.obj
 .text.prvCopyDataToQueue
                0x0800417c       0x78 CMakeFiles/stm32driver.elf.dir/Middlewares/Third_Party/FreeRTOS/Source/queue.c.obj
 .text.prvCopyDataFromQueue
                0x080041f4       0x24 CMakeFiles/stm32driver.elf.dir/Middlewares/Third_Party/FreeRTOS/Source/queue.c.obj
 .text.prvUnlockQueue
                0x08004218       0x68 CMakeFiles/stm32driver.elf.dir/Middlewares/Third_Party/FreeRTOS/Source/queue.c.obj
 .text.xQueueGenericReset
                0x08004280       0x80 CMakeFiles/stm32driver.elf.dir/Middlewares/Third_Party/FreeRTOS/Source/queue.c.obj
                0x08004280                xQueueGenericReset
 .text.prvInitialiseNewQueue
                0x08004300       0x24 CMakeFiles/stm32driver.elf.dir/Middlewares/Third_Party/FreeRTOS/Source/queue.c.obj
 .text.xQueueGenericCreateStatic
                0x08004324       0xac CMakeFiles/stm32driver.elf.dir/Middlewares/Third_Party/FreeRTOS/Source/queue.c.obj
                0x08004324                xQueueGenericCreateStatic
 .text.xQueueGenericSend
                0x080043d0      0x190 CMakeFiles/stm32driver.elf.dir/Middlewares/Third_Party/FreeRTOS/Source/queue.c.obj
                0x080043d0                xQueueGenericSend
 .text.xQueueGenericSendFromISR
                0x08004560       0xe4 CMakeFiles/stm32driver.elf.dir/Middlewares/Third_Party/FreeRTOS/Source/queue.c.obj
                0x08004560                xQueueGenericSendFromISR
 .text.xQueueReceive
                0x08004644      0x158 CMakeFiles/stm32driver.elf.dir/Middlewares/Third_Party/FreeRTOS/Source/queue.c.obj
                0x08004644                xQueueReceive
 .text.vQueueAddToRegistry
                0x0800479c       0x28 CMakeFiles/stm32driver.elf.dir/Middlewares/Third_Party/FreeRTOS/Source/queue.c.obj
                0x0800479c                vQueueAddToRegistry
 .text.vQueueWaitForMessageRestricted
                0x080047c4       0x4c CMakeFiles/stm32driver.elf.dir/Middlewares/Third_Party/FreeRTOS/Source/queue.c.obj
                0x080047c4                vQueueWaitForMessageRestricted
 .text.prvResetNextTaskUnblockTime
                0x08004810       0x34 CMakeFiles/stm32driver.elf.dir/Middlewares/Third_Party/FreeRTOS/Source/tasks.c.obj
 .text.prvInitialiseNewTask
                0x08004844       0x90 CMakeFiles/stm32driver.elf.dir/Middlewares/Third_Party/FreeRTOS/Source/tasks.c.obj
 .text.prvInitialiseTaskLists
                0x080048d4       0x68 CMakeFiles/stm32driver.elf.dir/Middlewares/Third_Party/FreeRTOS/Source/tasks.c.obj
 .text.prvAddNewTaskToReadyList
                0x0800493c       0xa8 CMakeFiles/stm32driver.elf.dir/Middlewares/Third_Party/FreeRTOS/Source/tasks.c.obj
 .text.prvDeleteTCB
                0x080049e4       0x3c CMakeFiles/stm32driver.elf.dir/Middlewares/Third_Party/FreeRTOS/Source/tasks.c.obj
 .text.prvCheckTasksWaitingTermination
                0x08004a20       0x44 CMakeFiles/stm32driver.elf.dir/Middlewares/Third_Party/FreeRTOS/Source/tasks.c.obj
 .text.prvIdleTask
                0x08004a64       0x28 CMakeFiles/stm32driver.elf.dir/Middlewares/Third_Party/FreeRTOS/Source/tasks.c.obj
 .text.prvAddCurrentTaskToDelayedList
                0x08004a8c       0x7c CMakeFiles/stm32driver.elf.dir/Middlewares/Third_Party/FreeRTOS/Source/tasks.c.obj
 .text.xTaskCreateStatic
                0x08004b08       0x7c CMakeFiles/stm32driver.elf.dir/Middlewares/Third_Party/FreeRTOS/Source/tasks.c.obj
                0x08004b08                xTaskCreateStatic
 .text.xTaskCreate
                0x08004b84       0x68 CMakeFiles/stm32driver.elf.dir/Middlewares/Third_Party/FreeRTOS/Source/tasks.c.obj
                0x08004b84                xTaskCreate
 .text.vTaskStartScheduler
                0x08004bec       0x98 CMakeFiles/stm32driver.elf.dir/Middlewares/Third_Party/FreeRTOS/Source/tasks.c.obj
                0x08004bec                vTaskStartScheduler
 .text.vTaskSuspendAll
                0x08004c84       0x10 CMakeFiles/stm32driver.elf.dir/Middlewares/Third_Party/FreeRTOS/Source/tasks.c.obj
                0x08004c84                vTaskSuspendAll
 .text.xTaskGetTickCount
                0x08004c94        0xc CMakeFiles/stm32driver.elf.dir/Middlewares/Third_Party/FreeRTOS/Source/tasks.c.obj
                0x08004c94                xTaskGetTickCount
 .text.xTaskIncrementTick
                0x08004ca0      0x124 CMakeFiles/stm32driver.elf.dir/Middlewares/Third_Party/FreeRTOS/Source/tasks.c.obj
                0x08004ca0                xTaskIncrementTick
 .text.xTaskResumeAll
                0x08004dc4       0xf8 CMakeFiles/stm32driver.elf.dir/Middlewares/Third_Party/FreeRTOS/Source/tasks.c.obj
                0x08004dc4                xTaskResumeAll
 .text.vTaskDelay
                0x08004ebc       0x50 CMakeFiles/stm32driver.elf.dir/Middlewares/Third_Party/FreeRTOS/Source/tasks.c.obj
                0x08004ebc                vTaskDelay
 .text.vTaskSwitchContext
                0x08004f0c       0x98 CMakeFiles/stm32driver.elf.dir/Middlewares/Third_Party/FreeRTOS/Source/tasks.c.obj
                0x08004f0c                vTaskSwitchContext
 .text.vTaskPlaceOnEventList
                0x08004fa4       0x30 CMakeFiles/stm32driver.elf.dir/Middlewares/Third_Party/FreeRTOS/Source/tasks.c.obj
                0x08004fa4                vTaskPlaceOnEventList
 .text.vTaskPlaceOnEventListRestricted
                0x08004fd4       0x38 CMakeFiles/stm32driver.elf.dir/Middlewares/Third_Party/FreeRTOS/Source/tasks.c.obj
                0x08004fd4                vTaskPlaceOnEventListRestricted
 .text.xTaskRemoveFromEventList
                0x0800500c       0x8c CMakeFiles/stm32driver.elf.dir/Middlewares/Third_Party/FreeRTOS/Source/tasks.c.obj
                0x0800500c                xTaskRemoveFromEventList
 .text.vTaskInternalSetTimeOutState
                0x08005098       0x18 CMakeFiles/stm32driver.elf.dir/Middlewares/Third_Party/FreeRTOS/Source/tasks.c.obj
                0x08005098                vTaskInternalSetTimeOutState
 .text.xTaskCheckForTimeOut
                0x080050b0       0x80 CMakeFiles/stm32driver.elf.dir/Middlewares/Third_Party/FreeRTOS/Source/tasks.c.obj
                0x080050b0                xTaskCheckForTimeOut
 .text.vTaskMissedYield
                0x08005130        0xc CMakeFiles/stm32driver.elf.dir/Middlewares/Third_Party/FreeRTOS/Source/tasks.c.obj
                0x08005130                vTaskMissedYield
 .text.xTaskGetSchedulerState
                0x0800513c       0x20 CMakeFiles/stm32driver.elf.dir/Middlewares/Third_Party/FreeRTOS/Source/tasks.c.obj
                0x0800513c                xTaskGetSchedulerState
 .text.xTaskPriorityDisinherit
                0x0800515c       0x94 CMakeFiles/stm32driver.elf.dir/Middlewares/Third_Party/FreeRTOS/Source/tasks.c.obj
                0x0800515c                xTaskPriorityDisinherit
 .text.prvGetNextExpireTime
                0x080051f0       0x20 CMakeFiles/stm32driver.elf.dir/Middlewares/Third_Party/FreeRTOS/Source/timers.c.obj
 .text.prvInsertTimerInActiveList
                0x08005210       0x48 CMakeFiles/stm32driver.elf.dir/Middlewares/Third_Party/FreeRTOS/Source/timers.c.obj
 .text.prvCheckForValidListAndQueue
                0x08005258       0x6c CMakeFiles/stm32driver.elf.dir/Middlewares/Third_Party/FreeRTOS/Source/timers.c.obj
 .text.xTimerCreateTimerTask
                0x080052c4       0x70 CMakeFiles/stm32driver.elf.dir/Middlewares/Third_Party/FreeRTOS/Source/timers.c.obj
                0x080052c4                xTimerCreateTimerTask
 .text.xTimerGenericCommand
                0x08005334       0x6c CMakeFiles/stm32driver.elf.dir/Middlewares/Third_Party/FreeRTOS/Source/timers.c.obj
                0x08005334                xTimerGenericCommand
 .text.prvSwitchTimerLists
                0x080053a0       0x7c CMakeFiles/stm32driver.elf.dir/Middlewares/Third_Party/FreeRTOS/Source/timers.c.obj
 .text.prvSampleTimeNow
                0x0800541c       0x2c CMakeFiles/stm32driver.elf.dir/Middlewares/Third_Party/FreeRTOS/Source/timers.c.obj
 .text.prvProcessExpiredTimer
                0x08005448       0x5c CMakeFiles/stm32driver.elf.dir/Middlewares/Third_Party/FreeRTOS/Source/timers.c.obj
 .text.prvProcessTimerOrBlockTask
                0x080054a4       0x74 CMakeFiles/stm32driver.elf.dir/Middlewares/Third_Party/FreeRTOS/Source/timers.c.obj
 .text.prvProcessReceivedCommands
                0x08005518       0xd0 CMakeFiles/stm32driver.elf.dir/Middlewares/Third_Party/FreeRTOS/Source/timers.c.obj
 .text.prvTimerTask
                0x080055e8       0x18 CMakeFiles/stm32driver.elf.dir/Middlewares/Third_Party/FreeRTOS/Source/timers.c.obj
 .text.Reset_Handler
                0x08005600       0x48 CMakeFiles/stm32driver.elf.dir/startup/startup_stm32f103xe.s.obj
                0x08005600                Reset_Handler
 .text.Default_Handler
                0x08005648        0x2 CMakeFiles/stm32driver.elf.dir/startup/startup_stm32f103xe.s.obj
                0x08005648                RTC_Alarm_IRQHandler
                0x08005648                EXTI2_IRQHandler
                0x08005648                TIM8_TRG_COM_IRQHandler
                0x08005648                TIM8_CC_IRQHandler
                0x08005648                TIM1_CC_IRQHandler
                0x08005648                TIM6_IRQHandler
                0x08005648                PVD_IRQHandler
                0x08005648                SDIO_IRQHandler
                0x08005648                EXTI3_IRQHandler
                0x08005648                EXTI0_IRQHandler
                0x08005648                I2C2_EV_IRQHandler
                0x08005648                ADC1_2_IRQHandler
                0x08005648                SPI1_IRQHandler
                0x08005648                TAMPER_IRQHandler
                0x08005648                TIM8_UP_IRQHandler
                0x08005648                DMA2_Channel2_IRQHandler
                0x08005648                DMA1_Channel4_IRQHandler
                0x08005648                RTC_IRQHandler
                0x08005648                DMA1_Channel7_IRQHandler
                0x08005648                CAN1_RX1_IRQHandler
                0x08005648                UART5_IRQHandler
                0x08005648                ADC3_IRQHandler
                0x08005648                TIM4_IRQHandler
                0x08005648                DMA2_Channel1_IRQHandler
                0x08005648                I2C1_EV_IRQHandler
                0x08005648                DMA1_Channel6_IRQHandler
                0x08005648                UART4_IRQHandler
                0x08005648                TIM3_IRQHandler
                0x08005648                RCC_IRQHandler
                0x08005648                TIM1_TRG_COM_IRQHandler
                0x08005648                DMA1_Channel1_IRQHandler
                0x08005648                Default_Handler
                0x08005648                EXTI15_10_IRQHandler
                0x08005648                TIM7_IRQHandler
                0x08005648                TIM5_IRQHandler
                0x08005648                EXTI9_5_IRQHandler
                0x08005648                SPI2_IRQHandler
                0x08005648                DMA1_Channel5_IRQHandler
                0x08005648                EXTI4_IRQHandler
                0x08005648                USB_LP_CAN1_RX0_IRQHandler
                0x08005648                USB_HP_CAN1_TX_IRQHandler
                0x08005648                FSMC_IRQHandler
                0x08005648                WWDG_IRQHandler
                0x08005648                TIM2_IRQHandler
                0x08005648                TIM1_BRK_IRQHandler
                0x08005648                EXTI1_IRQHandler
                0x08005648                DMA2_Channel4_5_IRQHandler
                0x08005648                USART2_IRQHandler
                0x08005648                I2C2_ER_IRQHandler
                0x08005648                TIM8_BRK_IRQHandler
                0x08005648                CAN1_SCE_IRQHandler
                0x08005648                FLASH_IRQHandler
                0x08005648                USART1_IRQHandler
                0x08005648                SPI3_IRQHandler
                0x08005648                I2C1_ER_IRQHandler
                0x08005648                USBWakeUp_IRQHandler
                0x08005648                DMA2_Channel3_IRQHandler
 *fill*         0x0800564a        0x2 
 .text.__libc_init_array
                0x0800564c       0x50 c:/progra~2/gnutoo~1/50a5a~1.420/bin/../lib/gcc/arm-none-eabi/5.4.1/../../../../arm-none-eabi/lib/armv7-m\libg.a(lib_a-init.o)
                0x0800564c                __libc_init_array
 .text.memset   0x0800569c       0x9c c:/progra~2/gnutoo~1/50a5a~1.420/bin/../lib/gcc/arm-none-eabi/5.4.1/../../../../arm-none-eabi/lib/armv7-m\libg.a(lib_a-memset.o)
                0x0800569c                memset
 .text.startup.register_fini
                0x08005738       0x14 c:/progra~2/gnutoo~1/50a5a~1.420/bin/../lib/gcc/arm-none-eabi/5.4.1/../../../../arm-none-eabi/lib/armv7-m\libg.a(lib_a-__call_atexit.o)
 .text.atexit   0x0800574c        0xc c:/progra~2/gnutoo~1/50a5a~1.420/bin/../lib/gcc/arm-none-eabi/5.4.1/../../../../arm-none-eabi/lib/armv7-m\libg.a(lib_a-atexit.o)
                0x0800574c                atexit
 .text.__libc_fini_array
                0x08005758       0x28 c:/progra~2/gnutoo~1/50a5a~1.420/bin/../lib/gcc/arm-none-eabi/5.4.1/../../../../arm-none-eabi/lib/armv7-m\libg.a(lib_a-fini.o)
                0x08005758                __libc_fini_array
 .text.__register_exitproc
                0x08005780       0xa4 c:/progra~2/gnutoo~1/50a5a~1.420/bin/../lib/gcc/arm-none-eabi/5.4.1/../../../../arm-none-eabi/lib/armv7-m\libg.a(lib_a-__atexit.o)
                0x08005780                __register_exitproc
 *(.glue_7)
 .glue_7        0x08005824        0x0 linker stubs
 *(.glue_7t)
 .glue_7t       0x08005824        0x0 linker stubs
 *(.eh_frame)
 .eh_frame      0x08005824        0x0 c:/progra~2/gnutoo~1/50a5a~1.420/bin/../lib/gcc/arm-none-eabi/5.4.1/armv7-m/crtbegin.o
 *(.init)
 .init          0x08005824        0x4 c:/progra~2/gnutoo~1/50a5a~1.420/bin/../lib/gcc/arm-none-eabi/5.4.1/armv7-m/crti.o
                0x08005824                _init
 .init          0x08005828        0x8 c:/progra~2/gnutoo~1/50a5a~1.420/bin/../lib/gcc/arm-none-eabi/5.4.1/armv7-m/crtn.o
 *(.fini)
 .fini          0x08005830        0x4 c:/progra~2/gnutoo~1/50a5a~1.420/bin/../lib/gcc/arm-none-eabi/5.4.1/armv7-m/crti.o
                0x08005830                _fini
 .fini          0x08005834        0x8 c:/progra~2/gnutoo~1/50a5a~1.420/bin/../lib/gcc/arm-none-eabi/5.4.1/armv7-m/crtn.o
                0x0800583c                . = ALIGN (0x4)
                0x0800583c                _etext = .

.vfp11_veneer   0x0800583c        0x0
 .vfp11_veneer  0x0800583c        0x0 linker stubs

.v4_bx          0x0800583c        0x0
 .v4_bx         0x0800583c        0x0 linker stubs

.iplt           0x0800583c        0x0
 .iplt          0x0800583c        0x0 c:/progra~2/gnutoo~1/50a5a~1.420/bin/../lib/gcc/arm-none-eabi/5.4.1/armv7-m/crtbegin.o

.rodata         0x0800583c      0x964
                0x0800583c                . = ALIGN (0x4)
 *(.rodata)
 .rodata        0x0800583c       0x12 CMakeFiles/stm32driver.elf.dir/Drivers/STM32F1xx_HAL_Driver/Src/stm32f1xx_hal_rcc.c.obj
 *(.rodata*)
 *fill*         0x0800584e        0x2 
 .rodata.F8X16  0x08005850      0x5e0 CMakeFiles/stm32driver.elf.dir/Core/Src/User/oled.c.obj
                0x08005850                F8X16
 .rodata.str1.4
                0x08005e30       0x10 CMakeFiles/stm32driver.elf.dir/Core/Src/User/oled.c.obj
 .rodata.F6x8   0x08005e40      0x228 CMakeFiles/stm32driver.elf.dir/Core/Src/User/oled.c.obj
                0x08005e40                F6x8
 .rodata.defaultTask_attributes
                0x08006068       0x24 CMakeFiles/stm32driver.elf.dir/Core/Src/freertos.c.obj
                0x08006068                defaultTask_attributes
 .rodata.str1.4
                0x0800608c       0x34 CMakeFiles/stm32driver.elf.dir/Core/Src/freertos.c.obj
 .rodata.myTaskMotor_attributes
                0x080060c0       0x24 CMakeFiles/stm32driver.elf.dir/Core/Src/freertos.c.obj
                0x080060c0                myTaskMotor_attributes
 .rodata.myTaskUsart_attributes
                0x080060e4       0x24 CMakeFiles/stm32driver.elf.dir/Core/Src/freertos.c.obj
                0x080060e4                myTaskUsart_attributes
 .rodata.myTaskDisplay_attributes
                0x08006108       0x24 CMakeFiles/stm32driver.elf.dir/Core/Src/freertos.c.obj
                0x08006108                myTaskDisplay_attributes
 .rodata.str1.4
                0x0800612c       0x3e CMakeFiles/stm32driver.elf.dir/Core/Src/main.c.obj
 *fill*         0x0800616a        0x2 
 .rodata.AHBPrescTable
                0x0800616c       0x10 CMakeFiles/stm32driver.elf.dir/Core/Src/system_stm32f1xx.c.obj
                0x0800616c                AHBPrescTable
 .rodata.APBPrescTable
                0x0800617c        0x8 CMakeFiles/stm32driver.elf.dir/Core/Src/system_stm32f1xx.c.obj
                0x0800617c                APBPrescTable
 .rodata.str1.4
                0x08006184        0x5 CMakeFiles/stm32driver.elf.dir/Middlewares/Third_Party/FreeRTOS/Source/tasks.c.obj
 *fill*         0x08006189        0x3 
 .rodata.str1.4
                0x0800618c       0x10 CMakeFiles/stm32driver.elf.dir/Middlewares/Third_Party/FreeRTOS/Source/timers.c.obj
 .rodata._global_impure_ptr
                0x0800619c        0x4 c:/progra~2/gnutoo~1/50a5a~1.420/bin/../lib/gcc/arm-none-eabi/5.4.1/../../../../arm-none-eabi/lib/armv7-m\libg.a(lib_a-impure.o)
                0x0800619c                _global_impure_ptr
                0x080061a0                . = ALIGN (0x4)

.rel.dyn        0x080061a0        0x0
 .rel.iplt      0x080061a0        0x0 c:/progra~2/gnutoo~1/50a5a~1.420/bin/../lib/gcc/arm-none-eabi/5.4.1/armv7-m/crtbegin.o

.ARM.extab
 *(.ARM.extab* .gnu.linkonce.armextab.*)

.ARM            0x080061a0        0x0
                0x080061a0                __exidx_start = .
 *(.ARM.exidx*)
                0x080061a0                __exidx_end = .

.preinit_array  0x080061a0        0x0
                0x080061a0                PROVIDE (__preinit_array_start, .)
 *(.preinit_array*)
                0x080061a0                PROVIDE (__preinit_array_end, .)

.init_array     0x080061a0        0x8
                0x080061a0                PROVIDE (__init_array_start, .)
 *(SORT(.init_array.*))
 .init_array.00000
                0x080061a0        0x4 c:/progra~2/gnutoo~1/50a5a~1.420/bin/../lib/gcc/arm-none-eabi/5.4.1/../../../../arm-none-eabi/lib/armv7-m\libg.a(lib_a-__call_atexit.o)
 *(.init_array*)
 .init_array    0x080061a4        0x4 c:/progra~2/gnutoo~1/50a5a~1.420/bin/../lib/gcc/arm-none-eabi/5.4.1/armv7-m/crtbegin.o
                0x080061a8                PROVIDE (__init_array_end, .)

.fini_array     0x080061a8        0x4
                0x080061a8                PROVIDE (__fini_array_start, .)
 *(SORT(.fini_array.*))
 *(.fini_array*)
 .fini_array    0x080061a8        0x4 c:/progra~2/gnutoo~1/50a5a~1.420/bin/../lib/gcc/arm-none-eabi/5.4.1/armv7-m/crtbegin.o
                0x080061ac                PROVIDE (__fini_array_end, .)
                0x080061ac                _sidata = LOADADDR (.data)

.data           0x20000000      0x468 load address 0x080061ac
                0x20000000                . = ALIGN (0x4)
                0x20000000                _sdata = .
 *(.data)
 *(.data*)
 .data.Velocity_KP_A
                0x20000000        0x4 CMakeFiles/stm32driver.elf.dir/Core/Src/User/motor.c.obj
                0x20000000                Velocity_KP_A
 .data.Velocity_KP_B
                0x20000004        0x4 CMakeFiles/stm32driver.elf.dir/Core/Src/User/motor.c.obj
                0x20000004                Velocity_KP_B
 .data.Velocity_KI_A
                0x20000008        0x4 CMakeFiles/stm32driver.elf.dir/Core/Src/User/motor.c.obj
                0x20000008                Velocity_KI_A
 .data.Velocity_KI_B
                0x2000000c        0x4 CMakeFiles/stm32driver.elf.dir/Core/Src/User/motor.c.obj
                0x2000000c                Velocity_KI_B
 .data.CMD_Data
                0x20000010       0x1b CMakeFiles/stm32driver.elf.dir/Core/Src/User/oled.c.obj
                0x20000010                CMD_Data
 *fill*         0x2000002b        0x1 
 .data.SystemCoreClock
                0x2000002c        0x4 CMakeFiles/stm32driver.elf.dir/Core/Src/system_stm32f1xx.c.obj
                0x2000002c                SystemCoreClock
 .data.uwTickPrio
                0x20000030        0x4 CMakeFiles/stm32driver.elf.dir/Drivers/STM32F1xx_HAL_Driver/Src/stm32f1xx_hal.c.obj
                0x20000030                uwTickPrio
 .data.uwTickFreq
                0x20000034        0x1 CMakeFiles/stm32driver.elf.dir/Drivers/STM32F1xx_HAL_Driver/Src/stm32f1xx_hal.c.obj
                0x20000034                uwTickFreq
 *fill*         0x20000035        0x3 
 .data.uxCriticalNesting
                0x20000038        0x4 CMakeFiles/stm32driver.elf.dir/Middlewares/Third_Party/FreeRTOS/Source/portable/GCC/ARM_CM3/port.c.obj
 *fill*         0x2000003c        0x4 
 .data.impure_data
                0x20000040      0x428 c:/progra~2/gnutoo~1/50a5a~1.420/bin/../lib/gcc/arm-none-eabi/5.4.1/../../../../arm-none-eabi/lib/armv7-m\libg.a(lib_a-impure.o)
                0x20000468                . = ALIGN (0x4)
                0x20000468                _edata = .

.jcr            0x20000468        0x0 load address 0x08006614
 .jcr           0x20000468        0x0 c:/progra~2/gnutoo~1/50a5a~1.420/bin/../lib/gcc/arm-none-eabi/5.4.1/armv7-m/crtbegin.o

.igot.plt       0x20000468        0x0 load address 0x08006614
 .igot.plt      0x20000468        0x0 c:/progra~2/gnutoo~1/50a5a~1.420/bin/../lib/gcc/arm-none-eabi/5.4.1/armv7-m/crtbegin.o
                0x20000468                . = ALIGN (0x4)

.bss            0x20000468     0x1c40 load address 0x08006614
                0x20000468                _sbss = .
                0x20000468                __bss_start__ = _sbss
 *(.bss)
 .bss           0x20000468       0x1c c:/progra~2/gnutoo~1/50a5a~1.420/bin/../lib/gcc/arm-none-eabi/5.4.1/armv7-m/crtbegin.o
 *(.bss*)
 .bss.Pwm_A     0x20000484        0x4 CMakeFiles/stm32driver.elf.dir/Core/Src/User/motor.c.obj
                0x20000484                Pwm_A
 .bss.Pwm_B     0x20000488        0x4 CMakeFiles/stm32driver.elf.dir/Core/Src/User/motor.c.obj
                0x20000488                Pwm_B
 .bss.Bias_A    0x2000048c        0x4 CMakeFiles/stm32driver.elf.dir/Core/Src/User/motor.c.obj
                0x2000048c                Bias_A
 .bss.Bias_B    0x20000490        0x4 CMakeFiles/stm32driver.elf.dir/Core/Src/User/motor.c.obj
                0x20000490                Bias_B
 .bss.Last_bias_A
                0x20000494        0x4 CMakeFiles/stm32driver.elf.dir/Core/Src/User/motor.c.obj
                0x20000494                Last_bias_A
 .bss.Last_bias_B
                0x20000498        0x4 CMakeFiles/stm32driver.elf.dir/Core/Src/User/motor.c.obj
                0x20000498                Last_bias_B
 .bss.motorInfo
                0x2000049c       0x20 CMakeFiles/stm32driver.elf.dir/Core/Src/freertos.c.obj
                0x2000049c                motorInfo
 .bss.str.8471  0x200004bc        0x6 CMakeFiles/stm32driver.elf.dir/Core/Src/freertos.c.obj
 *fill*         0x200004c2        0x2 
 .bss.myTaskDisplayHandle
                0x200004c4        0x4 CMakeFiles/stm32driver.elf.dir/Core/Src/freertos.c.obj
                0x200004c4                myTaskDisplayHandle
 .bss.myTaskUsartHandle
                0x200004c8        0x4 CMakeFiles/stm32driver.elf.dir/Core/Src/freertos.c.obj
                0x200004c8                myTaskUsartHandle
 .bss.len.8472  0x200004cc        0x1 CMakeFiles/stm32driver.elf.dir/Core/Src/freertos.c.obj
 *fill*         0x200004cd        0x3 
 .bss.defaultTaskHandle
                0x200004d0        0x4 CMakeFiles/stm32driver.elf.dir/Core/Src/freertos.c.obj
                0x200004d0                defaultTaskHandle
 .bss.myTaskMotorHandle
                0x200004d4        0x4 CMakeFiles/stm32driver.elf.dir/Core/Src/freertos.c.obj
                0x200004d4                myTaskMotorHandle
 .bss.hi2c1     0x200004d8       0x54 CMakeFiles/stm32driver.elf.dir/Core/Src/i2c.c.obj
                0x200004d8                hi2c1
 .bss.htim1     0x2000052c       0x40 CMakeFiles/stm32driver.elf.dir/Core/Src/stm32f1xx_hal_timebase_tim.c.obj
                0x2000052c                htim1
 .bss.htim2     0x2000056c       0x40 CMakeFiles/stm32driver.elf.dir/Core/Src/tim.c.obj
                0x2000056c                htim2
 .bss.htim3     0x200005ac       0x40 CMakeFiles/stm32driver.elf.dir/Core/Src/tim.c.obj
                0x200005ac                htim3
 .bss.htim4     0x200005ec       0x40 CMakeFiles/stm32driver.elf.dir/Core/Src/tim.c.obj
                0x200005ec                htim4
 .bss.hdma_usart3_tx
                0x2000062c       0x44 CMakeFiles/stm32driver.elf.dir/Core/Src/usart.c.obj
                0x2000062c                hdma_usart3_tx
 .bss.rx3_buffer
                0x20000670       0x64 CMakeFiles/stm32driver.elf.dir/Core/Src/usart.c.obj
                0x20000670                rx3_buffer
 .bss.rec3_end_flag
                0x200006d4        0x1 CMakeFiles/stm32driver.elf.dir/Core/Src/usart.c.obj
                0x200006d4                rec3_end_flag
 *fill*         0x200006d5        0x3 
 .bss.hdma_usart3_rx
                0x200006d8       0x44 CMakeFiles/stm32driver.elf.dir/Core/Src/usart.c.obj
                0x200006d8                hdma_usart3_rx
 .bss.huart3    0x2000071c       0x40 CMakeFiles/stm32driver.elf.dir/Core/Src/usart.c.obj
                0x2000071c                huart3
 .bss.rx3_len   0x2000075c        0x1 CMakeFiles/stm32driver.elf.dir/Core/Src/usart.c.obj
                0x2000075c                rx3_len
 *fill*         0x2000075d        0x3 
 .bss.uwTick    0x20000760        0x4 CMakeFiles/stm32driver.elf.dir/Drivers/STM32F1xx_HAL_Driver/Src/stm32f1xx_hal.c.obj
                0x20000760                uwTick
 .bss.Idle_Stack
                0x20000764      0x200 CMakeFiles/stm32driver.elf.dir/Middlewares/Third_Party/FreeRTOS/Source/CMSIS_RTOS_V2/cmsis_os2.c.obj
 .bss.Idle_TCB  0x20000964       0x5c CMakeFiles/stm32driver.elf.dir/Middlewares/Third_Party/FreeRTOS/Source/CMSIS_RTOS_V2/cmsis_os2.c.obj
 .bss.Timer_Stack
                0x200009c0      0x400 CMakeFiles/stm32driver.elf.dir/Middlewares/Third_Party/FreeRTOS/Source/CMSIS_RTOS_V2/cmsis_os2.c.obj
 .bss.KernelState
                0x20000dc0        0x4 CMakeFiles/stm32driver.elf.dir/Middlewares/Third_Party/FreeRTOS/Source/CMSIS_RTOS_V2/cmsis_os2.c.obj
 .bss.Timer_TCB
                0x20000dc4       0x5c CMakeFiles/stm32driver.elf.dir/Middlewares/Third_Party/FreeRTOS/Source/CMSIS_RTOS_V2/cmsis_os2.c.obj
 .bss.ucMaxSysCallPriority
                0x20000e20        0x1 CMakeFiles/stm32driver.elf.dir/Middlewares/Third_Party/FreeRTOS/Source/portable/GCC/ARM_CM3/port.c.obj
 *fill*         0x20000e21        0x3 
 .bss.ulMaxPRIGROUPValue
                0x20000e24        0x4 CMakeFiles/stm32driver.elf.dir/Middlewares/Third_Party/FreeRTOS/Source/portable/GCC/ARM_CM3/port.c.obj
 .bss.xFreeBytesRemaining
                0x20000e28        0x4 CMakeFiles/stm32driver.elf.dir/Middlewares/Third_Party/FreeRTOS/Source/portable/MemMang/heap_4.c.obj
 .bss.pxEnd     0x20000e2c        0x4 CMakeFiles/stm32driver.elf.dir/Middlewares/Third_Party/FreeRTOS/Source/portable/MemMang/heap_4.c.obj
 .bss.xStart    0x20000e30        0x8 CMakeFiles/stm32driver.elf.dir/Middlewares/Third_Party/FreeRTOS/Source/portable/MemMang/heap_4.c.obj
 .bss.ucHeap    0x20000e38      0xc00 CMakeFiles/stm32driver.elf.dir/Middlewares/Third_Party/FreeRTOS/Source/portable/MemMang/heap_4.c.obj
 .bss.xBlockAllocatedBit
                0x20001a38        0x4 CMakeFiles/stm32driver.elf.dir/Middlewares/Third_Party/FreeRTOS/Source/portable/MemMang/heap_4.c.obj
 .bss.xMinimumEverFreeBytesRemaining
                0x20001a3c        0x4 CMakeFiles/stm32driver.elf.dir/Middlewares/Third_Party/FreeRTOS/Source/portable/MemMang/heap_4.c.obj
 .bss.xQueueRegistry
                0x20001a40       0x40 CMakeFiles/stm32driver.elf.dir/Middlewares/Third_Party/FreeRTOS/Source/queue.c.obj
                0x20001a40                xQueueRegistry
 .bss.pxDelayedTaskList
                0x20001a80        0x4 CMakeFiles/stm32driver.elf.dir/Middlewares/Third_Party/FreeRTOS/Source/tasks.c.obj
 .bss.xSchedulerRunning
                0x20001a84        0x4 CMakeFiles/stm32driver.elf.dir/Middlewares/Third_Party/FreeRTOS/Source/tasks.c.obj
 .bss.xTasksWaitingTermination
                0x20001a88       0x14 CMakeFiles/stm32driver.elf.dir/Middlewares/Third_Party/FreeRTOS/Source/tasks.c.obj
 .bss.pxOverflowDelayedTaskList
                0x20001a9c        0x4 CMakeFiles/stm32driver.elf.dir/Middlewares/Third_Party/FreeRTOS/Source/tasks.c.obj
 .bss.uxPendedTicks
                0x20001aa0        0x4 CMakeFiles/stm32driver.elf.dir/Middlewares/Third_Party/FreeRTOS/Source/tasks.c.obj
 .bss.pxReadyTasksLists
                0x20001aa4      0x460 CMakeFiles/stm32driver.elf.dir/Middlewares/Third_Party/FreeRTOS/Source/tasks.c.obj
 .bss.uxSchedulerSuspended
                0x20001f04        0x4 CMakeFiles/stm32driver.elf.dir/Middlewares/Third_Party/FreeRTOS/Source/tasks.c.obj
 .bss.uxDeletedTasksWaitingCleanUp
                0x20001f08        0x4 CMakeFiles/stm32driver.elf.dir/Middlewares/Third_Party/FreeRTOS/Source/tasks.c.obj
 .bss.uxCurrentNumberOfTasks
                0x20001f0c        0x4 CMakeFiles/stm32driver.elf.dir/Middlewares/Third_Party/FreeRTOS/Source/tasks.c.obj
 .bss.pxCurrentTCB
                0x20001f10        0x4 CMakeFiles/stm32driver.elf.dir/Middlewares/Third_Party/FreeRTOS/Source/tasks.c.obj
                0x20001f10                pxCurrentTCB
 .bss.xPendingReadyList
                0x20001f14       0x14 CMakeFiles/stm32driver.elf.dir/Middlewares/Third_Party/FreeRTOS/Source/tasks.c.obj
 .bss.xNumOfOverflows
                0x20001f28        0x4 CMakeFiles/stm32driver.elf.dir/Middlewares/Third_Party/FreeRTOS/Source/tasks.c.obj
 .bss.xTickCount
                0x20001f2c        0x4 CMakeFiles/stm32driver.elf.dir/Middlewares/Third_Party/FreeRTOS/Source/tasks.c.obj
 .bss.xNextTaskUnblockTime
                0x20001f30        0x4 CMakeFiles/stm32driver.elf.dir/Middlewares/Third_Party/FreeRTOS/Source/tasks.c.obj
 .bss.uxTaskNumber
                0x20001f34        0x4 CMakeFiles/stm32driver.elf.dir/Middlewares/Third_Party/FreeRTOS/Source/tasks.c.obj
 .bss.xDelayedTaskList1
                0x20001f38       0x14 CMakeFiles/stm32driver.elf.dir/Middlewares/Third_Party/FreeRTOS/Source/tasks.c.obj
 .bss.xDelayedTaskList2
                0x20001f4c       0x14 CMakeFiles/stm32driver.elf.dir/Middlewares/Third_Party/FreeRTOS/Source/tasks.c.obj
 .bss.xSuspendedTaskList
                0x20001f60       0x14 CMakeFiles/stm32driver.elf.dir/Middlewares/Third_Party/FreeRTOS/Source/tasks.c.obj
 .bss.uxTopReadyPriority
                0x20001f74        0x4 CMakeFiles/stm32driver.elf.dir/Middlewares/Third_Party/FreeRTOS/Source/tasks.c.obj
 .bss.xYieldPending
                0x20001f78        0x4 CMakeFiles/stm32driver.elf.dir/Middlewares/Third_Party/FreeRTOS/Source/tasks.c.obj
 .bss.pxCurrentTimerList
                0x20001f7c        0x4 CMakeFiles/stm32driver.elf.dir/Middlewares/Third_Party/FreeRTOS/Source/timers.c.obj
 .bss.xActiveTimerList1
                0x20001f80       0x14 CMakeFiles/stm32driver.elf.dir/Middlewares/Third_Party/FreeRTOS/Source/timers.c.obj
 .bss.xActiveTimerList2
                0x20001f94       0x14 CMakeFiles/stm32driver.elf.dir/Middlewares/Third_Party/FreeRTOS/Source/timers.c.obj
 .bss.xLastTime.5504
                0x20001fa8        0x4 CMakeFiles/stm32driver.elf.dir/Middlewares/Third_Party/FreeRTOS/Source/timers.c.obj
 .bss.ucStaticTimerQueueStorage.5555
                0x20001fac       0xa0 CMakeFiles/stm32driver.elf.dir/Middlewares/Third_Party/FreeRTOS/Source/timers.c.obj
 .bss.xStaticTimerQueue.5554
                0x2000204c       0x50 CMakeFiles/stm32driver.elf.dir/Middlewares/Third_Party/FreeRTOS/Source/timers.c.obj
 .bss.xTimerQueue
                0x2000209c        0x4 CMakeFiles/stm32driver.elf.dir/Middlewares/Third_Party/FreeRTOS/Source/timers.c.obj
 .bss.pxOverflowTimerList
                0x200020a0        0x4 CMakeFiles/stm32driver.elf.dir/Middlewares/Third_Party/FreeRTOS/Source/timers.c.obj
 .bss.xTimerTaskHandle
                0x200020a4        0x4 CMakeFiles/stm32driver.elf.dir/Middlewares/Third_Party/FreeRTOS/Source/timers.c.obj
 *(COMMON)
                0x200020a8                . = ALIGN (0x4)
                0x200020a8                _ebss = .
                0x200020a8                __bss_end__ = _ebss

._user_heap_stack
                0x200020a8      0x600 load address 0x08006614
                0x200020a8                . = ALIGN (0x8)
                0x200020a8                PROVIDE (end, .)
                [!provide]                PROVIDE (_end, .)
                0x200022a8                . = (. + _Min_Heap_Size)
 *fill*         0x200020a8      0x200 
                0x200026a8                . = (. + _Min_Stack_Size)
 *fill*         0x200022a8      0x400 
                0x200026a8                . = ALIGN (0x8)

/DISCARD/
 libc.a(*)
 libm.a(*)
 libgcc.a(*)

.ARM.attributes
                0x00000000       0x29
 *(.ARM.attributes)
 .ARM.attributes
                0x00000000       0x1d c:/progra~2/gnutoo~1/50a5a~1.420/bin/../lib/gcc/arm-none-eabi/5.4.1/armv7-m/crti.o
 .ARM.attributes
                0x0000001d       0x2d c:/progra~2/gnutoo~1/50a5a~1.420/bin/../lib/gcc/arm-none-eabi/5.4.1/armv7-m/crtbegin.o
 .ARM.attributes
                0x0000004a       0x33 CMakeFiles/stm32driver.elf.dir/Core/Src/User/motor.c.obj
 .ARM.attributes
                0x0000007d       0x33 CMakeFiles/stm32driver.elf.dir/Core/Src/User/oled.c.obj
 .ARM.attributes
                0x000000b0       0x33 CMakeFiles/stm32driver.elf.dir/Core/Src/dma.c.obj
 .ARM.attributes
                0x000000e3       0x33 CMakeFiles/stm32driver.elf.dir/Core/Src/freertos.c.obj
 .ARM.attributes
                0x00000116       0x33 CMakeFiles/stm32driver.elf.dir/Core/Src/gpio.c.obj
 .ARM.attributes
                0x00000149       0x33 CMakeFiles/stm32driver.elf.dir/Core/Src/i2c.c.obj
 .ARM.attributes
                0x0000017c       0x33 CMakeFiles/stm32driver.elf.dir/Core/Src/main.c.obj
 .ARM.attributes
                0x000001af       0x33 CMakeFiles/stm32driver.elf.dir/Core/Src/stm32f1xx_hal_msp.c.obj
 .ARM.attributes
                0x000001e2       0x33 CMakeFiles/stm32driver.elf.dir/Core/Src/stm32f1xx_hal_timebase_tim.c.obj
 .ARM.attributes
                0x00000215       0x33 CMakeFiles/stm32driver.elf.dir/Core/Src/stm32f1xx_it.c.obj
 .ARM.attributes
                0x00000248       0x33 CMakeFiles/stm32driver.elf.dir/Core/Src/system_stm32f1xx.c.obj
 .ARM.attributes
                0x0000027b       0x33 CMakeFiles/stm32driver.elf.dir/Core/Src/tim.c.obj
 .ARM.attributes
                0x000002ae       0x33 CMakeFiles/stm32driver.elf.dir/Core/Src/usart.c.obj
 .ARM.attributes
                0x000002e1       0x33 CMakeFiles/stm32driver.elf.dir/Drivers/STM32F1xx_HAL_Driver/Src/stm32f1xx_hal.c.obj
 .ARM.attributes
                0x00000314       0x33 CMakeFiles/stm32driver.elf.dir/Drivers/STM32F1xx_HAL_Driver/Src/stm32f1xx_hal_cortex.c.obj
 .ARM.attributes
                0x00000347       0x33 CMakeFiles/stm32driver.elf.dir/Drivers/STM32F1xx_HAL_Driver/Src/stm32f1xx_hal_dma.c.obj
 .ARM.attributes
                0x0000037a       0x33 CMakeFiles/stm32driver.elf.dir/Drivers/STM32F1xx_HAL_Driver/Src/stm32f1xx_hal_gpio.c.obj
 .ARM.attributes
                0x000003ad       0x33 CMakeFiles/stm32driver.elf.dir/Drivers/STM32F1xx_HAL_Driver/Src/stm32f1xx_hal_i2c.c.obj
 .ARM.attributes
                0x000003e0       0x33 CMakeFiles/stm32driver.elf.dir/Drivers/STM32F1xx_HAL_Driver/Src/stm32f1xx_hal_rcc.c.obj
 .ARM.attributes
                0x00000413       0x33 CMakeFiles/stm32driver.elf.dir/Drivers/STM32F1xx_HAL_Driver/Src/stm32f1xx_hal_tim.c.obj
 .ARM.attributes
                0x00000446       0x33 CMakeFiles/stm32driver.elf.dir/Drivers/STM32F1xx_HAL_Driver/Src/stm32f1xx_hal_tim_ex.c.obj
 .ARM.attributes
                0x00000479       0x33 CMakeFiles/stm32driver.elf.dir/Drivers/STM32F1xx_HAL_Driver/Src/stm32f1xx_hal_uart.c.obj
 .ARM.attributes
                0x000004ac       0x33 CMakeFiles/stm32driver.elf.dir/Middlewares/Third_Party/FreeRTOS/Source/CMSIS_RTOS_V2/cmsis_os2.c.obj
 .ARM.attributes
                0x000004df       0x33 CMakeFiles/stm32driver.elf.dir/Middlewares/Third_Party/FreeRTOS/Source/list.c.obj
 .ARM.attributes
                0x00000512       0x33 CMakeFiles/stm32driver.elf.dir/Middlewares/Third_Party/FreeRTOS/Source/portable/GCC/ARM_CM3/port.c.obj
 .ARM.attributes
                0x00000545       0x33 CMakeFiles/stm32driver.elf.dir/Middlewares/Third_Party/FreeRTOS/Source/portable/MemMang/heap_4.c.obj
 .ARM.attributes
                0x00000578       0x33 CMakeFiles/stm32driver.elf.dir/Middlewares/Third_Party/FreeRTOS/Source/queue.c.obj
 .ARM.attributes
                0x000005ab       0x33 CMakeFiles/stm32driver.elf.dir/Middlewares/Third_Party/FreeRTOS/Source/tasks.c.obj
 .ARM.attributes
                0x000005de       0x33 CMakeFiles/stm32driver.elf.dir/Middlewares/Third_Party/FreeRTOS/Source/timers.c.obj
 .ARM.attributes
                0x00000611       0x21 CMakeFiles/stm32driver.elf.dir/startup/startup_stm32f103xe.s.obj
 .ARM.attributes
                0x00000632       0x1d c:/progra~2/gnutoo~1/50a5a~1.420/bin/../lib/gcc/arm-none-eabi/5.4.1/armv7-m\libgcc.a(_arm_addsubsf3.o)
 .ARM.attributes
                0x0000064f       0x1d c:/progra~2/gnutoo~1/50a5a~1.420/bin/../lib/gcc/arm-none-eabi/5.4.1/armv7-m\libgcc.a(_arm_muldivsf3.o)
 .ARM.attributes
                0x0000066c       0x1d c:/progra~2/gnutoo~1/50a5a~1.420/bin/../lib/gcc/arm-none-eabi/5.4.1/armv7-m\libgcc.a(_arm_fixsfsi.o)
 .ARM.attributes
                0x00000689       0x2d c:/progra~2/gnutoo~1/50a5a~1.420/bin/../lib/gcc/arm-none-eabi/5.4.1/../../../../arm-none-eabi/lib/armv7-m\libg.a(lib_a-impure.o)
 .ARM.attributes
                0x000006b6       0x2d c:/progra~2/gnutoo~1/50a5a~1.420/bin/../lib/gcc/arm-none-eabi/5.4.1/../../../../arm-none-eabi/lib/armv7-m\libg.a(lib_a-init.o)
 .ARM.attributes
                0x000006e3       0x1b c:/progra~2/gnutoo~1/50a5a~1.420/bin/../lib/gcc/arm-none-eabi/5.4.1/../../../../arm-none-eabi/lib/armv7-m\libg.a(lib_a-memcpy.o)
 .ARM.attributes
                0x000006fe       0x2d c:/progra~2/gnutoo~1/50a5a~1.420/bin/../lib/gcc/arm-none-eabi/5.4.1/../../../../arm-none-eabi/lib/armv7-m\libg.a(lib_a-memset.o)
 .ARM.attributes
                0x0000072b       0x2d c:/progra~2/gnutoo~1/50a5a~1.420/bin/../lib/gcc/arm-none-eabi/5.4.1/../../../../arm-none-eabi/lib/armv7-m\libg.a(lib_a-__call_atexit.o)
 .ARM.attributes
                0x00000758       0x2d c:/progra~2/gnutoo~1/50a5a~1.420/bin/../lib/gcc/arm-none-eabi/5.4.1/../../../../arm-none-eabi/lib/armv7-m\libg.a(lib_a-atexit.o)
 .ARM.attributes
                0x00000785       0x2d c:/progra~2/gnutoo~1/50a5a~1.420/bin/../lib/gcc/arm-none-eabi/5.4.1/../../../../arm-none-eabi/lib/armv7-m\libg.a(lib_a-fini.o)
 .ARM.attributes
                0x000007b2       0x2d c:/progra~2/gnutoo~1/50a5a~1.420/bin/../lib/gcc/arm-none-eabi/5.4.1/../../../../arm-none-eabi/lib/armv7-m\libg.a(lib_a-__atexit.o)
 .ARM.attributes
                0x000007df       0x1d c:/progra~2/gnutoo~1/50a5a~1.420/bin/../lib/gcc/arm-none-eabi/5.4.1/armv7-m/crtn.o
OUTPUT(stm32driver.elf elf32-littlearm)

.debug_info     0x00000000    0x1eaca
 .debug_info    0x00000000      0x90e CMakeFiles/stm32driver.elf.dir/Core/Src/User/motor.c.obj
 .debug_info    0x0000090e      0xde7 CMakeFiles/stm32driver.elf.dir/Core/Src/User/oled.c.obj
 .debug_info    0x000016f5      0x3a0 CMakeFiles/stm32driver.elf.dir/Core/Src/dma.c.obj
 .debug_info    0x00001a95      0xd95 CMakeFiles/stm32driver.elf.dir/Core/Src/freertos.c.obj
 .debug_info    0x0000282a      0x34d CMakeFiles/stm32driver.elf.dir/Core/Src/gpio.c.obj
 .debug_info    0x00002b77      0x8c3 CMakeFiles/stm32driver.elf.dir/Core/Src/i2c.c.obj
 .debug_info    0x0000343a      0xd97 CMakeFiles/stm32driver.elf.dir/Core/Src/main.c.obj
 .debug_info    0x000041d1      0x220 CMakeFiles/stm32driver.elf.dir/Core/Src/stm32f1xx_hal_msp.c.obj
 .debug_info    0x000043f1      0x96c CMakeFiles/stm32driver.elf.dir/Core/Src/stm32f1xx_hal_timebase_tim.c.obj
 .debug_info    0x00004d5d      0x8a3 CMakeFiles/stm32driver.elf.dir/Core/Src/stm32f1xx_it.c.obj
 .debug_info    0x00005600      0x3d8 CMakeFiles/stm32driver.elf.dir/Core/Src/system_stm32f1xx.c.obj
 .debug_info    0x000059d8      0xc74 CMakeFiles/stm32driver.elf.dir/Core/Src/tim.c.obj
 .debug_info    0x0000664c     0x13f1 CMakeFiles/stm32driver.elf.dir/Core/Src/usart.c.obj
 .debug_info    0x00007a3d      0x7a2 CMakeFiles/stm32driver.elf.dir/Drivers/STM32F1xx_HAL_Driver/Src/stm32f1xx_hal.c.obj
 .debug_info    0x000081df      0xc95 CMakeFiles/stm32driver.elf.dir/Drivers/STM32F1xx_HAL_Driver/Src/stm32f1xx_hal_cortex.c.obj
 .debug_info    0x00008e74      0x7b3 CMakeFiles/stm32driver.elf.dir/Drivers/STM32F1xx_HAL_Driver/Src/stm32f1xx_hal_dma.c.obj
 .debug_info    0x00009627      0x5de CMakeFiles/stm32driver.elf.dir/Drivers/STM32F1xx_HAL_Driver/Src/stm32f1xx_hal_gpio.c.obj
 .debug_info    0x00009c05     0x32fc CMakeFiles/stm32driver.elf.dir/Drivers/STM32F1xx_HAL_Driver/Src/stm32f1xx_hal_i2c.c.obj
 .debug_info    0x0000cf01      0x9a9 CMakeFiles/stm32driver.elf.dir/Drivers/STM32F1xx_HAL_Driver/Src/stm32f1xx_hal_rcc.c.obj
 .debug_info    0x0000d8aa     0x30dd CMakeFiles/stm32driver.elf.dir/Drivers/STM32F1xx_HAL_Driver/Src/stm32f1xx_hal_tim.c.obj
 .debug_info    0x00010987     0x13da CMakeFiles/stm32driver.elf.dir/Drivers/STM32F1xx_HAL_Driver/Src/stm32f1xx_hal_tim_ex.c.obj
 .debug_info    0x00011d61     0x1602 CMakeFiles/stm32driver.elf.dir/Drivers/STM32F1xx_HAL_Driver/Src/stm32f1xx_hal_uart.c.obj
 .debug_info    0x00013363     0x42dc CMakeFiles/stm32driver.elf.dir/Middlewares/Third_Party/FreeRTOS/Source/CMSIS_RTOS_V2/cmsis_os2.c.obj
 .debug_info    0x0001763f      0x2a2 CMakeFiles/stm32driver.elf.dir/Middlewares/Third_Party/FreeRTOS/Source/list.c.obj
 .debug_info    0x000178e1      0x505 CMakeFiles/stm32driver.elf.dir/Middlewares/Third_Party/FreeRTOS/Source/portable/GCC/ARM_CM3/port.c.obj
 .debug_info    0x00017de6      0x441 CMakeFiles/stm32driver.elf.dir/Middlewares/Third_Party/FreeRTOS/Source/portable/MemMang/heap_4.c.obj
 .debug_info    0x00018227     0x2449 CMakeFiles/stm32driver.elf.dir/Middlewares/Third_Party/FreeRTOS/Source/queue.c.obj
 .debug_info    0x0001a670     0x2c35 CMakeFiles/stm32driver.elf.dir/Middlewares/Third_Party/FreeRTOS/Source/tasks.c.obj
 .debug_info    0x0001d2a5     0x1767 CMakeFiles/stm32driver.elf.dir/Middlewares/Third_Party/FreeRTOS/Source/timers.c.obj
 .debug_info    0x0001ea0c       0xbe CMakeFiles/stm32driver.elf.dir/startup/startup_stm32f103xe.s.obj

.debug_abbrev   0x00000000     0x3b6a
 .debug_abbrev  0x00000000      0x1c1 CMakeFiles/stm32driver.elf.dir/Core/Src/User/motor.c.obj
 .debug_abbrev  0x000001c1      0x221 CMakeFiles/stm32driver.elf.dir/Core/Src/User/oled.c.obj
 .debug_abbrev  0x000003e2      0x10f CMakeFiles/stm32driver.elf.dir/Core/Src/dma.c.obj
 .debug_abbrev  0x000004f1      0x26f CMakeFiles/stm32driver.elf.dir/Core/Src/freertos.c.obj
 .debug_abbrev  0x00000760      0x131 CMakeFiles/stm32driver.elf.dir/Core/Src/gpio.c.obj
 .debug_abbrev  0x00000891      0x1bd CMakeFiles/stm32driver.elf.dir/Core/Src/i2c.c.obj
 .debug_abbrev  0x00000a4e      0x201 CMakeFiles/stm32driver.elf.dir/Core/Src/main.c.obj
 .debug_abbrev  0x00000c4f       0xd4 CMakeFiles/stm32driver.elf.dir/Core/Src/stm32f1xx_hal_msp.c.obj
 .debug_abbrev  0x00000d23      0x1cf CMakeFiles/stm32driver.elf.dir/Core/Src/stm32f1xx_hal_timebase_tim.c.obj
 .debug_abbrev  0x00000ef2      0x196 CMakeFiles/stm32driver.elf.dir/Core/Src/stm32f1xx_it.c.obj
 .debug_abbrev  0x00001088      0x120 CMakeFiles/stm32driver.elf.dir/Core/Src/system_stm32f1xx.c.obj
 .debug_abbrev  0x000011a8      0x20b CMakeFiles/stm32driver.elf.dir/Core/Src/tim.c.obj
 .debug_abbrev  0x000013b3      0x2ac CMakeFiles/stm32driver.elf.dir/Core/Src/usart.c.obj
 .debug_abbrev  0x0000165f      0x1d8 CMakeFiles/stm32driver.elf.dir/Drivers/STM32F1xx_HAL_Driver/Src/stm32f1xx_hal.c.obj
 .debug_abbrev  0x00001837      0x2d4 CMakeFiles/stm32driver.elf.dir/Drivers/STM32F1xx_HAL_Driver/Src/stm32f1xx_hal_cortex.c.obj
 .debug_abbrev  0x00001b0b      0x1fc CMakeFiles/stm32driver.elf.dir/Drivers/STM32F1xx_HAL_Driver/Src/stm32f1xx_hal_dma.c.obj
 .debug_abbrev  0x00001d07      0x1bf CMakeFiles/stm32driver.elf.dir/Drivers/STM32F1xx_HAL_Driver/Src/stm32f1xx_hal_gpio.c.obj
 .debug_abbrev  0x00001ec6      0x25b CMakeFiles/stm32driver.elf.dir/Drivers/STM32F1xx_HAL_Driver/Src/stm32f1xx_hal_i2c.c.obj
 .debug_abbrev  0x00002121      0x250 CMakeFiles/stm32driver.elf.dir/Drivers/STM32F1xx_HAL_Driver/Src/stm32f1xx_hal_rcc.c.obj
 .debug_abbrev  0x00002371      0x216 CMakeFiles/stm32driver.elf.dir/Drivers/STM32F1xx_HAL_Driver/Src/stm32f1xx_hal_tim.c.obj
 .debug_abbrev  0x00002587      0x216 CMakeFiles/stm32driver.elf.dir/Drivers/STM32F1xx_HAL_Driver/Src/stm32f1xx_hal_tim_ex.c.obj
 .debug_abbrev  0x0000279d      0x22e CMakeFiles/stm32driver.elf.dir/Drivers/STM32F1xx_HAL_Driver/Src/stm32f1xx_hal_uart.c.obj
 .debug_abbrev  0x000029cb      0x38d CMakeFiles/stm32driver.elf.dir/Middlewares/Third_Party/FreeRTOS/Source/CMSIS_RTOS_V2/cmsis_os2.c.obj
 .debug_abbrev  0x00002d58       0xe1 CMakeFiles/stm32driver.elf.dir/Middlewares/Third_Party/FreeRTOS/Source/list.c.obj
 .debug_abbrev  0x00002e39      0x238 CMakeFiles/stm32driver.elf.dir/Middlewares/Third_Party/FreeRTOS/Source/portable/GCC/ARM_CM3/port.c.obj
 .debug_abbrev  0x00003071      0x1f9 CMakeFiles/stm32driver.elf.dir/Middlewares/Third_Party/FreeRTOS/Source/portable/MemMang/heap_4.c.obj
 .debug_abbrev  0x0000326a      0x320 CMakeFiles/stm32driver.elf.dir/Middlewares/Third_Party/FreeRTOS/Source/queue.c.obj
 .debug_abbrev  0x0000358a      0x2e6 CMakeFiles/stm32driver.elf.dir/Middlewares/Third_Party/FreeRTOS/Source/tasks.c.obj
 .debug_abbrev  0x00003870      0x2e8 CMakeFiles/stm32driver.elf.dir/Middlewares/Third_Party/FreeRTOS/Source/timers.c.obj
 .debug_abbrev  0x00003b58       0x12 CMakeFiles/stm32driver.elf.dir/startup/startup_stm32f103xe.s.obj

.debug_loc      0x00000000    0x132a9
 .debug_loc     0x00000000      0x137 CMakeFiles/stm32driver.elf.dir/Core/Src/User/motor.c.obj
 .debug_loc     0x00000137      0x6dc CMakeFiles/stm32driver.elf.dir/Core/Src/User/oled.c.obj
 .debug_loc     0x00000813      0x190 CMakeFiles/stm32driver.elf.dir/Core/Src/freertos.c.obj
 .debug_loc     0x000009a3       0x7d CMakeFiles/stm32driver.elf.dir/Core/Src/i2c.c.obj
 .debug_loc     0x00000a20       0x21 CMakeFiles/stm32driver.elf.dir/Core/Src/main.c.obj
 .debug_loc     0x00000a41       0x79 CMakeFiles/stm32driver.elf.dir/Core/Src/stm32f1xx_hal_timebase_tim.c.obj
 .debug_loc     0x00000aba       0xdf CMakeFiles/stm32driver.elf.dir/Core/Src/system_stm32f1xx.c.obj
 .debug_loc     0x00000b99       0x95 CMakeFiles/stm32driver.elf.dir/Core/Src/tim.c.obj
 .debug_loc     0x00000c2e       0xf1 CMakeFiles/stm32driver.elf.dir/Core/Src/usart.c.obj
 .debug_loc     0x00000d1f       0xf9 CMakeFiles/stm32driver.elf.dir/Drivers/STM32F1xx_HAL_Driver/Src/stm32f1xx_hal.c.obj
 .debug_loc     0x00000e18      0x527 CMakeFiles/stm32driver.elf.dir/Drivers/STM32F1xx_HAL_Driver/Src/stm32f1xx_hal_cortex.c.obj
 .debug_loc     0x0000133f      0x6ae CMakeFiles/stm32driver.elf.dir/Drivers/STM32F1xx_HAL_Driver/Src/stm32f1xx_hal_dma.c.obj
 .debug_loc     0x000019ed      0x2d6 CMakeFiles/stm32driver.elf.dir/Drivers/STM32F1xx_HAL_Driver/Src/stm32f1xx_hal_gpio.c.obj
 .debug_loc     0x00001cc3     0x357d CMakeFiles/stm32driver.elf.dir/Drivers/STM32F1xx_HAL_Driver/Src/stm32f1xx_hal_i2c.c.obj
 .debug_loc     0x00005240      0x542 CMakeFiles/stm32driver.elf.dir/Drivers/STM32F1xx_HAL_Driver/Src/stm32f1xx_hal_rcc.c.obj
 .debug_loc     0x00005782     0x3783 CMakeFiles/stm32driver.elf.dir/Drivers/STM32F1xx_HAL_Driver/Src/stm32f1xx_hal_tim.c.obj
 .debug_loc     0x00008f05      0xfe3 CMakeFiles/stm32driver.elf.dir/Drivers/STM32F1xx_HAL_Driver/Src/stm32f1xx_hal_tim_ex.c.obj
 .debug_loc     0x00009ee8     0x1333 CMakeFiles/stm32driver.elf.dir/Drivers/STM32F1xx_HAL_Driver/Src/stm32f1xx_hal_uart.c.obj
 .debug_loc     0x0000b21b     0x3fde CMakeFiles/stm32driver.elf.dir/Middlewares/Third_Party/FreeRTOS/Source/CMSIS_RTOS_V2/cmsis_os2.c.obj
 .debug_loc     0x0000f1f9       0x65 CMakeFiles/stm32driver.elf.dir/Middlewares/Third_Party/FreeRTOS/Source/list.c.obj
 .debug_loc     0x0000f25e       0xce CMakeFiles/stm32driver.elf.dir/Middlewares/Third_Party/FreeRTOS/Source/portable/GCC/ARM_CM3/port.c.obj
 .debug_loc     0x0000f32c      0x2b7 CMakeFiles/stm32driver.elf.dir/Middlewares/Third_Party/FreeRTOS/Source/portable/MemMang/heap_4.c.obj
 .debug_loc     0x0000f5e3     0x1504 CMakeFiles/stm32driver.elf.dir/Middlewares/Third_Party/FreeRTOS/Source/queue.c.obj
 .debug_loc     0x00010ae7     0x1b9f CMakeFiles/stm32driver.elf.dir/Middlewares/Third_Party/FreeRTOS/Source/tasks.c.obj
 .debug_loc     0x00012686      0xc23 CMakeFiles/stm32driver.elf.dir/Middlewares/Third_Party/FreeRTOS/Source/timers.c.obj

.debug_aranges  0x00000000     0x1738
 .debug_aranges
                0x00000000       0x48 CMakeFiles/stm32driver.elf.dir/Core/Src/User/motor.c.obj
 .debug_aranges
                0x00000048       0x98 CMakeFiles/stm32driver.elf.dir/Core/Src/User/oled.c.obj
 .debug_aranges
                0x000000e0       0x20 CMakeFiles/stm32driver.elf.dir/Core/Src/dma.c.obj
 .debug_aranges
                0x00000100       0x68 CMakeFiles/stm32driver.elf.dir/Core/Src/freertos.c.obj
 .debug_aranges
                0x00000168       0x20 CMakeFiles/stm32driver.elf.dir/Core/Src/gpio.c.obj
 .debug_aranges
                0x00000188       0x30 CMakeFiles/stm32driver.elf.dir/Core/Src/i2c.c.obj
 .debug_aranges
                0x000001b8       0x40 CMakeFiles/stm32driver.elf.dir/Core/Src/main.c.obj
 .debug_aranges
                0x000001f8       0x20 CMakeFiles/stm32driver.elf.dir/Core/Src/stm32f1xx_hal_msp.c.obj
 .debug_aranges
                0x00000218       0x30 CMakeFiles/stm32driver.elf.dir/Core/Src/stm32f1xx_hal_timebase_tim.c.obj
 .debug_aranges
                0x00000248       0x68 CMakeFiles/stm32driver.elf.dir/Core/Src/stm32f1xx_it.c.obj
 .debug_aranges
                0x000002b0       0x28 CMakeFiles/stm32driver.elf.dir/Core/Src/system_stm32f1xx.c.obj
 .debug_aranges
                0x000002d8       0x58 CMakeFiles/stm32driver.elf.dir/Core/Src/tim.c.obj
 .debug_aranges
                0x00000330       0x50 CMakeFiles/stm32driver.elf.dir/Core/Src/usart.c.obj
 .debug_aranges
                0x00000380       0xe0 CMakeFiles/stm32driver.elf.dir/Drivers/STM32F1xx_HAL_Driver/Src/stm32f1xx_hal.c.obj
 .debug_aranges
                0x00000460       0x90 CMakeFiles/stm32driver.elf.dir/Drivers/STM32F1xx_HAL_Driver/Src/stm32f1xx_hal_cortex.c.obj
 .debug_aranges
                0x000004f0       0x80 CMakeFiles/stm32driver.elf.dir/Drivers/STM32F1xx_HAL_Driver/Src/stm32f1xx_hal_dma.c.obj
 .debug_aranges
                0x00000570       0x58 CMakeFiles/stm32driver.elf.dir/Drivers/STM32F1xx_HAL_Driver/Src/stm32f1xx_hal_gpio.c.obj
 .debug_aranges
                0x000005c8      0x290 CMakeFiles/stm32driver.elf.dir/Drivers/STM32F1xx_HAL_Driver/Src/stm32f1xx_hal_i2c.c.obj
 .debug_aranges
                0x00000858       0x90 CMakeFiles/stm32driver.elf.dir/Drivers/STM32F1xx_HAL_Driver/Src/stm32f1xx_hal_rcc.c.obj
 .debug_aranges
                0x000008e8      0x3a8 CMakeFiles/stm32driver.elf.dir/Drivers/STM32F1xx_HAL_Driver/Src/stm32f1xx_hal_tim.c.obj
 .debug_aranges
                0x00000c90      0x150 CMakeFiles/stm32driver.elf.dir/Drivers/STM32F1xx_HAL_Driver/Src/stm32f1xx_hal_tim_ex.c.obj
 .debug_aranges
                0x00000de0      0x1d0 CMakeFiles/stm32driver.elf.dir/Drivers/STM32F1xx_HAL_Driver/Src/stm32f1xx_hal_uart.c.obj
 .debug_aranges
                0x00000fb0      0x228 CMakeFiles/stm32driver.elf.dir/Middlewares/Third_Party/FreeRTOS/Source/CMSIS_RTOS_V2/cmsis_os2.c.obj
 .debug_aranges
                0x000011d8       0x40 CMakeFiles/stm32driver.elf.dir/Middlewares/Third_Party/FreeRTOS/Source/list.c.obj
 .debug_aranges
                0x00001218       0x78 CMakeFiles/stm32driver.elf.dir/Middlewares/Third_Party/FreeRTOS/Source/portable/GCC/ARM_CM3/port.c.obj
 .debug_aranges
                0x00001290       0x50 CMakeFiles/stm32driver.elf.dir/Middlewares/Third_Party/FreeRTOS/Source/portable/MemMang/heap_4.c.obj
 .debug_aranges
                0x000012e0      0x158 CMakeFiles/stm32driver.elf.dir/Middlewares/Third_Party/FreeRTOS/Source/queue.c.obj
 .debug_aranges
                0x00001438      0x1f8 CMakeFiles/stm32driver.elf.dir/Middlewares/Third_Party/FreeRTOS/Source/tasks.c.obj
 .debug_aranges
                0x00001630       0xe0 CMakeFiles/stm32driver.elf.dir/Middlewares/Third_Party/FreeRTOS/Source/timers.c.obj
 .debug_aranges
                0x00001710       0x28 CMakeFiles/stm32driver.elf.dir/startup/startup_stm32f103xe.s.obj

.debug_ranges   0x00000000     0x1630
 .debug_ranges  0x00000000       0x38 CMakeFiles/stm32driver.elf.dir/Core/Src/User/motor.c.obj
 .debug_ranges  0x00000038       0x88 CMakeFiles/stm32driver.elf.dir/Core/Src/User/oled.c.obj
 .debug_ranges  0x000000c0       0x10 CMakeFiles/stm32driver.elf.dir/Core/Src/dma.c.obj
 .debug_ranges  0x000000d0       0x58 CMakeFiles/stm32driver.elf.dir/Core/Src/freertos.c.obj
 .debug_ranges  0x00000128       0x10 CMakeFiles/stm32driver.elf.dir/Core/Src/gpio.c.obj
 .debug_ranges  0x00000138       0x20 CMakeFiles/stm32driver.elf.dir/Core/Src/i2c.c.obj
 .debug_ranges  0x00000158       0x30 CMakeFiles/stm32driver.elf.dir/Core/Src/main.c.obj
 .debug_ranges  0x00000188       0x10 CMakeFiles/stm32driver.elf.dir/Core/Src/stm32f1xx_hal_msp.c.obj
 .debug_ranges  0x00000198       0x20 CMakeFiles/stm32driver.elf.dir/Core/Src/stm32f1xx_hal_timebase_tim.c.obj
 .debug_ranges  0x000001b8       0x58 CMakeFiles/stm32driver.elf.dir/Core/Src/stm32f1xx_it.c.obj
 .debug_ranges  0x00000210       0x18 CMakeFiles/stm32driver.elf.dir/Core/Src/system_stm32f1xx.c.obj
 .debug_ranges  0x00000228       0x48 CMakeFiles/stm32driver.elf.dir/Core/Src/tim.c.obj
 .debug_ranges  0x00000270       0x40 CMakeFiles/stm32driver.elf.dir/Core/Src/usart.c.obj
 .debug_ranges  0x000002b0       0xd0 CMakeFiles/stm32driver.elf.dir/Drivers/STM32F1xx_HAL_Driver/Src/stm32f1xx_hal.c.obj
 .debug_ranges  0x00000380       0x80 CMakeFiles/stm32driver.elf.dir/Drivers/STM32F1xx_HAL_Driver/Src/stm32f1xx_hal_cortex.c.obj
 .debug_ranges  0x00000400       0x70 CMakeFiles/stm32driver.elf.dir/Drivers/STM32F1xx_HAL_Driver/Src/stm32f1xx_hal_dma.c.obj
 .debug_ranges  0x00000470       0x48 CMakeFiles/stm32driver.elf.dir/Drivers/STM32F1xx_HAL_Driver/Src/stm32f1xx_hal_gpio.c.obj
 .debug_ranges  0x000004b8      0x280 CMakeFiles/stm32driver.elf.dir/Drivers/STM32F1xx_HAL_Driver/Src/stm32f1xx_hal_i2c.c.obj
 .debug_ranges  0x00000738       0x98 CMakeFiles/stm32driver.elf.dir/Drivers/STM32F1xx_HAL_Driver/Src/stm32f1xx_hal_rcc.c.obj
 .debug_ranges  0x000007d0      0x398 CMakeFiles/stm32driver.elf.dir/Drivers/STM32F1xx_HAL_Driver/Src/stm32f1xx_hal_tim.c.obj
 .debug_ranges  0x00000b68      0x140 CMakeFiles/stm32driver.elf.dir/Drivers/STM32F1xx_HAL_Driver/Src/stm32f1xx_hal_tim_ex.c.obj
 .debug_ranges  0x00000ca8      0x1c0 CMakeFiles/stm32driver.elf.dir/Drivers/STM32F1xx_HAL_Driver/Src/stm32f1xx_hal_uart.c.obj
 .debug_ranges  0x00000e68      0x218 CMakeFiles/stm32driver.elf.dir/Middlewares/Third_Party/FreeRTOS/Source/CMSIS_RTOS_V2/cmsis_os2.c.obj
 .debug_ranges  0x00001080       0x30 CMakeFiles/stm32driver.elf.dir/Middlewares/Third_Party/FreeRTOS/Source/list.c.obj
 .debug_ranges  0x000010b0       0x68 CMakeFiles/stm32driver.elf.dir/Middlewares/Third_Party/FreeRTOS/Source/portable/GCC/ARM_CM3/port.c.obj
 .debug_ranges  0x00001118       0x40 CMakeFiles/stm32driver.elf.dir/Middlewares/Third_Party/FreeRTOS/Source/portable/MemMang/heap_4.c.obj
 .debug_ranges  0x00001158      0x190 CMakeFiles/stm32driver.elf.dir/Middlewares/Third_Party/FreeRTOS/Source/queue.c.obj
 .debug_ranges  0x000012e8      0x240 CMakeFiles/stm32driver.elf.dir/Middlewares/Third_Party/FreeRTOS/Source/tasks.c.obj
 .debug_ranges  0x00001528       0xe8 CMakeFiles/stm32driver.elf.dir/Middlewares/Third_Party/FreeRTOS/Source/timers.c.obj
 .debug_ranges  0x00001610       0x20 CMakeFiles/stm32driver.elf.dir/startup/startup_stm32f103xe.s.obj

.debug_line     0x00000000     0xc4f3
 .debug_line    0x00000000      0x38b CMakeFiles/stm32driver.elf.dir/Core/Src/User/motor.c.obj
 .debug_line    0x0000038b      0x4fc CMakeFiles/stm32driver.elf.dir/Core/Src/User/oled.c.obj
 .debug_line    0x00000887      0x24d CMakeFiles/stm32driver.elf.dir/Core/Src/dma.c.obj
 .debug_line    0x00000ad4      0x4cc CMakeFiles/stm32driver.elf.dir/Core/Src/freertos.c.obj
 .debug_line    0x00000fa0      0x258 CMakeFiles/stm32driver.elf.dir/Core/Src/gpio.c.obj
 .debug_line    0x000011f8      0x30b CMakeFiles/stm32driver.elf.dir/Core/Src/i2c.c.obj